[0.071s] DEBUG:colcon:Command line arguments: ['/usr/bin/colcon', 'build']
[0.071s] DEBUG:colcon:Parsed command line arguments: Namespace(log_base=None, log_level=None, verb_name='build', build_base='build', install_base='install', merge_install=False, symlink_install=False, test_result_base=None, continue_on_error=False, executor='parallel', parallel_workers=16, event_handlers=None, ignore_user_meta=False, metas=['./colcon.meta'], base_paths=['.'], packages_ignore=None, packages_ignore_regex=None, paths=None, packages_up_to=None, packages_up_to_regex=None, packages_above=None, packages_above_and_dependencies=None, packages_above_depth=None, packages_select_by_dep=None, packages_skip_by_dep=None, packages_skip_up_to=None, packages_select_build_failed=False, packages_skip_build_finished=False, packages_select_test_failures=False, packages_skip_test_passed=False, packages_select=None, packages_skip=None, packages_select_regex=None, packages_skip_regex=None, packages_start=None, packages_end=None, allow_overriding=[], cmake_args=None, cmake_target=None, cmake_target_skip_unavailable=False, cmake_clean_cache=False, cmake_clean_first=False, cmake_force_configure=False, ament_cmake_args=None, catkin_cmake_args=None, catkin_skip_building_tests=False, mixin_files=None, mixin=None, verb_parser=<colcon_mixin.mixin.mixin_argument.MixinArgumentDecorator object at 0x7b6dc3798580>, verb_extension=<colcon_core.verb.build.BuildVerb object at 0x7b6dc376b6a0>, main=<bound method BuildVerb.main of <colcon_core.verb.build.BuildVerb object at 0x7b6dc376b6a0>>, mixin_verb=('build',))
[0.175s] Level 1:colcon.colcon_core.package_discovery:discover_packages(colcon_meta) check parameters
[0.175s] Level 1:colcon.colcon_core.package_discovery:discover_packages(recursive) check parameters
[0.175s] Level 1:colcon.colcon_core.package_discovery:discover_packages(ignore) check parameters
[0.175s] Level 1:colcon.colcon_core.package_discovery:discover_packages(path) check parameters
[0.175s] Level 1:colcon.colcon_core.package_discovery:discover_packages(colcon_meta) discover
[0.175s] Level 1:colcon.colcon_core.package_discovery:discover_packages(recursive) discover
[0.175s] INFO:colcon.colcon_core.package_discovery:Crawling recursively for packages in '/home/matsunaga-h/pickup_ws'
[0.175s] Level 1:colcon.colcon_core.package_identification:_identify(.) by extensions ['ignore', 'ignore_ament_install']
[0.176s] Level 1:colcon.colcon_core.package_identification:_identify(.) by extension 'ignore'
[0.176s] Level 1:colcon.colcon_core.package_identification:_identify(.) by extension 'ignore_ament_install'
[0.176s] Level 1:colcon.colcon_core.package_identification:_identify(.) by extensions ['colcon_pkg']
[0.176s] Level 1:colcon.colcon_core.package_identification:_identify(.) by extension 'colcon_pkg'
[0.176s] Level 1:colcon.colcon_core.package_identification:_identify(.) by extensions ['colcon_meta']
[0.176s] Level 1:colcon.colcon_core.package_identification:_identify(.) by extension 'colcon_meta'
[0.176s] Level 1:colcon.colcon_core.package_identification:_identify(.) by extensions ['ros']
[0.176s] Level 1:colcon.colcon_core.package_identification:_identify(.) by extension 'ros'
[0.183s] Level 1:colcon.colcon_core.package_identification:_identify(.) by extensions ['cmake', 'python']
[0.183s] Level 1:colcon.colcon_core.package_identification:_identify(.) by extension 'cmake'
[0.183s] Level 1:colcon.colcon_core.package_identification:_identify(.) by extension 'python'
[0.183s] Level 1:colcon.colcon_core.package_identification:_identify(.) by extensions ['python_setup_py']
[0.183s] Level 1:colcon.colcon_core.package_identification:_identify(.) by extension 'python_setup_py'
[0.183s] Level 1:colcon.colcon_core.package_identification:_identify(build) by extensions ['ignore', 'ignore_ament_install']
[0.183s] Level 1:colcon.colcon_core.package_identification:_identify(build) by extension 'ignore'
[0.183s] Level 1:colcon.colcon_core.package_identification:_identify(build) ignored
[0.184s] Level 1:colcon.colcon_core.package_identification:_identify(install) by extensions ['ignore', 'ignore_ament_install']
[0.184s] Level 1:colcon.colcon_core.package_identification:_identify(install) by extension 'ignore'
[0.184s] Level 1:colcon.colcon_core.package_identification:_identify(install) ignored
[0.184s] Level 1:colcon.colcon_core.package_identification:_identify(log) by extensions ['ignore', 'ignore_ament_install']
[0.184s] Level 1:colcon.colcon_core.package_identification:_identify(log) by extension 'ignore'
[0.184s] Level 1:colcon.colcon_core.package_identification:_identify(log) ignored
[0.184s] Level 1:colcon.colcon_core.package_identification:_identify(src) by extensions ['ignore', 'ignore_ament_install']
[0.184s] Level 1:colcon.colcon_core.package_identification:_identify(src) by extension 'ignore'
[0.184s] Level 1:colcon.colcon_core.package_identification:_identify(src) by extension 'ignore_ament_install'
[0.184s] Level 1:colcon.colcon_core.package_identification:_identify(src) by extensions ['colcon_pkg']
[0.184s] Level 1:colcon.colcon_core.package_identification:_identify(src) by extension 'colcon_pkg'
[0.184s] Level 1:colcon.colcon_core.package_identification:_identify(src) by extensions ['colcon_meta']
[0.184s] Level 1:colcon.colcon_core.package_identification:_identify(src) by extension 'colcon_meta'
[0.184s] Level 1:colcon.colcon_core.package_identification:_identify(src) by extensions ['ros']
[0.184s] Level 1:colcon.colcon_core.package_identification:_identify(src) by extension 'ros'
[0.184s] Level 1:colcon.colcon_core.package_identification:_identify(src) by extensions ['cmake', 'python']
[0.184s] Level 1:colcon.colcon_core.package_identification:_identify(src) by extension 'cmake'
[0.184s] Level 1:colcon.colcon_core.package_identification:_identify(src) by extension 'python'
[0.184s] Level 1:colcon.colcon_core.package_identification:_identify(src) by extensions ['python_setup_py']
[0.184s] Level 1:colcon.colcon_core.package_identification:_identify(src) by extension 'python_setup_py'
[0.184s] Level 1:colcon.colcon_core.package_identification:_identify(src/air_pkg) by extensions ['ignore', 'ignore_ament_install']
[0.184s] Level 1:colcon.colcon_core.package_identification:_identify(src/air_pkg) by extension 'ignore'
[0.184s] Level 1:colcon.colcon_core.package_identification:_identify(src/air_pkg) by extension 'ignore_ament_install'
[0.184s] Level 1:colcon.colcon_core.package_identification:_identify(src/air_pkg) by extensions ['colcon_pkg']
[0.184s] Level 1:colcon.colcon_core.package_identification:_identify(src/air_pkg) by extension 'colcon_pkg'
[0.184s] Level 1:colcon.colcon_core.package_identification:_identify(src/air_pkg) by extensions ['colcon_meta']
[0.184s] Level 1:colcon.colcon_core.package_identification:_identify(src/air_pkg) by extension 'colcon_meta'
[0.184s] Level 1:colcon.colcon_core.package_identification:_identify(src/air_pkg) by extensions ['ros']
[0.184s] Level 1:colcon.colcon_core.package_identification:_identify(src/air_pkg) by extension 'ros'
[0.192s] DEBUG:colcon.colcon_core.package_identification:Package 'src/air_pkg' with type 'ros.ament_python' and name 'air_pkg'
[0.192s] Level 1:colcon.colcon_core.package_identification:_identify(src/vacuum_switch) by extensions ['ignore', 'ignore_ament_install']
[0.192s] Level 1:colcon.colcon_core.package_identification:_identify(src/vacuum_switch) by extension 'ignore'
[0.192s] Level 1:colcon.colcon_core.package_identification:_identify(src/vacuum_switch) by extension 'ignore_ament_install'
[0.192s] Level 1:colcon.colcon_core.package_identification:_identify(src/vacuum_switch) by extensions ['colcon_pkg']
[0.192s] Level 1:colcon.colcon_core.package_identification:_identify(src/vacuum_switch) by extension 'colcon_pkg'
[0.192s] Level 1:colcon.colcon_core.package_identification:_identify(src/vacuum_switch) by extensions ['colcon_meta']
[0.192s] Level 1:colcon.colcon_core.package_identification:_identify(src/vacuum_switch) by extension 'colcon_meta'
[0.192s] Level 1:colcon.colcon_core.package_identification:_identify(src/vacuum_switch) by extensions ['ros']
[0.192s] Level 1:colcon.colcon_core.package_identification:_identify(src/vacuum_switch) by extension 'ros'
[0.193s] DEBUG:colcon.colcon_core.package_identification:Package 'src/vacuum_switch' with type 'ros.ament_python' and name 'vacuum_switch'
[0.193s] Level 1:colcon.colcon_core.package_identification:_identify(src/yolo_ros) by extensions ['ignore', 'ignore_ament_install']
[0.193s] Level 1:colcon.colcon_core.package_identification:_identify(src/yolo_ros) by extension 'ignore'
[0.193s] Level 1:colcon.colcon_core.package_identification:_identify(src/yolo_ros) by extension 'ignore_ament_install'
[0.193s] Level 1:colcon.colcon_core.package_identification:_identify(src/yolo_ros) by extensions ['colcon_pkg']
[0.193s] Level 1:colcon.colcon_core.package_identification:_identify(src/yolo_ros) by extension 'colcon_pkg'
[0.193s] Level 1:colcon.colcon_core.package_identification:_identify(src/yolo_ros) by extensions ['colcon_meta']
[0.193s] Level 1:colcon.colcon_core.package_identification:_identify(src/yolo_ros) by extension 'colcon_meta'
[0.193s] Level 1:colcon.colcon_core.package_identification:_identify(src/yolo_ros) by extensions ['ros']
[0.193s] Level 1:colcon.colcon_core.package_identification:_identify(src/yolo_ros) by extension 'ros'
[0.193s] Level 1:colcon.colcon_core.package_identification:_identify(src/yolo_ros) by extensions ['cmake', 'python']
[0.193s] Level 1:colcon.colcon_core.package_identification:_identify(src/yolo_ros) by extension 'cmake'
[0.193s] Level 1:colcon.colcon_core.package_identification:_identify(src/yolo_ros) by extension 'python'
[0.193s] Level 1:colcon.colcon_core.package_identification:_identify(src/yolo_ros) by extensions ['python_setup_py']
[0.193s] Level 1:colcon.colcon_core.package_identification:_identify(src/yolo_ros) by extension 'python_setup_py'
[0.193s] Level 1:colcon.colcon_core.package_identification:_identify(src/yolo_ros/docs) by extensions ['ignore', 'ignore_ament_install']
[0.193s] Level 1:colcon.colcon_core.package_identification:_identify(src/yolo_ros/docs) by extension 'ignore'
[0.193s] Level 1:colcon.colcon_core.package_identification:_identify(src/yolo_ros/docs) by extension 'ignore_ament_install'
[0.193s] Level 1:colcon.colcon_core.package_identification:_identify(src/yolo_ros/docs) by extensions ['colcon_pkg']
[0.193s] Level 1:colcon.colcon_core.package_identification:_identify(src/yolo_ros/docs) by extension 'colcon_pkg'
[0.193s] Level 1:colcon.colcon_core.package_identification:_identify(src/yolo_ros/docs) by extensions ['colcon_meta']
[0.193s] Level 1:colcon.colcon_core.package_identification:_identify(src/yolo_ros/docs) by extension 'colcon_meta'
[0.194s] Level 1:colcon.colcon_core.package_identification:_identify(src/yolo_ros/docs) by extensions ['ros']
[0.194s] Level 1:colcon.colcon_core.package_identification:_identify(src/yolo_ros/docs) by extension 'ros'
[0.194s] Level 1:colcon.colcon_core.package_identification:_identify(src/yolo_ros/docs) by extensions ['cmake', 'python']
[0.194s] Level 1:colcon.colcon_core.package_identification:_identify(src/yolo_ros/docs) by extension 'cmake'
[0.194s] Level 1:colcon.colcon_core.package_identification:_identify(src/yolo_ros/docs) by extension 'python'
[0.194s] Level 1:colcon.colcon_core.package_identification:_identify(src/yolo_ros/docs) by extensions ['python_setup_py']
[0.194s] Level 1:colcon.colcon_core.package_identification:_identify(src/yolo_ros/docs) by extension 'python_setup_py'
[0.194s] Level 1:colcon.colcon_core.package_identification:_identify(src/yolo_ros/yolo_bringup) by extensions ['ignore', 'ignore_ament_install']
[0.194s] Level 1:colcon.colcon_core.package_identification:_identify(src/yolo_ros/yolo_bringup) by extension 'ignore'
[0.194s] Level 1:colcon.colcon_core.package_identification:_identify(src/yolo_ros/yolo_bringup) by extension 'ignore_ament_install'
[0.194s] Level 1:colcon.colcon_core.package_identification:_identify(src/yolo_ros/yolo_bringup) by extensions ['colcon_pkg']
[0.194s] Level 1:colcon.colcon_core.package_identification:_identify(src/yolo_ros/yolo_bringup) by extension 'colcon_pkg'
[0.194s] Level 1:colcon.colcon_core.package_identification:_identify(src/yolo_ros/yolo_bringup) by extensions ['colcon_meta']
[0.194s] Level 1:colcon.colcon_core.package_identification:_identify(src/yolo_ros/yolo_bringup) by extension 'colcon_meta'
[0.194s] Level 1:colcon.colcon_core.package_identification:_identify(src/yolo_ros/yolo_bringup) by extensions ['ros']
[0.194s] Level 1:colcon.colcon_core.package_identification:_identify(src/yolo_ros/yolo_bringup) by extension 'ros'
[0.194s] DEBUG:colcon.colcon_core.package_identification:Package 'src/yolo_ros/yolo_bringup' with type 'ros.ament_cmake' and name 'yolo_bringup'
[0.194s] Level 1:colcon.colcon_core.package_identification:_identify(src/yolo_ros/yolo_msgs) by extensions ['ignore', 'ignore_ament_install']
[0.194s] Level 1:colcon.colcon_core.package_identification:_identify(src/yolo_ros/yolo_msgs) by extension 'ignore'
[0.194s] Level 1:colcon.colcon_core.package_identification:_identify(src/yolo_ros/yolo_msgs) by extension 'ignore_ament_install'
[0.195s] Level 1:colcon.colcon_core.package_identification:_identify(src/yolo_ros/yolo_msgs) by extensions ['colcon_pkg']
[0.195s] Level 1:colcon.colcon_core.package_identification:_identify(src/yolo_ros/yolo_msgs) by extension 'colcon_pkg'
[0.195s] Level 1:colcon.colcon_core.package_identification:_identify(src/yolo_ros/yolo_msgs) by extensions ['colcon_meta']
[0.195s] Level 1:colcon.colcon_core.package_identification:_identify(src/yolo_ros/yolo_msgs) by extension 'colcon_meta'
[0.195s] Level 1:colcon.colcon_core.package_identification:_identify(src/yolo_ros/yolo_msgs) by extensions ['ros']
[0.195s] Level 1:colcon.colcon_core.package_identification:_identify(src/yolo_ros/yolo_msgs) by extension 'ros'
[0.195s] DEBUG:colcon.colcon_core.package_identification:Package 'src/yolo_ros/yolo_msgs' with type 'ros.ament_cmake' and name 'yolo_msgs'
[0.195s] Level 1:colcon.colcon_core.package_identification:_identify(src/yolo_ros/yolo_ros) by extensions ['ignore', 'ignore_ament_install']
[0.195s] Level 1:colcon.colcon_core.package_identification:_identify(src/yolo_ros/yolo_ros) by extension 'ignore'
[0.195s] Level 1:colcon.colcon_core.package_identification:_identify(src/yolo_ros/yolo_ros) by extension 'ignore_ament_install'
[0.195s] Level 1:colcon.colcon_core.package_identification:_identify(src/yolo_ros/yolo_ros) by extensions ['colcon_pkg']
[0.195s] Level 1:colcon.colcon_core.package_identification:_identify(src/yolo_ros/yolo_ros) by extension 'colcon_pkg'
[0.195s] Level 1:colcon.colcon_core.package_identification:_identify(src/yolo_ros/yolo_ros) by extensions ['colcon_meta']
[0.195s] Level 1:colcon.colcon_core.package_identification:_identify(src/yolo_ros/yolo_ros) by extension 'colcon_meta'
[0.195s] Level 1:colcon.colcon_core.package_identification:_identify(src/yolo_ros/yolo_ros) by extensions ['ros']
[0.195s] Level 1:colcon.colcon_core.package_identification:_identify(src/yolo_ros/yolo_ros) by extension 'ros'
[0.196s] DEBUG:colcon.colcon_core.package_identification:Package 'src/yolo_ros/yolo_ros' with type 'ros.ament_python' and name 'yolo_ros'
[0.196s] Level 1:colcon.colcon_core.package_discovery:discover_packages(recursive) using defaults
[0.196s] Level 1:colcon.colcon_core.package_discovery:discover_packages(ignore) discover
[0.196s] Level 1:colcon.colcon_core.package_discovery:discover_packages(ignore) using defaults
[0.196s] Level 1:colcon.colcon_core.package_discovery:discover_packages(path) discover
[0.196s] Level 1:colcon.colcon_core.package_discovery:discover_packages(path) using defaults
[0.209s] Level 1:colcon.colcon_core.package_discovery:discover_packages(prefix_path) check parameters
[0.209s] Level 1:colcon.colcon_core.package_discovery:discover_packages(prefix_path) discover
[0.210s] DEBUG:colcon.colcon_installed_package_information.package_discovery:Found 6 installed packages in /home/matsunaga-h/pickup_ws/install
[0.211s] DEBUG:colcon.colcon_installed_package_information.package_discovery:Found 312 installed packages in /opt/ros/humble
[0.212s] Level 1:colcon.colcon_core.package_discovery:discover_packages(prefix_path) using defaults
[0.236s] Level 5:colcon.colcon_core.verb:set package 'air_pkg' build argument 'cmake_args' from command line to 'None'
[0.236s] Level 5:colcon.colcon_core.verb:set package 'air_pkg' build argument 'cmake_target' from command line to 'None'
[0.236s] Level 5:colcon.colcon_core.verb:set package 'air_pkg' build argument 'cmake_target_skip_unavailable' from command line to 'False'
[0.236s] Level 5:colcon.colcon_core.verb:set package 'air_pkg' build argument 'cmake_clean_cache' from command line to 'False'
[0.236s] Level 5:colcon.colcon_core.verb:set package 'air_pkg' build argument 'cmake_clean_first' from command line to 'False'
[0.236s] Level 5:colcon.colcon_core.verb:set package 'air_pkg' build argument 'cmake_force_configure' from command line to 'False'
[0.236s] Level 5:colcon.colcon_core.verb:set package 'air_pkg' build argument 'ament_cmake_args' from command line to 'None'
[0.236s] Level 5:colcon.colcon_core.verb:set package 'air_pkg' build argument 'catkin_cmake_args' from command line to 'None'
[0.236s] Level 5:colcon.colcon_core.verb:set package 'air_pkg' build argument 'catkin_skip_building_tests' from command line to 'False'
[0.236s] DEBUG:colcon.colcon_core.verb:Building package 'air_pkg' with the following arguments: {'ament_cmake_args': None, 'build_base': '/home/matsunaga-h/pickup_ws/build/air_pkg', 'catkin_cmake_args': None, 'catkin_skip_building_tests': False, 'cmake_args': None, 'cmake_clean_cache': False, 'cmake_clean_first': False, 'cmake_force_configure': False, 'cmake_target': None, 'cmake_target_skip_unavailable': False, 'install_base': '/home/matsunaga-h/pickup_ws/install/air_pkg', 'merge_install': False, 'path': '/home/matsunaga-h/pickup_ws/src/air_pkg', 'symlink_install': False, 'test_result_base': None}
[0.236s] Level 5:colcon.colcon_core.verb:set package 'vacuum_switch' build argument 'cmake_args' from command line to 'None'
[0.236s] Level 5:colcon.colcon_core.verb:set package 'vacuum_switch' build argument 'cmake_target' from command line to 'None'
[0.236s] Level 5:colcon.colcon_core.verb:set package 'vacuum_switch' build argument 'cmake_target_skip_unavailable' from command line to 'False'
[0.236s] Level 5:colcon.colcon_core.verb:set package 'vacuum_switch' build argument 'cmake_clean_cache' from command line to 'False'
[0.236s] Level 5:colcon.colcon_core.verb:set package 'vacuum_switch' build argument 'cmake_clean_first' from command line to 'False'
[0.236s] Level 5:colcon.colcon_core.verb:set package 'vacuum_switch' build argument 'cmake_force_configure' from command line to 'False'
[0.236s] Level 5:colcon.colcon_core.verb:set package 'vacuum_switch' build argument 'ament_cmake_args' from command line to 'None'
[0.236s] Level 5:colcon.colcon_core.verb:set package 'vacuum_switch' build argument 'catkin_cmake_args' from command line to 'None'
[0.236s] Level 5:colcon.colcon_core.verb:set package 'vacuum_switch' build argument 'catkin_skip_building_tests' from command line to 'False'
[0.236s] DEBUG:colcon.colcon_core.verb:Building package 'vacuum_switch' with the following arguments: {'ament_cmake_args': None, 'build_base': '/home/matsunaga-h/pickup_ws/build/vacuum_switch', 'catkin_cmake_args': None, 'catkin_skip_building_tests': False, 'cmake_args': None, 'cmake_clean_cache': False, 'cmake_clean_first': False, 'cmake_force_configure': False, 'cmake_target': None, 'cmake_target_skip_unavailable': False, 'install_base': '/home/matsunaga-h/pickup_ws/install/vacuum_switch', 'merge_install': False, 'path': '/home/matsunaga-h/pickup_ws/src/vacuum_switch', 'symlink_install': False, 'test_result_base': None}
[0.237s] Level 5:colcon.colcon_core.verb:set package 'yolo_msgs' build argument 'cmake_args' from command line to 'None'
[0.237s] Level 5:colcon.colcon_core.verb:set package 'yolo_msgs' build argument 'cmake_target' from command line to 'None'
[0.237s] Level 5:colcon.colcon_core.verb:set package 'yolo_msgs' build argument 'cmake_target_skip_unavailable' from command line to 'False'
[0.237s] Level 5:colcon.colcon_core.verb:set package 'yolo_msgs' build argument 'cmake_clean_cache' from command line to 'False'
[0.237s] Level 5:colcon.colcon_core.verb:set package 'yolo_msgs' build argument 'cmake_clean_first' from command line to 'False'
[0.237s] Level 5:colcon.colcon_core.verb:set package 'yolo_msgs' build argument 'cmake_force_configure' from command line to 'False'
[0.237s] Level 5:colcon.colcon_core.verb:set package 'yolo_msgs' build argument 'ament_cmake_args' from command line to 'None'
[0.237s] Level 5:colcon.colcon_core.verb:set package 'yolo_msgs' build argument 'catkin_cmake_args' from command line to 'None'
[0.237s] Level 5:colcon.colcon_core.verb:set package 'yolo_msgs' build argument 'catkin_skip_building_tests' from command line to 'False'
[0.237s] DEBUG:colcon.colcon_core.verb:Building package 'yolo_msgs' with the following arguments: {'ament_cmake_args': None, 'build_base': '/home/matsunaga-h/pickup_ws/build/yolo_msgs', 'catkin_cmake_args': None, 'catkin_skip_building_tests': False, 'cmake_args': None, 'cmake_clean_cache': False, 'cmake_clean_first': False, 'cmake_force_configure': False, 'cmake_target': None, 'cmake_target_skip_unavailable': False, 'install_base': '/home/matsunaga-h/pickup_ws/install/yolo_msgs', 'merge_install': False, 'path': '/home/matsunaga-h/pickup_ws/src/yolo_ros/yolo_msgs', 'symlink_install': False, 'test_result_base': None}
[0.237s] Level 5:colcon.colcon_core.verb:set package 'yolo_ros' build argument 'cmake_args' from command line to 'None'
[0.237s] Level 5:colcon.colcon_core.verb:set package 'yolo_ros' build argument 'cmake_target' from command line to 'None'
[0.237s] Level 5:colcon.colcon_core.verb:set package 'yolo_ros' build argument 'cmake_target_skip_unavailable' from command line to 'False'
[0.237s] Level 5:colcon.colcon_core.verb:set package 'yolo_ros' build argument 'cmake_clean_cache' from command line to 'False'
[0.237s] Level 5:colcon.colcon_core.verb:set package 'yolo_ros' build argument 'cmake_clean_first' from command line to 'False'
[0.237s] Level 5:colcon.colcon_core.verb:set package 'yolo_ros' build argument 'cmake_force_configure' from command line to 'False'
[0.237s] Level 5:colcon.colcon_core.verb:set package 'yolo_ros' build argument 'ament_cmake_args' from command line to 'None'
[0.237s] Level 5:colcon.colcon_core.verb:set package 'yolo_ros' build argument 'catkin_cmake_args' from command line to 'None'
[0.237s] Level 5:colcon.colcon_core.verb:set package 'yolo_ros' build argument 'catkin_skip_building_tests' from command line to 'False'
[0.237s] DEBUG:colcon.colcon_core.verb:Building package 'yolo_ros' with the following arguments: {'ament_cmake_args': None, 'build_base': '/home/matsunaga-h/pickup_ws/build/yolo_ros', 'catkin_cmake_args': None, 'catkin_skip_building_tests': False, 'cmake_args': None, 'cmake_clean_cache': False, 'cmake_clean_first': False, 'cmake_force_configure': False, 'cmake_target': None, 'cmake_target_skip_unavailable': False, 'install_base': '/home/matsunaga-h/pickup_ws/install/yolo_ros', 'merge_install': False, 'path': '/home/matsunaga-h/pickup_ws/src/yolo_ros/yolo_ros', 'symlink_install': False, 'test_result_base': None}
[0.237s] Level 5:colcon.colcon_core.verb:set package 'yolo_bringup' build argument 'cmake_args' from command line to 'None'
[0.237s] Level 5:colcon.colcon_core.verb:set package 'yolo_bringup' build argument 'cmake_target' from command line to 'None'
[0.237s] Level 5:colcon.colcon_core.verb:set package 'yolo_bringup' build argument 'cmake_target_skip_unavailable' from command line to 'False'
[0.237s] Level 5:colcon.colcon_core.verb:set package 'yolo_bringup' build argument 'cmake_clean_cache' from command line to 'False'
[0.237s] Level 5:colcon.colcon_core.verb:set package 'yolo_bringup' build argument 'cmake_clean_first' from command line to 'False'
[0.237s] Level 5:colcon.colcon_core.verb:set package 'yolo_bringup' build argument 'cmake_force_configure' from command line to 'False'
[0.237s] Level 5:colcon.colcon_core.verb:set package 'yolo_bringup' build argument 'ament_cmake_args' from command line to 'None'
[0.237s] Level 5:colcon.colcon_core.verb:set package 'yolo_bringup' build argument 'catkin_cmake_args' from command line to 'None'
[0.237s] Level 5:colcon.colcon_core.verb:set package 'yolo_bringup' build argument 'catkin_skip_building_tests' from command line to 'False'
[0.237s] DEBUG:colcon.colcon_core.verb:Building package 'yolo_bringup' with the following arguments: {'ament_cmake_args': None, 'build_base': '/home/matsunaga-h/pickup_ws/build/yolo_bringup', 'catkin_cmake_args': None, 'catkin_skip_building_tests': False, 'cmake_args': None, 'cmake_clean_cache': False, 'cmake_clean_first': False, 'cmake_force_configure': False, 'cmake_target': None, 'cmake_target_skip_unavailable': False, 'install_base': '/home/matsunaga-h/pickup_ws/install/yolo_bringup', 'merge_install': False, 'path': '/home/matsunaga-h/pickup_ws/src/yolo_ros/yolo_bringup', 'symlink_install': False, 'test_result_base': None}
[0.237s] INFO:colcon.colcon_core.executor:Executing jobs using 'parallel' executor
[0.238s] DEBUG:colcon.colcon_parallel_executor.executor.parallel:run_until_complete
[0.239s] INFO:colcon.colcon_ros.task.ament_cmake.build:Building ROS package in '/home/matsunaga-h/pickup_ws/src/yolo_ros/yolo_msgs' with build type 'ament_cmake'
[0.239s] INFO:colcon.colcon_cmake.task.cmake.build:Building CMake package in '/home/matsunaga-h/pickup_ws/src/yolo_ros/yolo_msgs'
[0.240s] INFO:colcon.colcon_core.plugin_system:Skipping extension 'colcon_core.shell.bat': Not used on non-Windows systems
[0.240s] INFO:colcon.colcon_core.shell:Skip shell extension 'powershell' for command environment: Not usable outside of PowerShell
[0.240s] DEBUG:colcon.colcon_core.shell:Skip shell extension 'dsv' for command environment
[0.242s] INFO:colcon.colcon_ros.task.ament_python.build:Building ROS package in '/home/matsunaga-h/pickup_ws/src/air_pkg' with build type 'ament_python'
[0.242s] Level 1:colcon.colcon_core.shell:create_environment_hook('air_pkg', 'ament_prefix_path')
[0.243s] INFO:colcon.colcon_core.shell:Creating environment hook '/home/matsunaga-h/pickup_ws/install/air_pkg/share/air_pkg/hook/ament_prefix_path.ps1'
[0.243s] INFO:colcon.colcon_core.shell:Creating environment descriptor '/home/matsunaga-h/pickup_ws/install/air_pkg/share/air_pkg/hook/ament_prefix_path.dsv'
[0.243s] INFO:colcon.colcon_core.shell:Creating environment hook '/home/matsunaga-h/pickup_ws/install/air_pkg/share/air_pkg/hook/ament_prefix_path.sh'
[0.244s] INFO:colcon.colcon_core.shell:Skip shell extension 'powershell' for command environment: Not usable outside of PowerShell
[0.244s] DEBUG:colcon.colcon_core.shell:Skip shell extension 'dsv' for command environment
[0.245s] INFO:colcon.colcon_ros.task.ament_python.build:Building ROS package in '/home/matsunaga-h/pickup_ws/src/vacuum_switch' with build type 'ament_python'
[0.246s] Level 1:colcon.colcon_core.shell:create_environment_hook('vacuum_switch', 'ament_prefix_path')
[0.246s] INFO:colcon.colcon_core.shell:Creating environment hook '/home/matsunaga-h/pickup_ws/install/vacuum_switch/share/vacuum_switch/hook/ament_prefix_path.ps1'
[0.246s] INFO:colcon.colcon_core.shell:Creating environment descriptor '/home/matsunaga-h/pickup_ws/install/vacuum_switch/share/vacuum_switch/hook/ament_prefix_path.dsv'
[0.246s] INFO:colcon.colcon_core.shell:Creating environment hook '/home/matsunaga-h/pickup_ws/install/vacuum_switch/share/vacuum_switch/hook/ament_prefix_path.sh'
[0.247s] INFO:colcon.colcon_core.shell:Skip shell extension 'powershell' for command environment: Not usable outside of PowerShell
[0.247s] DEBUG:colcon.colcon_core.shell:Skip shell extension 'dsv' for command environment
[0.252s] DEBUG:colcon.colcon_core.event_handler.log_command:Invoking command in '/home/matsunaga-h/pickup_ws/build/yolo_msgs': CMAKE_PREFIX_PATH=/home/matsunaga-h/pickup_ws/install/vacuum_switch:/home/matsunaga-h/pickup_ws/install/my_package:/home/matsunaga-h/pickup_ws/install/air_pkg:/opt/ros/humble /usr/bin/cmake --build /home/matsunaga-h/pickup_ws/build/yolo_msgs -- -j16 -l16
[0.430s] INFO:colcon.colcon_core.task.python.build:Building Python package in '/home/matsunaga-h/pickup_ws/src/air_pkg'
[0.430s] INFO:colcon.colcon_core.shell:Skip shell extension 'powershell' for command environment: Not usable outside of PowerShell
[0.430s] DEBUG:colcon.colcon_core.shell:Skip shell extension 'dsv' for command environment
[0.601s] INFO:colcon.colcon_core.task.python.build:Building Python package in '/home/matsunaga-h/pickup_ws/src/vacuum_switch'
[0.602s] INFO:colcon.colcon_core.shell:Skip shell extension 'powershell' for command environment: Not usable outside of PowerShell
[0.602s] DEBUG:colcon.colcon_core.shell:Skip shell extension 'dsv' for command environment
[0.608s] DEBUG:colcon.colcon_core.event_handler.log_command:Invoked command in '/home/matsunaga-h/pickup_ws/build/yolo_msgs' returned '0': CMAKE_PREFIX_PATH=/home/matsunaga-h/pickup_ws/install/vacuum_switch:/home/matsunaga-h/pickup_ws/install/my_package:/home/matsunaga-h/pickup_ws/install/air_pkg:/opt/ros/humble /usr/bin/cmake --build /home/matsunaga-h/pickup_ws/build/yolo_msgs -- -j16 -l16
[0.618s] DEBUG:colcon.colcon_core.event_handler.log_command:Invoking command in '/home/matsunaga-h/pickup_ws/build/yolo_msgs': CMAKE_PREFIX_PATH=/home/matsunaga-h/pickup_ws/install/vacuum_switch:/home/matsunaga-h/pickup_ws/install/my_package:/home/matsunaga-h/pickup_ws/install/air_pkg:/opt/ros/humble /usr/bin/cmake --install /home/matsunaga-h/pickup_ws/build/yolo_msgs
[0.674s] Level 1:colcon.colcon_core.environment:create_environment_scripts_only(yolo_msgs)
[0.678s] DEBUG:colcon.colcon_core.event_handler.log_command:Invoked command in '/home/matsunaga-h/pickup_ws/build/yolo_msgs' returned '0': CMAKE_PREFIX_PATH=/home/matsunaga-h/pickup_ws/install/vacuum_switch:/home/matsunaga-h/pickup_ws/install/my_package:/home/matsunaga-h/pickup_ws/install/air_pkg:/opt/ros/humble /usr/bin/cmake --install /home/matsunaga-h/pickup_ws/build/yolo_msgs
[0.680s] Level 1:colcon.colcon_core.environment:checking '/home/matsunaga-h/pickup_ws/install/yolo_msgs' for CMake module files
[0.681s] Level 1:colcon.colcon_core.environment:checking '/home/matsunaga-h/pickup_ws/install/yolo_msgs' for CMake config files
[0.681s] Level 1:colcon.colcon_core.shell:create_environment_hook('yolo_msgs', 'cmake_prefix_path')
[0.681s] INFO:colcon.colcon_core.shell:Creating environment hook '/home/matsunaga-h/pickup_ws/install/yolo_msgs/share/yolo_msgs/hook/cmake_prefix_path.ps1'
[0.682s] INFO:colcon.colcon_core.shell:Creating environment descriptor '/home/matsunaga-h/pickup_ws/install/yolo_msgs/share/yolo_msgs/hook/cmake_prefix_path.dsv'
[0.682s] INFO:colcon.colcon_core.shell:Creating environment hook '/home/matsunaga-h/pickup_ws/install/yolo_msgs/share/yolo_msgs/hook/cmake_prefix_path.sh'
[0.683s] Level 1:colcon.colcon_core.environment:checking '/home/matsunaga-h/pickup_ws/install/yolo_msgs/lib'
[0.683s] Level 1:colcon.colcon_core.shell:create_environment_hook('yolo_msgs', 'ld_library_path_lib')
[0.683s] INFO:colcon.colcon_core.shell:Creating environment hook '/home/matsunaga-h/pickup_ws/install/yolo_msgs/share/yolo_msgs/hook/ld_library_path_lib.ps1'
[0.684s] INFO:colcon.colcon_core.shell:Creating environment descriptor '/home/matsunaga-h/pickup_ws/install/yolo_msgs/share/yolo_msgs/hook/ld_library_path_lib.dsv'
[0.684s] INFO:colcon.colcon_core.shell:Creating environment hook '/home/matsunaga-h/pickup_ws/install/yolo_msgs/share/yolo_msgs/hook/ld_library_path_lib.sh'
[0.685s] Level 1:colcon.colcon_core.environment:checking '/home/matsunaga-h/pickup_ws/install/yolo_msgs/bin'
[0.685s] Level 1:colcon.colcon_core.environment:checking '/home/matsunaga-h/pickup_ws/install/yolo_msgs/lib/pkgconfig/yolo_msgs.pc'
[0.685s] Level 1:colcon.colcon_core.environment:checking '/home/matsunaga-h/pickup_ws/install/yolo_msgs/lib/python3.10/site-packages'
[0.685s] Level 1:colcon.colcon_core.environment:checking '/home/matsunaga-h/pickup_ws/install/yolo_msgs/bin'
[0.685s] INFO:colcon.colcon_core.shell:Creating package script '/home/matsunaga-h/pickup_ws/install/yolo_msgs/share/yolo_msgs/package.ps1'
[0.686s] INFO:colcon.colcon_core.shell:Creating package descriptor '/home/matsunaga-h/pickup_ws/install/yolo_msgs/share/yolo_msgs/package.dsv'
[0.686s] INFO:colcon.colcon_core.shell:Creating package script '/home/matsunaga-h/pickup_ws/install/yolo_msgs/share/yolo_msgs/package.sh'
[0.687s] INFO:colcon.colcon_core.shell:Creating package script '/home/matsunaga-h/pickup_ws/install/yolo_msgs/share/yolo_msgs/package.bash'
[0.687s] INFO:colcon.colcon_core.shell:Creating package script '/home/matsunaga-h/pickup_ws/install/yolo_msgs/share/yolo_msgs/package.zsh'
[0.688s] Level 1:colcon.colcon_core.environment:create_file_with_runtime_dependencies(/home/matsunaga-h/pickup_ws/install/yolo_msgs/share/colcon-core/packages/yolo_msgs)
[0.688s] Level 1:colcon.colcon_core.environment:create_environment_scripts_only(yolo_msgs)
[0.688s] Level 1:colcon.colcon_core.environment:checking '/home/matsunaga-h/pickup_ws/install/yolo_msgs' for CMake module files
[0.689s] Level 1:colcon.colcon_core.environment:checking '/home/matsunaga-h/pickup_ws/install/yolo_msgs' for CMake config files
[0.689s] Level 1:colcon.colcon_core.shell:create_environment_hook('yolo_msgs', 'cmake_prefix_path')
[0.689s] INFO:colcon.colcon_core.shell:Creating environment hook '/home/matsunaga-h/pickup_ws/install/yolo_msgs/share/yolo_msgs/hook/cmake_prefix_path.ps1'
[0.689s] INFO:colcon.colcon_core.shell:Creating environment descriptor '/home/matsunaga-h/pickup_ws/install/yolo_msgs/share/yolo_msgs/hook/cmake_prefix_path.dsv'
[0.689s] INFO:colcon.colcon_core.shell:Creating environment hook '/home/matsunaga-h/pickup_ws/install/yolo_msgs/share/yolo_msgs/hook/cmake_prefix_path.sh'
[0.690s] Level 1:colcon.colcon_core.environment:checking '/home/matsunaga-h/pickup_ws/install/yolo_msgs/lib'
[0.690s] Level 1:colcon.colcon_core.shell:create_environment_hook('yolo_msgs', 'ld_library_path_lib')
[0.690s] INFO:colcon.colcon_core.shell:Creating environment hook '/home/matsunaga-h/pickup_ws/install/yolo_msgs/share/yolo_msgs/hook/ld_library_path_lib.ps1'
[0.690s] INFO:colcon.colcon_core.shell:Creating environment descriptor '/home/matsunaga-h/pickup_ws/install/yolo_msgs/share/yolo_msgs/hook/ld_library_path_lib.dsv'
[0.690s] INFO:colcon.colcon_core.shell:Creating environment hook '/home/matsunaga-h/pickup_ws/install/yolo_msgs/share/yolo_msgs/hook/ld_library_path_lib.sh'
[0.690s] Level 1:colcon.colcon_core.environment:checking '/home/matsunaga-h/pickup_ws/install/yolo_msgs/bin'
[0.690s] Level 1:colcon.colcon_core.environment:checking '/home/matsunaga-h/pickup_ws/install/yolo_msgs/lib/pkgconfig/yolo_msgs.pc'
[0.691s] Level 1:colcon.colcon_core.environment:checking '/home/matsunaga-h/pickup_ws/install/yolo_msgs/lib/python3.10/site-packages'
[0.691s] Level 1:colcon.colcon_core.environment:checking '/home/matsunaga-h/pickup_ws/install/yolo_msgs/bin'
[0.691s] INFO:colcon.colcon_core.shell:Creating package script '/home/matsunaga-h/pickup_ws/install/yolo_msgs/share/yolo_msgs/package.ps1'
[0.691s] INFO:colcon.colcon_core.shell:Creating package descriptor '/home/matsunaga-h/pickup_ws/install/yolo_msgs/share/yolo_msgs/package.dsv'
[0.691s] INFO:colcon.colcon_core.shell:Creating package script '/home/matsunaga-h/pickup_ws/install/yolo_msgs/share/yolo_msgs/package.sh'
[0.692s] INFO:colcon.colcon_core.shell:Creating package script '/home/matsunaga-h/pickup_ws/install/yolo_msgs/share/yolo_msgs/package.bash'
[0.692s] INFO:colcon.colcon_core.shell:Creating package script '/home/matsunaga-h/pickup_ws/install/yolo_msgs/share/yolo_msgs/package.zsh'
[0.692s] Level 1:colcon.colcon_core.environment:create_file_with_runtime_dependencies(/home/matsunaga-h/pickup_ws/install/yolo_msgs/share/colcon-core/packages/yolo_msgs)
[0.692s] INFO:colcon.colcon_ros.task.ament_python.build:Building ROS package in '/home/matsunaga-h/pickup_ws/src/yolo_ros/yolo_ros' with build type 'ament_python'
[0.692s] Level 1:colcon.colcon_core.shell:create_environment_hook('yolo_ros', 'ament_prefix_path')
[0.693s] INFO:colcon.colcon_core.shell:Creating environment hook '/home/matsunaga-h/pickup_ws/install/yolo_ros/share/yolo_ros/hook/ament_prefix_path.ps1'
[0.693s] INFO:colcon.colcon_core.shell:Creating environment descriptor '/home/matsunaga-h/pickup_ws/install/yolo_ros/share/yolo_ros/hook/ament_prefix_path.dsv'
[0.694s] INFO:colcon.colcon_core.shell:Creating environment hook '/home/matsunaga-h/pickup_ws/install/yolo_ros/share/yolo_ros/hook/ament_prefix_path.sh'
[0.694s] INFO:colcon.colcon_core.shell:Skip shell extension 'powershell' for command environment: Not usable outside of PowerShell
[0.694s] DEBUG:colcon.colcon_core.shell:Skip shell extension 'dsv' for command environment
[0.874s] INFO:colcon.colcon_core.task.python.build:Building Python package in '/home/matsunaga-h/pickup_ws/src/yolo_ros/yolo_ros'
[0.875s] INFO:colcon.colcon_core.shell:Skip shell extension 'powershell' for command environment: Not usable outside of PowerShell
[0.875s] DEBUG:colcon.colcon_core.shell:Skip shell extension 'dsv' for command environment
[0.882s] DEBUG:colcon.colcon_core.event_handler.log_command:Invoking command in '/home/matsunaga-h/pickup_ws/src/air_pkg': PYTHONPATH=/home/matsunaga-h/pickup_ws/build/air_pkg/prefix_override:/usr/lib/python3/dist-packages/colcon_core/task/python/colcon_distutils_commands:/home/matsunaga-h/pickup_ws/install/air_pkg/lib/python3.10/site-packages:${PYTHONPATH} /usr/bin/python3 -W ignore:setup.py install is deprecated -W ignore:easy_install command is deprecated setup.py egg_info --egg-base ../../build/air_pkg build --build-base /home/matsunaga-h/pickup_ws/build/air_pkg/build install --record /home/matsunaga-h/pickup_ws/build/air_pkg/install.log --single-version-externally-managed install_data
[0.906s] DEBUG:colcon.colcon_core.event_handler.log_command:Invoking command in '/home/matsunaga-h/pickup_ws/src/vacuum_switch': PYTHONPATH=/home/matsunaga-h/pickup_ws/build/vacuum_switch/prefix_override:/usr/lib/python3/dist-packages/colcon_core/task/python/colcon_distutils_commands:/home/matsunaga-h/pickup_ws/install/vacuum_switch/lib/python3.10/site-packages:${PYTHONPATH} /usr/bin/python3 -W ignore:setup.py install is deprecated -W ignore:easy_install command is deprecated setup.py egg_info --egg-base ../../build/vacuum_switch build --build-base /home/matsunaga-h/pickup_ws/build/vacuum_switch/build install --record /home/matsunaga-h/pickup_ws/build/vacuum_switch/install.log --single-version-externally-managed install_data
[1.095s] Level 1:colcon.colcon_core.environment:checking '/home/matsunaga-h/pickup_ws/install/air_pkg' for CMake module files
[1.096s] DEBUG:colcon.colcon_core.event_handler.log_command:Invoked command in '/home/matsunaga-h/pickup_ws/src/air_pkg' returned '0': PYTHONPATH=/home/matsunaga-h/pickup_ws/build/air_pkg/prefix_override:/usr/lib/python3/dist-packages/colcon_core/task/python/colcon_distutils_commands:/home/matsunaga-h/pickup_ws/install/air_pkg/lib/python3.10/site-packages:${PYTHONPATH} /usr/bin/python3 -W ignore:setup.py install is deprecated -W ignore:easy_install command is deprecated setup.py egg_info --egg-base ../../build/air_pkg build --build-base /home/matsunaga-h/pickup_ws/build/air_pkg/build install --record /home/matsunaga-h/pickup_ws/build/air_pkg/install.log --single-version-externally-managed install_data
[1.097s] Level 1:colcon.colcon_core.environment:checking '/home/matsunaga-h/pickup_ws/install/air_pkg' for CMake config files
[1.097s] Level 1:colcon.colcon_core.environment:checking '/home/matsunaga-h/pickup_ws/install/air_pkg/lib'
[1.097s] Level 1:colcon.colcon_core.environment:checking '/home/matsunaga-h/pickup_ws/install/air_pkg/bin'
[1.097s] Level 1:colcon.colcon_core.environment:checking '/home/matsunaga-h/pickup_ws/install/air_pkg/lib/pkgconfig/air_pkg.pc'
[1.098s] Level 1:colcon.colcon_core.environment:checking '/home/matsunaga-h/pickup_ws/install/air_pkg/lib/python3.10/site-packages'
[1.098s] Level 1:colcon.colcon_core.shell:create_environment_hook('air_pkg', 'pythonpath')
[1.098s] INFO:colcon.colcon_core.shell:Creating environment hook '/home/matsunaga-h/pickup_ws/install/air_pkg/share/air_pkg/hook/pythonpath.ps1'
[1.098s] INFO:colcon.colcon_core.shell:Creating environment descriptor '/home/matsunaga-h/pickup_ws/install/air_pkg/share/air_pkg/hook/pythonpath.dsv'
[1.099s] INFO:colcon.colcon_core.shell:Creating environment hook '/home/matsunaga-h/pickup_ws/install/air_pkg/share/air_pkg/hook/pythonpath.sh'
[1.099s] Level 1:colcon.colcon_core.environment:checking '/home/matsunaga-h/pickup_ws/install/air_pkg/bin'
[1.099s] Level 1:colcon.colcon_core.environment:create_environment_scripts_only(air_pkg)
[1.100s] INFO:colcon.colcon_core.shell:Creating package script '/home/matsunaga-h/pickup_ws/install/air_pkg/share/air_pkg/package.ps1'
[1.101s] INFO:colcon.colcon_core.shell:Creating package descriptor '/home/matsunaga-h/pickup_ws/install/air_pkg/share/air_pkg/package.dsv'
[1.101s] INFO:colcon.colcon_core.shell:Creating package script '/home/matsunaga-h/pickup_ws/install/air_pkg/share/air_pkg/package.sh'
[1.102s] INFO:colcon.colcon_core.shell:Creating package script '/home/matsunaga-h/pickup_ws/install/air_pkg/share/air_pkg/package.bash'
[1.102s] INFO:colcon.colcon_core.shell:Creating package script '/home/matsunaga-h/pickup_ws/install/air_pkg/share/air_pkg/package.zsh'
[1.103s] Level 1:colcon.colcon_core.environment:create_file_with_runtime_dependencies(/home/matsunaga-h/pickup_ws/install/air_pkg/share/colcon-core/packages/air_pkg)
[1.138s] Level 1:colcon.colcon_core.environment:checking '/home/matsunaga-h/pickup_ws/install/vacuum_switch' for CMake module files
[1.139s] DEBUG:colcon.colcon_core.event_handler.log_command:Invoked command in '/home/matsunaga-h/pickup_ws/src/vacuum_switch' returned '0': PYTHONPATH=/home/matsunaga-h/pickup_ws/build/vacuum_switch/prefix_override:/usr/lib/python3/dist-packages/colcon_core/task/python/colcon_distutils_commands:/home/matsunaga-h/pickup_ws/install/vacuum_switch/lib/python3.10/site-packages:${PYTHONPATH} /usr/bin/python3 -W ignore:setup.py install is deprecated -W ignore:easy_install command is deprecated setup.py egg_info --egg-base ../../build/vacuum_switch build --build-base /home/matsunaga-h/pickup_ws/build/vacuum_switch/build install --record /home/matsunaga-h/pickup_ws/build/vacuum_switch/install.log --single-version-externally-managed install_data
[1.140s] Level 1:colcon.colcon_core.environment:checking '/home/matsunaga-h/pickup_ws/install/vacuum_switch' for CMake config files
[1.140s] Level 1:colcon.colcon_core.environment:checking '/home/matsunaga-h/pickup_ws/install/vacuum_switch/lib'
[1.141s] Level 1:colcon.colcon_core.environment:checking '/home/matsunaga-h/pickup_ws/install/vacuum_switch/bin'
[1.141s] Level 1:colcon.colcon_core.environment:checking '/home/matsunaga-h/pickup_ws/install/vacuum_switch/lib/pkgconfig/vacuum_switch.pc'
[1.141s] Level 1:colcon.colcon_core.environment:checking '/home/matsunaga-h/pickup_ws/install/vacuum_switch/lib/python3.10/site-packages'
[1.141s] Level 1:colcon.colcon_core.shell:create_environment_hook('vacuum_switch', 'pythonpath')
[1.141s] INFO:colcon.colcon_core.shell:Creating environment hook '/home/matsunaga-h/pickup_ws/install/vacuum_switch/share/vacuum_switch/hook/pythonpath.ps1'
[1.142s] INFO:colcon.colcon_core.shell:Creating environment descriptor '/home/matsunaga-h/pickup_ws/install/vacuum_switch/share/vacuum_switch/hook/pythonpath.dsv'
[1.143s] INFO:colcon.colcon_core.shell:Creating environment hook '/home/matsunaga-h/pickup_ws/install/vacuum_switch/share/vacuum_switch/hook/pythonpath.sh'
[1.143s] Level 1:colcon.colcon_core.environment:checking '/home/matsunaga-h/pickup_ws/install/vacuum_switch/bin'
[1.143s] Level 1:colcon.colcon_core.environment:create_environment_scripts_only(vacuum_switch)
[1.144s] INFO:colcon.colcon_core.shell:Creating package script '/home/matsunaga-h/pickup_ws/install/vacuum_switch/share/vacuum_switch/package.ps1'
[1.144s] INFO:colcon.colcon_core.shell:Creating package descriptor '/home/matsunaga-h/pickup_ws/install/vacuum_switch/share/vacuum_switch/package.dsv'
[1.145s] INFO:colcon.colcon_core.shell:Creating package script '/home/matsunaga-h/pickup_ws/install/vacuum_switch/share/vacuum_switch/package.sh'
[1.145s] INFO:colcon.colcon_core.shell:Creating package script '/home/matsunaga-h/pickup_ws/install/vacuum_switch/share/vacuum_switch/package.bash'
[1.145s] INFO:colcon.colcon_core.shell:Creating package script '/home/matsunaga-h/pickup_ws/install/vacuum_switch/share/vacuum_switch/package.zsh'
[1.146s] Level 1:colcon.colcon_core.environment:create_file_with_runtime_dependencies(/home/matsunaga-h/pickup_ws/install/vacuum_switch/share/colcon-core/packages/vacuum_switch)
[1.181s] DEBUG:colcon.colcon_core.event_handler.log_command:Invoking command in '/home/matsunaga-h/pickup_ws/src/yolo_ros/yolo_ros': AMENT_PREFIX_PATH=/home/matsunaga-h/pickup_ws/install/yolo_msgs:${AMENT_PREFIX_PATH} CMAKE_PREFIX_PATH=/home/matsunaga-h/pickup_ws/install/yolo_msgs LD_LIBRARY_PATH=/home/matsunaga-h/pickup_ws/install/yolo_msgs/lib:${LD_LIBRARY_PATH} PYTHONPATH=/home/matsunaga-h/pickup_ws/build/yolo_ros/prefix_override:/usr/lib/python3/dist-packages/colcon_core/task/python/colcon_distutils_commands:/home/matsunaga-h/pickup_ws/install/yolo_ros/lib/python3.10/site-packages:/home/matsunaga-h/pickup_ws/install/yolo_msgs/local/lib/python3.10/dist-packages:${PYTHONPATH} /usr/bin/python3 -W ignore:setup.py install is deprecated -W ignore:easy_install command is deprecated setup.py egg_info --egg-base ../../../build/yolo_ros build --build-base /home/matsunaga-h/pickup_ws/build/yolo_ros/build install --record /home/matsunaga-h/pickup_ws/build/yolo_ros/install.log --single-version-externally-managed install_data
[1.387s] Level 1:colcon.colcon_core.environment:checking '/home/matsunaga-h/pickup_ws/install/yolo_ros' for CMake module files
[1.388s] DEBUG:colcon.colcon_core.event_handler.log_command:Invoked command in '/home/matsunaga-h/pickup_ws/src/yolo_ros/yolo_ros' returned '0': AMENT_PREFIX_PATH=/home/matsunaga-h/pickup_ws/install/yolo_msgs:${AMENT_PREFIX_PATH} CMAKE_PREFIX_PATH=/home/matsunaga-h/pickup_ws/install/yolo_msgs LD_LIBRARY_PATH=/home/matsunaga-h/pickup_ws/install/yolo_msgs/lib:${LD_LIBRARY_PATH} PYTHONPATH=/home/matsunaga-h/pickup_ws/build/yolo_ros/prefix_override:/usr/lib/python3/dist-packages/colcon_core/task/python/colcon_distutils_commands:/home/matsunaga-h/pickup_ws/install/yolo_ros/lib/python3.10/site-packages:/home/matsunaga-h/pickup_ws/install/yolo_msgs/local/lib/python3.10/dist-packages:${PYTHONPATH} /usr/bin/python3 -W ignore:setup.py install is deprecated -W ignore:easy_install command is deprecated setup.py egg_info --egg-base ../../../build/yolo_ros build --build-base /home/matsunaga-h/pickup_ws/build/yolo_ros/build install --record /home/matsunaga-h/pickup_ws/build/yolo_ros/install.log --single-version-externally-managed install_data
[1.388s] Level 1:colcon.colcon_core.environment:checking '/home/matsunaga-h/pickup_ws/install/yolo_ros' for CMake config files
[1.389s] Level 1:colcon.colcon_core.environment:checking '/home/matsunaga-h/pickup_ws/install/yolo_ros/lib'
[1.389s] Level 1:colcon.colcon_core.environment:checking '/home/matsunaga-h/pickup_ws/install/yolo_ros/bin'
[1.389s] Level 1:colcon.colcon_core.environment:checking '/home/matsunaga-h/pickup_ws/install/yolo_ros/lib/pkgconfig/yolo_ros.pc'
[1.389s] Level 1:colcon.colcon_core.environment:checking '/home/matsunaga-h/pickup_ws/install/yolo_ros/lib/python3.10/site-packages'
[1.389s] Level 1:colcon.colcon_core.shell:create_environment_hook('yolo_ros', 'pythonpath')
[1.389s] INFO:colcon.colcon_core.shell:Creating environment hook '/home/matsunaga-h/pickup_ws/install/yolo_ros/share/yolo_ros/hook/pythonpath.ps1'
[1.390s] INFO:colcon.colcon_core.shell:Creating environment descriptor '/home/matsunaga-h/pickup_ws/install/yolo_ros/share/yolo_ros/hook/pythonpath.dsv'
[1.390s] INFO:colcon.colcon_core.shell:Creating environment hook '/home/matsunaga-h/pickup_ws/install/yolo_ros/share/yolo_ros/hook/pythonpath.sh'
[1.390s] Level 1:colcon.colcon_core.environment:checking '/home/matsunaga-h/pickup_ws/install/yolo_ros/bin'
[1.390s] Level 1:colcon.colcon_core.environment:create_environment_scripts_only(yolo_ros)
[1.390s] INFO:colcon.colcon_core.shell:Creating package script '/home/matsunaga-h/pickup_ws/install/yolo_ros/share/yolo_ros/package.ps1'
[1.391s] INFO:colcon.colcon_core.shell:Creating package descriptor '/home/matsunaga-h/pickup_ws/install/yolo_ros/share/yolo_ros/package.dsv'
[1.391s] INFO:colcon.colcon_core.shell:Creating package script '/home/matsunaga-h/pickup_ws/install/yolo_ros/share/yolo_ros/package.sh'
[1.391s] INFO:colcon.colcon_core.shell:Creating package script '/home/matsunaga-h/pickup_ws/install/yolo_ros/share/yolo_ros/package.bash'
[1.391s] INFO:colcon.colcon_core.shell:Creating package script '/home/matsunaga-h/pickup_ws/install/yolo_ros/share/yolo_ros/package.zsh'
[1.392s] Level 1:colcon.colcon_core.environment:create_file_with_runtime_dependencies(/home/matsunaga-h/pickup_ws/install/yolo_ros/share/colcon-core/packages/yolo_ros)
[1.392s] INFO:colcon.colcon_ros.task.ament_cmake.build:Building ROS package in '/home/matsunaga-h/pickup_ws/src/yolo_ros/yolo_bringup' with build type 'ament_cmake'
[1.392s] INFO:colcon.colcon_cmake.task.cmake.build:Building CMake package in '/home/matsunaga-h/pickup_ws/src/yolo_ros/yolo_bringup'
[1.392s] INFO:colcon.colcon_core.shell:Skip shell extension 'powershell' for command environment: Not usable outside of PowerShell
[1.392s] DEBUG:colcon.colcon_core.shell:Skip shell extension 'dsv' for command environment
[1.401s] DEBUG:colcon.colcon_core.event_handler.log_command:Invoking command in '/home/matsunaga-h/pickup_ws/build/yolo_bringup': AMENT_PREFIX_PATH=/home/matsunaga-h/pickup_ws/install/yolo_ros:/home/matsunaga-h/pickup_ws/install/yolo_msgs:${AMENT_PREFIX_PATH} CMAKE_PREFIX_PATH=/home/matsunaga-h/pickup_ws/install/yolo_msgs:/home/matsunaga-h/pickup_ws/install/vacuum_switch:/home/matsunaga-h/pickup_ws/install/my_package:/home/matsunaga-h/pickup_ws/install/air_pkg:/opt/ros/humble LD_LIBRARY_PATH=/home/matsunaga-h/pickup_ws/install/yolo_msgs/lib:${LD_LIBRARY_PATH} PYTHONPATH=/home/matsunaga-h/pickup_ws/install/yolo_ros/lib/python3.10/site-packages:/home/matsunaga-h/pickup_ws/install/yolo_msgs/local/lib/python3.10/dist-packages:${PYTHONPATH} /usr/bin/cmake --build /home/matsunaga-h/pickup_ws/build/yolo_bringup -- -j16 -l16
[1.433s] DEBUG:colcon.colcon_core.event_handler.log_command:Invoked command in '/home/matsunaga-h/pickup_ws/build/yolo_bringup' returned '0': AMENT_PREFIX_PATH=/home/matsunaga-h/pickup_ws/install/yolo_ros:/home/matsunaga-h/pickup_ws/install/yolo_msgs:${AMENT_PREFIX_PATH} CMAKE_PREFIX_PATH=/home/matsunaga-h/pickup_ws/install/yolo_msgs:/home/matsunaga-h/pickup_ws/install/vacuum_switch:/home/matsunaga-h/pickup_ws/install/my_package:/home/matsunaga-h/pickup_ws/install/air_pkg:/opt/ros/humble LD_LIBRARY_PATH=/home/matsunaga-h/pickup_ws/install/yolo_msgs/lib:${LD_LIBRARY_PATH} PYTHONPATH=/home/matsunaga-h/pickup_ws/install/yolo_ros/lib/python3.10/site-packages:/home/matsunaga-h/pickup_ws/install/yolo_msgs/local/lib/python3.10/dist-packages:${PYTHONPATH} /usr/bin/cmake --build /home/matsunaga-h/pickup_ws/build/yolo_bringup -- -j16 -l16
[1.434s] DEBUG:colcon.colcon_core.event_handler.log_command:Invoking command in '/home/matsunaga-h/pickup_ws/build/yolo_bringup': AMENT_PREFIX_PATH=/home/matsunaga-h/pickup_ws/install/yolo_ros:/home/matsunaga-h/pickup_ws/install/yolo_msgs:${AMENT_PREFIX_PATH} CMAKE_PREFIX_PATH=/home/matsunaga-h/pickup_ws/install/yolo_msgs:/home/matsunaga-h/pickup_ws/install/vacuum_switch:/home/matsunaga-h/pickup_ws/install/my_package:/home/matsunaga-h/pickup_ws/install/air_pkg:/opt/ros/humble LD_LIBRARY_PATH=/home/matsunaga-h/pickup_ws/install/yolo_msgs/lib:${LD_LIBRARY_PATH} PYTHONPATH=/home/matsunaga-h/pickup_ws/install/yolo_ros/lib/python3.10/site-packages:/home/matsunaga-h/pickup_ws/install/yolo_msgs/local/lib/python3.10/dist-packages:${PYTHONPATH} /usr/bin/cmake --install /home/matsunaga-h/pickup_ws/build/yolo_bringup
[1.442s] Level 1:colcon.colcon_core.environment:create_environment_scripts_only(yolo_bringup)
[1.442s] Level 1:colcon.colcon_core.environment:checking '/home/matsunaga-h/pickup_ws/install/yolo_bringup' for CMake module files
[1.443s] Level 1:colcon.colcon_core.environment:checking '/home/matsunaga-h/pickup_ws/install/yolo_bringup' for CMake config files
[1.444s] Level 1:colcon.colcon_core.shell:create_environment_hook('yolo_bringup', 'cmake_prefix_path')
[1.444s] INFO:colcon.colcon_core.shell:Creating environment hook '/home/matsunaga-h/pickup_ws/install/yolo_bringup/share/yolo_bringup/hook/cmake_prefix_path.ps1'
[1.444s] DEBUG:colcon.colcon_core.event_handler.log_command:Invoked command in '/home/matsunaga-h/pickup_ws/build/yolo_bringup' returned '0': AMENT_PREFIX_PATH=/home/matsunaga-h/pickup_ws/install/yolo_ros:/home/matsunaga-h/pickup_ws/install/yolo_msgs:${AMENT_PREFIX_PATH} CMAKE_PREFIX_PATH=/home/matsunaga-h/pickup_ws/install/yolo_msgs:/home/matsunaga-h/pickup_ws/install/vacuum_switch:/home/matsunaga-h/pickup_ws/install/my_package:/home/matsunaga-h/pickup_ws/install/air_pkg:/opt/ros/humble LD_LIBRARY_PATH=/home/matsunaga-h/pickup_ws/install/yolo_msgs/lib:${LD_LIBRARY_PATH} PYTHONPATH=/home/matsunaga-h/pickup_ws/install/yolo_ros/lib/python3.10/site-packages:/home/matsunaga-h/pickup_ws/install/yolo_msgs/local/lib/python3.10/dist-packages:${PYTHONPATH} /usr/bin/cmake --install /home/matsunaga-h/pickup_ws/build/yolo_bringup
[1.445s] INFO:colcon.colcon_core.shell:Creating environment descriptor '/home/matsunaga-h/pickup_ws/install/yolo_bringup/share/yolo_bringup/hook/cmake_prefix_path.dsv'
[1.445s] INFO:colcon.colcon_core.shell:Creating environment hook '/home/matsunaga-h/pickup_ws/install/yolo_bringup/share/yolo_bringup/hook/cmake_prefix_path.sh'
[1.445s] Level 1:colcon.colcon_core.environment:checking '/home/matsunaga-h/pickup_ws/install/yolo_bringup/bin'
[1.445s] Level 1:colcon.colcon_core.environment:checking '/home/matsunaga-h/pickup_ws/install/yolo_bringup/lib/pkgconfig/yolo_bringup.pc'
[1.446s] Level 1:colcon.colcon_core.environment:checking '/home/matsunaga-h/pickup_ws/install/yolo_bringup/lib/python3.10/site-packages'
[1.446s] Level 1:colcon.colcon_core.environment:checking '/home/matsunaga-h/pickup_ws/install/yolo_bringup/bin'
[1.446s] INFO:colcon.colcon_core.shell:Creating package script '/home/matsunaga-h/pickup_ws/install/yolo_bringup/share/yolo_bringup/package.ps1'
[1.446s] INFO:colcon.colcon_core.shell:Creating package descriptor '/home/matsunaga-h/pickup_ws/install/yolo_bringup/share/yolo_bringup/package.dsv'
[1.446s] INFO:colcon.colcon_core.shell:Creating package script '/home/matsunaga-h/pickup_ws/install/yolo_bringup/share/yolo_bringup/package.sh'
[1.447s] INFO:colcon.colcon_core.shell:Creating package script '/home/matsunaga-h/pickup_ws/install/yolo_bringup/share/yolo_bringup/package.bash'
[1.447s] INFO:colcon.colcon_core.shell:Creating package script '/home/matsunaga-h/pickup_ws/install/yolo_bringup/share/yolo_bringup/package.zsh'
[1.447s] Level 1:colcon.colcon_core.environment:create_file_with_runtime_dependencies(/home/matsunaga-h/pickup_ws/install/yolo_bringup/share/colcon-core/packages/yolo_bringup)
[1.447s] Level 1:colcon.colcon_core.environment:create_environment_scripts_only(yolo_bringup)
[1.448s] Level 1:colcon.colcon_core.environment:checking '/home/matsunaga-h/pickup_ws/install/yolo_bringup' for CMake module files
[1.448s] Level 1:colcon.colcon_core.environment:checking '/home/matsunaga-h/pickup_ws/install/yolo_bringup' for CMake config files
[1.448s] Level 1:colcon.colcon_core.shell:create_environment_hook('yolo_bringup', 'cmake_prefix_path')
[1.448s] INFO:colcon.colcon_core.shell:Creating environment hook '/home/matsunaga-h/pickup_ws/install/yolo_bringup/share/yolo_bringup/hook/cmake_prefix_path.ps1'
[1.448s] INFO:colcon.colcon_core.shell:Creating environment descriptor '/home/matsunaga-h/pickup_ws/install/yolo_bringup/share/yolo_bringup/hook/cmake_prefix_path.dsv'
[1.448s] INFO:colcon.colcon_core.shell:Creating environment hook '/home/matsunaga-h/pickup_ws/install/yolo_bringup/share/yolo_bringup/hook/cmake_prefix_path.sh'
[1.449s] Level 1:colcon.colcon_core.environment:checking '/home/matsunaga-h/pickup_ws/install/yolo_bringup/bin'
[1.449s] Level 1:colcon.colcon_core.environment:checking '/home/matsunaga-h/pickup_ws/install/yolo_bringup/lib/pkgconfig/yolo_bringup.pc'
[1.449s] Level 1:colcon.colcon_core.environment:checking '/home/matsunaga-h/pickup_ws/install/yolo_bringup/lib/python3.10/site-packages'
[1.449s] Level 1:colcon.colcon_core.environment:checking '/home/matsunaga-h/pickup_ws/install/yolo_bringup/bin'
[1.449s] INFO:colcon.colcon_core.shell:Creating package script '/home/matsunaga-h/pickup_ws/install/yolo_bringup/share/yolo_bringup/package.ps1'
[1.449s] INFO:colcon.colcon_core.shell:Creating package descriptor '/home/matsunaga-h/pickup_ws/install/yolo_bringup/share/yolo_bringup/package.dsv'
[1.450s] INFO:colcon.colcon_core.shell:Creating package script '/home/matsunaga-h/pickup_ws/install/yolo_bringup/share/yolo_bringup/package.sh'
[1.450s] INFO:colcon.colcon_core.shell:Creating package script '/home/matsunaga-h/pickup_ws/install/yolo_bringup/share/yolo_bringup/package.bash'
[1.450s] INFO:colcon.colcon_core.shell:Creating package script '/home/matsunaga-h/pickup_ws/install/yolo_bringup/share/yolo_bringup/package.zsh'
[1.450s] Level 1:colcon.colcon_core.environment:create_file_with_runtime_dependencies(/home/matsunaga-h/pickup_ws/install/yolo_bringup/share/colcon-core/packages/yolo_bringup)
[1.451s] DEBUG:colcon.colcon_parallel_executor.executor.parallel:closing loop
[1.451s] DEBUG:colcon.colcon_parallel_executor.executor.parallel:loop closed
[1.451s] DEBUG:colcon.colcon_parallel_executor.executor.parallel:run_until_complete finished with '0'
[1.451s] DEBUG:colcon.colcon_core.event_reactor:joining thread
[1.454s] INFO:colcon.colcon_core.plugin_system:Skipping extension 'colcon_notification.desktop_notification.terminal_notifier': Not used on non-Darwin systems
[1.455s] INFO:colcon.colcon_core.plugin_system:Skipping extension 'colcon_notification.desktop_notification.win32': Not used on non-Windows systems
[1.455s] INFO:colcon.colcon_notification.desktop_notification:Sending desktop notification using 'notify2'
[1.469s] DEBUG:colcon.colcon_core.event_reactor:joined thread
[1.470s] INFO:colcon.colcon_core.shell:Creating prefix script '/home/matsunaga-h/pickup_ws/install/local_setup.ps1'
[1.470s] INFO:colcon.colcon_core.shell:Creating prefix util module '/home/matsunaga-h/pickup_ws/install/_local_setup_util_ps1.py'
[1.471s] INFO:colcon.colcon_core.shell:Creating prefix chain script '/home/matsunaga-h/pickup_ws/install/setup.ps1'
[1.472s] INFO:colcon.colcon_core.shell:Creating prefix script '/home/matsunaga-h/pickup_ws/install/local_setup.sh'
[1.473s] INFO:colcon.colcon_core.shell:Creating prefix util module '/home/matsunaga-h/pickup_ws/install/_local_setup_util_sh.py'
[1.473s] INFO:colcon.colcon_core.shell:Creating prefix chain script '/home/matsunaga-h/pickup_ws/install/setup.sh'
[1.474s] INFO:colcon.colcon_core.shell:Creating prefix script '/home/matsunaga-h/pickup_ws/install/local_setup.bash'
[1.474s] INFO:colcon.colcon_core.shell:Creating prefix chain script '/home/matsunaga-h/pickup_ws/install/setup.bash'
[1.475s] INFO:colcon.colcon_core.shell:Creating prefix script '/home/matsunaga-h/pickup_ws/install/local_setup.zsh'
[1.475s] INFO:colcon.colcon_core.shell:Creating prefix chain script '/home/matsunaga-h/pickup_ws/install/setup.zsh'
