[0.391s] Invoking command in '/home/matsunaga-h/pickup_ws/air_pkg': PYTHONPATH=/home/matsunaga-h/pickup_ws/build/air_pkg/prefix_override:/usr/lib/python3/dist-packages/colcon_core/task/python/colcon_distutils_commands:/home/matsunaga-h/pickup_ws/install/air_pkg/lib/python3.10/site-packages:${PYTHONPATH} /usr/bin/python3 -W ignore:setup.py install is deprecated -W ignore:easy_install command is deprecated setup.py egg_info --egg-base ../build/air_pkg build --build-base /home/matsunaga-h/pickup_ws/build/air_pkg/build install --record /home/matsunaga-h/pickup_ws/build/air_pkg/install.log --single-version-externally-managed install_data
[0.546s] running egg_info
[0.546s] writing ../build/air_pkg/air_pkg.egg-info/PKG-INFO
[0.546s] writing dependency_links to ../build/air_pkg/air_pkg.egg-info/dependency_links.txt
[0.546s] writing entry points to ../build/air_pkg/air_pkg.egg-info/entry_points.txt
[0.546s] writing requirements to ../build/air_pkg/air_pkg.egg-info/requires.txt
[0.546s] writing top-level names to ../build/air_pkg/air_pkg.egg-info/top_level.txt
[0.547s] reading manifest file '../build/air_pkg/air_pkg.egg-info/SOURCES.txt'
[0.548s] writing manifest file '../build/air_pkg/air_pkg.egg-info/SOURCES.txt'
[0.548s] running build
[0.548s] running build_py
[0.548s] running install
[0.548s] running install_lib
[0.549s] running install_data
[0.549s] running install_egg_info
[0.550s] removing '/home/matsunaga-h/pickup_ws/install/air_pkg/lib/python3.10/site-packages/air_pkg-0.0.0-py3.10.egg-info' (and everything under it)
[0.550s] Copying ../build/air_pkg/air_pkg.egg-info to /home/matsunaga-h/pickup_ws/install/air_pkg/lib/python3.10/site-packages/air_pkg-0.0.0-py3.10.egg-info
[0.550s] running install_scripts
[0.563s] Installing hello_node script to /home/matsunaga-h/pickup_ws/install/air_pkg/lib/air_pkg
[0.564s] writing list of installed files to '/home/matsunaga-h/pickup_ws/build/air_pkg/install.log'
[0.579s] Invoked command in '/home/matsunaga-h/pickup_ws/air_pkg' returned '0': PYTHONPATH=/home/matsunaga-h/pickup_ws/build/air_pkg/prefix_override:/usr/lib/python3/dist-packages/colcon_core/task/python/colcon_distutils_commands:/home/matsunaga-h/pickup_ws/install/air_pkg/lib/python3.10/site-packages:${PYTHONPATH} /usr/bin/python3 -W ignore:setup.py install is deprecated -W ignore:easy_install command is deprecated setup.py egg_info --egg-base ../build/air_pkg build --build-base /home/matsunaga-h/pickup_ws/build/air_pkg/build install --record /home/matsunaga-h/pickup_ws/build/air_pkg/install.log --single-version-externally-managed install_data
