running egg_info
writing ../build/air_pkg/air_pkg.egg-info/PKG-INFO
writing dependency_links to ../build/air_pkg/air_pkg.egg-info/dependency_links.txt
writing entry points to ../build/air_pkg/air_pkg.egg-info/entry_points.txt
writing requirements to ../build/air_pkg/air_pkg.egg-info/requires.txt
writing top-level names to ../build/air_pkg/air_pkg.egg-info/top_level.txt
reading manifest file '../build/air_pkg/air_pkg.egg-info/SOURCES.txt'
writing manifest file '../build/air_pkg/air_pkg.egg-info/SOURCES.txt'
running build
running build_py
running install
running install_lib
running install_data
running install_egg_info
removing '/home/matsunaga-h/pickup_ws/install/air_pkg/lib/python3.10/site-packages/air_pkg-0.0.0-py3.10.egg-info' (and everything under it)
Copying ../build/air_pkg/air_pkg.egg-info to /home/matsunaga-h/pickup_ws/install/air_pkg/lib/python3.10/site-packages/air_pkg-0.0.0-py3.10.egg-info
running install_scripts
Installing arduino_reader script to /home/matsunaga-h/pickup_ws/install/air_pkg/lib/air_pkg
Installing hello_node script to /home/matsunaga-h/pickup_ws/install/air_pkg/lib/air_pkg
writing list of installed files to '/home/matsunaga-h/pickup_ws/build/air_pkg/install.log'
