[0.443s] Invoking command in '/home/matsunaga-h/pickup_ws/src/serial_transciever': PYTHONPATH=/home/matsunaga-h/pickup_ws/build/serial_transciever/prefix_override:/usr/lib/python3/dist-packages/colcon_core/task/python/colcon_distutils_commands:/home/matsunaga-h/pickup_ws/install/serial_transciever/lib/python3.10/site-packages:${PYTHONPATH} /usr/bin/python3 -W ignore:setup.py install is deprecated -W ignore:easy_install command is deprecated setup.py egg_info --egg-base ../../build/serial_transciever build --build-base /home/matsunaga-h/pickup_ws/build/serial_transciever/build install --record /home/matsunaga-h/pickup_ws/build/serial_transciever/install.log --single-version-externally-managed install_data
[0.599s] running egg_info
[0.599s] creating ../../build/serial_transciever/serial_transciever.egg-info
[0.599s] writing ../../build/serial_transciever/serial_transciever.egg-info/PKG-INFO
[0.599s] writing dependency_links to ../../build/serial_transciever/serial_transciever.egg-info/dependency_links.txt
[0.599s] writing entry points to ../../build/serial_transciever/serial_transciever.egg-info/entry_points.txt
[0.600s] writing requirements to ../../build/serial_transciever/serial_transciever.egg-info/requires.txt
[0.600s] writing top-level names to ../../build/serial_transciever/serial_transciever.egg-info/top_level.txt
[0.600s] writing manifest file '../../build/serial_transciever/serial_transciever.egg-info/SOURCES.txt'
[0.601s] reading manifest file '../../build/serial_transciever/serial_transciever.egg-info/SOURCES.txt'
[0.601s] writing manifest file '../../build/serial_transciever/serial_transciever.egg-info/SOURCES.txt'
[0.601s] running build
[0.601s] running build_py
[0.601s] creating /home/matsunaga-h/pickup_ws/build/serial_transciever/build
[0.601s] creating /home/matsunaga-h/pickup_ws/build/serial_transciever/build/lib
[0.601s] creating /home/matsunaga-h/pickup_ws/build/serial_transciever/build/lib/serial_transciever
[0.601s] copying serial_transciever/__init__.py -> /home/matsunaga-h/pickup_ws/build/serial_transciever/build/lib/serial_transciever
[0.601s] running install
[0.602s] running install_lib
[0.602s] creating /home/matsunaga-h/pickup_ws/install/serial_transciever/lib/python3.10/site-packages/serial_transciever
[0.602s] copying /home/matsunaga-h/pickup_ws/build/serial_transciever/build/lib/serial_transciever/__init__.py -> /home/matsunaga-h/pickup_ws/install/serial_transciever/lib/python3.10/site-packages/serial_transciever
[0.602s] byte-compiling /home/matsunaga-h/pickup_ws/install/serial_transciever/lib/python3.10/site-packages/serial_transciever/__init__.py to __init__.cpython-310.pyc
[0.602s] running install_data
[0.602s] creating /home/matsunaga-h/pickup_ws/install/serial_transciever/share/ament_index
[0.602s] creating /home/matsunaga-h/pickup_ws/install/serial_transciever/share/ament_index/resource_index
[0.602s] creating /home/matsunaga-h/pickup_ws/install/serial_transciever/share/ament_index/resource_index/packages
[0.602s] copying resource/serial_transciever -> /home/matsunaga-h/pickup_ws/install/serial_transciever/share/ament_index/resource_index/packages
[0.602s] copying package.xml -> /home/matsunaga-h/pickup_ws/install/serial_transciever/share/serial_transciever
[0.602s] running install_egg_info
[0.604s] Copying ../../build/serial_transciever/serial_transciever.egg-info to /home/matsunaga-h/pickup_ws/install/serial_transciever/lib/python3.10/site-packages/serial_transciever-0.0.0-py3.10.egg-info
[0.604s] running install_scripts
[0.618s] writing list of installed files to '/home/matsunaga-h/pickup_ws/build/serial_transciever/install.log'
[0.634s] Invoked command in '/home/matsunaga-h/pickup_ws/src/serial_transciever' returned '0': PYTHONPATH=/home/matsunaga-h/pickup_ws/build/serial_transciever/prefix_override:/usr/lib/python3/dist-packages/colcon_core/task/python/colcon_distutils_commands:/home/matsunaga-h/pickup_ws/install/serial_transciever/lib/python3.10/site-packages:${PYTHONPATH} /usr/bin/python3 -W ignore:setup.py install is deprecated -W ignore:easy_install command is deprecated setup.py egg_info --egg-base ../../build/serial_transciever build --build-base /home/matsunaga-h/pickup_ws/build/serial_transciever/build install --record /home/matsunaga-h/pickup_ws/build/serial_transciever/install.log --single-version-externally-managed install_data
