[0.426s] Invoking command in '/home/matsunaga-h/pickup_ws/my_package': PYTHONPATH=/home/matsunaga-h/pickup_ws/build/my_package/prefix_override:/usr/lib/python3/dist-packages/colcon_core/task/python/colcon_distutils_commands:/home/matsunaga-h/pickup_ws/install/my_package/lib/python3.10/site-packages:${PYTHONPATH} /usr/bin/python3 -W ignore:setup.py install is deprecated -W ignore:easy_install command is deprecated setup.py egg_info --egg-base ../build/my_package build --build-base /home/matsunaga-h/pickup_ws/build/my_package/build install --record /home/matsunaga-h/pickup_ws/build/my_package/install.log --single-version-externally-managed install_data
[0.578s] running egg_info
[0.578s] creating ../build/my_package/my_package.egg-info
[0.578s] writing ../build/my_package/my_package.egg-info/PKG-INFO
[0.578s] writing dependency_links to ../build/my_package/my_package.egg-info/dependency_links.txt
[0.578s] writing entry points to ../build/my_package/my_package.egg-info/entry_points.txt
[0.578s] writing requirements to ../build/my_package/my_package.egg-info/requires.txt
[0.578s] writing top-level names to ../build/my_package/my_package.egg-info/top_level.txt
[0.578s] writing manifest file '../build/my_package/my_package.egg-info/SOURCES.txt'
[0.579s] reading manifest file '../build/my_package/my_package.egg-info/SOURCES.txt'
[0.580s] writing manifest file '../build/my_package/my_package.egg-info/SOURCES.txt'
[0.580s] running build
[0.580s] running build_py
[0.580s] creating /home/matsunaga-h/pickup_ws/build/my_package/build
[0.580s] creating /home/matsunaga-h/pickup_ws/build/my_package/build/lib
[0.580s] creating /home/matsunaga-h/pickup_ws/build/my_package/build/lib/my_package
[0.580s] copying my_package/hello.py -> /home/matsunaga-h/pickup_ws/build/my_package/build/lib/my_package
[0.580s] copying my_package/__init__.py -> /home/matsunaga-h/pickup_ws/build/my_package/build/lib/my_package
[0.580s] running install
[0.580s] running install_lib
[0.580s] creating /home/matsunaga-h/pickup_ws/install/my_package/lib/python3.10/site-packages/my_package
[0.580s] copying /home/matsunaga-h/pickup_ws/build/my_package/build/lib/my_package/hello.py -> /home/matsunaga-h/pickup_ws/install/my_package/lib/python3.10/site-packages/my_package
[0.581s] copying /home/matsunaga-h/pickup_ws/build/my_package/build/lib/my_package/__init__.py -> /home/matsunaga-h/pickup_ws/install/my_package/lib/python3.10/site-packages/my_package
[0.581s] byte-compiling /home/matsunaga-h/pickup_ws/install/my_package/lib/python3.10/site-packages/my_package/hello.py to hello.cpython-310.pyc
[0.581s] byte-compiling /home/matsunaga-h/pickup_ws/install/my_package/lib/python3.10/site-packages/my_package/__init__.py to __init__.cpython-310.pyc
[0.581s] running install_data
[0.581s] creating /home/matsunaga-h/pickup_ws/install/my_package/share/ament_index
[0.581s] creating /home/matsunaga-h/pickup_ws/install/my_package/share/ament_index/resource_index
[0.581s] creating /home/matsunaga-h/pickup_ws/install/my_package/share/ament_index/resource_index/packages
[0.581s] copying resource/my_package -> /home/matsunaga-h/pickup_ws/install/my_package/share/ament_index/resource_index/packages
[0.581s] copying package.xml -> /home/matsunaga-h/pickup_ws/install/my_package/share/my_package
[0.581s] running install_egg_info
[0.582s] Copying ../build/my_package/my_package.egg-info to /home/matsunaga-h/pickup_ws/install/my_package/lib/python3.10/site-packages/my_package-0.0.0-py3.10.egg-info
[0.583s] running install_scripts
[0.596s] writing list of installed files to '/home/matsunaga-h/pickup_ws/build/my_package/install.log'
[0.612s] Invoked command in '/home/matsunaga-h/pickup_ws/my_package' returned '0': PYTHONPATH=/home/matsunaga-h/pickup_ws/build/my_package/prefix_override:/usr/lib/python3/dist-packages/colcon_core/task/python/colcon_distutils_commands:/home/matsunaga-h/pickup_ws/install/my_package/lib/python3.10/site-packages:${PYTHONPATH} /usr/bin/python3 -W ignore:setup.py install is deprecated -W ignore:easy_install command is deprecated setup.py egg_info --egg-base ../build/my_package build --build-base /home/matsunaga-h/pickup_ws/build/my_package/build install --record /home/matsunaga-h/pickup_ws/build/my_package/install.log --single-version-externally-managed install_data
