running egg_info
writing ../../build/vacuum_switch/vacuum_switch.egg-info/PKG-INFO
writing dependency_links to ../../build/vacuum_switch/vacuum_switch.egg-info/dependency_links.txt
writing entry points to ../../build/vacuum_switch/vacuum_switch.egg-info/entry_points.txt
writing requirements to ../../build/vacuum_switch/vacuum_switch.egg-info/requires.txt
writing top-level names to ../../build/vacuum_switch/vacuum_switch.egg-info/top_level.txt
reading manifest file '../../build/vacuum_switch/vacuum_switch.egg-info/SOURCES.txt'
writing manifest file '../../build/vacuum_switch/vacuum_switch.egg-info/SOURCES.txt'
running build
running build_py
copying vacuum_switch/switch.py -> /home/matsunaga-h/pickup_ws/build/vacuum_switch/build/lib/vacuum_switch
running install
running install_lib
copying /home/matsunaga-h/pickup_ws/build/vacuum_switch/build/lib/vacuum_switch/switch.py -> /home/matsunaga-h/pickup_ws/install/vacuum_switch/lib/python3.10/site-packages/vacuum_switch
byte-compiling /home/matsunaga-h/pickup_ws/install/vacuum_switch/lib/python3.10/site-packages/vacuum_switch/switch.py to switch.cpython-310.pyc
running install_data
running install_egg_info
removing '/home/matsunaga-h/pickup_ws/install/vacuum_switch/lib/python3.10/site-packages/vacuum_switch-0.0.0-py3.10.egg-info' (and everything under it)
Copying ../../build/vacuum_switch/vacuum_switch.egg-info to /home/matsunaga-h/pickup_ws/install/vacuum_switch/lib/python3.10/site-packages/vacuum_switch-0.0.0-py3.10.egg-info
running install_scripts
writing list of installed files to '/home/matsunaga-h/pickup_ws/build/vacuum_switch/install.log'
