[0.607s] Invoking command in '/home/matsunaga-h/pickup_ws/src/vacuum_switch': PYTHONPATH=/home/matsunaga-h/pickup_ws/build/vacuum_switch/prefix_override:/usr/lib/python3/dist-packages/colcon_core/task/python/colcon_distutils_commands:/home/matsunaga-h/pickup_ws/install/vacuum_switch/lib/python3.10/site-packages:${PYTHONPATH} /usr/bin/python3 -W ignore:setup.py install is deprecated -W ignore:easy_install command is deprecated setup.py egg_info --egg-base ../../build/vacuum_switch build --build-base /home/matsunaga-h/pickup_ws/build/vacuum_switch/build install --record /home/matsunaga-h/pickup_ws/build/vacuum_switch/install.log --single-version-externally-managed install_data
[0.766s] running egg_info
[0.766s] writing ../../build/vacuum_switch/vacuum_switch.egg-info/PKG-INFO
[0.766s] writing dependency_links to ../../build/vacuum_switch/vacuum_switch.egg-info/dependency_links.txt
[0.766s] writing entry points to ../../build/vacuum_switch/vacuum_switch.egg-info/entry_points.txt
[0.766s] writing requirements to ../../build/vacuum_switch/vacuum_switch.egg-info/requires.txt
[0.766s] writing top-level names to ../../build/vacuum_switch/vacuum_switch.egg-info/top_level.txt
[0.768s] reading manifest file '../../build/vacuum_switch/vacuum_switch.egg-info/SOURCES.txt'
[0.768s] writing manifest file '../../build/vacuum_switch/vacuum_switch.egg-info/SOURCES.txt'
[0.768s] running build
[0.768s] running build_py
[0.768s] copying vacuum_switch/switch.py -> /home/matsunaga-h/pickup_ws/build/vacuum_switch/build/lib/vacuum_switch
[0.769s] running install
[0.769s] running install_lib
[0.769s] copying /home/matsunaga-h/pickup_ws/build/vacuum_switch/build/lib/vacuum_switch/switch.py -> /home/matsunaga-h/pickup_ws/install/vacuum_switch/lib/python3.10/site-packages/vacuum_switch
[0.770s] byte-compiling /home/matsunaga-h/pickup_ws/install/vacuum_switch/lib/python3.10/site-packages/vacuum_switch/switch.py to switch.cpython-310.pyc
[0.770s] running install_data
[0.770s] running install_egg_info
[0.771s] removing '/home/matsunaga-h/pickup_ws/install/vacuum_switch/lib/python3.10/site-packages/vacuum_switch-0.0.0-py3.10.egg-info' (and everything under it)
[0.771s] Copying ../../build/vacuum_switch/vacuum_switch.egg-info to /home/matsunaga-h/pickup_ws/install/vacuum_switch/lib/python3.10/site-packages/vacuum_switch-0.0.0-py3.10.egg-info
[0.772s] running install_scripts
[0.786s] writing list of installed files to '/home/matsunaga-h/pickup_ws/build/vacuum_switch/install.log'
[0.806s] Invoked command in '/home/matsunaga-h/pickup_ws/src/vacuum_switch' returned '0': PYTHONPATH=/home/matsunaga-h/pickup_ws/build/vacuum_switch/prefix_override:/usr/lib/python3/dist-packages/colcon_core/task/python/colcon_distutils_commands:/home/matsunaga-h/pickup_ws/install/vacuum_switch/lib/python3.10/site-packages:${PYTHONPATH} /usr/bin/python3 -W ignore:setup.py install is deprecated -W ignore:easy_install command is deprecated setup.py egg_info --egg-base ../../build/vacuum_switch build --build-base /home/matsunaga-h/pickup_ws/build/vacuum_switch/build install --record /home/matsunaga-h/pickup_ws/build/vacuum_switch/install.log --single-version-externally-managed install_data
