[0.067s] DEBUG:colcon:Command line arguments: ['/usr/bin/colcon', 'build']
[0.067s] DEBUG:colcon:Parsed command line arguments: Namespace(log_base=None, log_level=None, verb_name='build', build_base='build', install_base='install', merge_install=False, symlink_install=False, test_result_base=None, continue_on_error=False, executor='parallel', parallel_workers=16, event_handlers=None, ignore_user_meta=False, metas=['./colcon.meta'], base_paths=['.'], packages_ignore=None, packages_ignore_regex=None, paths=None, packages_up_to=None, packages_up_to_regex=None, packages_above=None, packages_above_and_dependencies=None, packages_above_depth=None, packages_select_by_dep=None, packages_skip_by_dep=None, packages_skip_up_to=None, packages_select_build_failed=False, packages_skip_build_finished=False, packages_select_test_failures=False, packages_skip_test_passed=False, packages_select=None, packages_skip=None, packages_select_regex=None, packages_skip_regex=None, packages_start=None, packages_end=None, allow_overriding=[], cmake_args=None, cmake_target=None, cmake_target_skip_unavailable=False, cmake_clean_cache=False, cmake_clean_first=False, cmake_force_configure=False, ament_cmake_args=None, catkin_cmake_args=None, catkin_skip_building_tests=False, mixin_files=None, mixin=None, verb_parser=<colcon_mixin.mixin.mixin_argument.MixinArgumentDecorator object at 0x7384a5ad6b60>, verb_extension=<colcon_core.verb.build.BuildVerb object at 0x7384a5ad5cc0>, main=<bound method BuildVerb.main of <colcon_core.verb.build.BuildVerb object at 0x7384a5ad5cc0>>, mixin_verb=('build',))
[0.166s] Level 1:colcon.colcon_core.package_discovery:discover_packages(colcon_meta) check parameters
[0.166s] Level 1:colcon.colcon_core.package_discovery:discover_packages(recursive) check parameters
[0.166s] Level 1:colcon.colcon_core.package_discovery:discover_packages(ignore) check parameters
[0.166s] Level 1:colcon.colcon_core.package_discovery:discover_packages(path) check parameters
[0.166s] Level 1:colcon.colcon_core.package_discovery:discover_packages(colcon_meta) discover
[0.166s] Level 1:colcon.colcon_core.package_discovery:discover_packages(recursive) discover
[0.166s] INFO:colcon.colcon_core.package_discovery:Crawling recursively for packages in '/home/matsunaga-h/pickup_ws'
[0.166s] Level 1:colcon.colcon_core.package_identification:_identify(.) by extensions ['ignore', 'ignore_ament_install']
[0.166s] Level 1:colcon.colcon_core.package_identification:_identify(.) by extension 'ignore'
[0.166s] Level 1:colcon.colcon_core.package_identification:_identify(.) by extension 'ignore_ament_install'
[0.167s] Level 1:colcon.colcon_core.package_identification:_identify(.) by extensions ['colcon_pkg']
[0.167s] Level 1:colcon.colcon_core.package_identification:_identify(.) by extension 'colcon_pkg'
[0.167s] Level 1:colcon.colcon_core.package_identification:_identify(.) by extensions ['colcon_meta']
[0.167s] Level 1:colcon.colcon_core.package_identification:_identify(.) by extension 'colcon_meta'
[0.167s] Level 1:colcon.colcon_core.package_identification:_identify(.) by extensions ['ros']
[0.167s] Level 1:colcon.colcon_core.package_identification:_identify(.) by extension 'ros'
[0.174s] Level 1:colcon.colcon_core.package_identification:_identify(.) by extensions ['cmake', 'python']
[0.174s] Level 1:colcon.colcon_core.package_identification:_identify(.) by extension 'cmake'
[0.174s] Level 1:colcon.colcon_core.package_identification:_identify(.) by extension 'python'
[0.174s] Level 1:colcon.colcon_core.package_identification:_identify(.) by extensions ['python_setup_py']
[0.174s] Level 1:colcon.colcon_core.package_identification:_identify(.) by extension 'python_setup_py'
[0.174s] Level 1:colcon.colcon_core.package_identification:_identify(build) by extensions ['ignore', 'ignore_ament_install']
[0.174s] Level 1:colcon.colcon_core.package_identification:_identify(build) by extension 'ignore'
[0.174s] Level 1:colcon.colcon_core.package_identification:_identify(build) ignored
[0.174s] Level 1:colcon.colcon_core.package_identification:_identify(install) by extensions ['ignore', 'ignore_ament_install']
[0.174s] Level 1:colcon.colcon_core.package_identification:_identify(install) by extension 'ignore'
[0.174s] Level 1:colcon.colcon_core.package_identification:_identify(install) ignored
[0.174s] Level 1:colcon.colcon_core.package_identification:_identify(log) by extensions ['ignore', 'ignore_ament_install']
[0.174s] Level 1:colcon.colcon_core.package_identification:_identify(log) by extension 'ignore'
[0.174s] Level 1:colcon.colcon_core.package_identification:_identify(log) ignored
[0.174s] Level 1:colcon.colcon_core.package_identification:_identify(src) by extensions ['ignore', 'ignore_ament_install']
[0.174s] Level 1:colcon.colcon_core.package_identification:_identify(src) by extension 'ignore'
[0.174s] Level 1:colcon.colcon_core.package_identification:_identify(src) by extension 'ignore_ament_install'
[0.174s] Level 1:colcon.colcon_core.package_identification:_identify(src) by extensions ['colcon_pkg']
[0.174s] Level 1:colcon.colcon_core.package_identification:_identify(src) by extension 'colcon_pkg'
[0.174s] Level 1:colcon.colcon_core.package_identification:_identify(src) by extensions ['colcon_meta']
[0.174s] Level 1:colcon.colcon_core.package_identification:_identify(src) by extension 'colcon_meta'
[0.174s] Level 1:colcon.colcon_core.package_identification:_identify(src) by extensions ['ros']
[0.174s] Level 1:colcon.colcon_core.package_identification:_identify(src) by extension 'ros'
[0.174s] Level 1:colcon.colcon_core.package_identification:_identify(src) by extensions ['cmake', 'python']
[0.174s] Level 1:colcon.colcon_core.package_identification:_identify(src) by extension 'cmake'
[0.174s] Level 1:colcon.colcon_core.package_identification:_identify(src) by extension 'python'
[0.174s] Level 1:colcon.colcon_core.package_identification:_identify(src) by extensions ['python_setup_py']
[0.174s] Level 1:colcon.colcon_core.package_identification:_identify(src) by extension 'python_setup_py'
[0.174s] Level 1:colcon.colcon_core.package_identification:_identify(src/air_pkg) by extensions ['ignore', 'ignore_ament_install']
[0.175s] Level 1:colcon.colcon_core.package_identification:_identify(src/air_pkg) by extension 'ignore'
[0.175s] Level 1:colcon.colcon_core.package_identification:_identify(src/air_pkg) by extension 'ignore_ament_install'
[0.175s] Level 1:colcon.colcon_core.package_identification:_identify(src/air_pkg) by extensions ['colcon_pkg']
[0.175s] Level 1:colcon.colcon_core.package_identification:_identify(src/air_pkg) by extension 'colcon_pkg'
[0.175s] Level 1:colcon.colcon_core.package_identification:_identify(src/air_pkg) by extensions ['colcon_meta']
[0.175s] Level 1:colcon.colcon_core.package_identification:_identify(src/air_pkg) by extension 'colcon_meta'
[0.175s] Level 1:colcon.colcon_core.package_identification:_identify(src/air_pkg) by extensions ['ros']
[0.175s] Level 1:colcon.colcon_core.package_identification:_identify(src/air_pkg) by extension 'ros'
[0.176s] DEBUG:colcon.colcon_core.package_identification:Package 'src/air_pkg' with type 'ros.ament_python' and name 'air_pkg'
[0.176s] Level 1:colcon.colcon_core.package_identification:_identify(src/build) by extensions ['ignore', 'ignore_ament_install']
[0.176s] Level 1:colcon.colcon_core.package_identification:_identify(src/build) by extension 'ignore'
[0.176s] Level 1:colcon.colcon_core.package_identification:_identify(src/build) ignored
[0.176s] Level 1:colcon.colcon_core.package_identification:_identify(src/install) by extensions ['ignore', 'ignore_ament_install']
[0.177s] Level 1:colcon.colcon_core.package_identification:_identify(src/install) by extension 'ignore'
[0.177s] Level 1:colcon.colcon_core.package_identification:_identify(src/install) ignored
[0.177s] Level 1:colcon.colcon_core.package_identification:_identify(src/log) by extensions ['ignore', 'ignore_ament_install']
[0.177s] Level 1:colcon.colcon_core.package_identification:_identify(src/log) by extension 'ignore'
[0.177s] Level 1:colcon.colcon_core.package_identification:_identify(src/log) ignored
[0.177s] Level 1:colcon.colcon_core.package_identification:_identify(src/vacuum_switch) by extensions ['ignore', 'ignore_ament_install']
[0.177s] Level 1:colcon.colcon_core.package_identification:_identify(src/vacuum_switch) by extension 'ignore'
[0.177s] Level 1:colcon.colcon_core.package_identification:_identify(src/vacuum_switch) by extension 'ignore_ament_install'
[0.177s] Level 1:colcon.colcon_core.package_identification:_identify(src/vacuum_switch) by extensions ['colcon_pkg']
[0.177s] Level 1:colcon.colcon_core.package_identification:_identify(src/vacuum_switch) by extension 'colcon_pkg'
[0.177s] Level 1:colcon.colcon_core.package_identification:_identify(src/vacuum_switch) by extensions ['colcon_meta']
[0.177s] Level 1:colcon.colcon_core.package_identification:_identify(src/vacuum_switch) by extension 'colcon_meta'
[0.177s] Level 1:colcon.colcon_core.package_identification:_identify(src/vacuum_switch) by extensions ['ros']
[0.177s] Level 1:colcon.colcon_core.package_identification:_identify(src/vacuum_switch) by extension 'ros'
[0.177s] DEBUG:colcon.colcon_core.package_identification:Package 'src/vacuum_switch' with type 'ros.ament_python' and name 'vacuum_switch'
[0.177s] Level 1:colcon.colcon_core.package_discovery:discover_packages(recursive) using defaults
[0.177s] Level 1:colcon.colcon_core.package_discovery:discover_packages(ignore) discover
[0.177s] Level 1:colcon.colcon_core.package_discovery:discover_packages(ignore) using defaults
[0.177s] Level 1:colcon.colcon_core.package_discovery:discover_packages(path) discover
[0.177s] Level 1:colcon.colcon_core.package_discovery:discover_packages(path) using defaults
[0.197s] Level 1:colcon.colcon_core.package_discovery:discover_packages(prefix_path) check parameters
[0.197s] Level 1:colcon.colcon_core.package_discovery:discover_packages(prefix_path) discover
[0.198s] DEBUG:colcon.colcon_installed_package_information.package_discovery:Found 312 installed packages in /opt/ros/humble
[0.199s] Level 1:colcon.colcon_core.package_discovery:discover_packages(prefix_path) using defaults
[0.223s] Level 5:colcon.colcon_core.verb:set package 'air_pkg' build argument 'cmake_args' from command line to 'None'
[0.223s] Level 5:colcon.colcon_core.verb:set package 'air_pkg' build argument 'cmake_target' from command line to 'None'
[0.223s] Level 5:colcon.colcon_core.verb:set package 'air_pkg' build argument 'cmake_target_skip_unavailable' from command line to 'False'
[0.223s] Level 5:colcon.colcon_core.verb:set package 'air_pkg' build argument 'cmake_clean_cache' from command line to 'False'
[0.223s] Level 5:colcon.colcon_core.verb:set package 'air_pkg' build argument 'cmake_clean_first' from command line to 'False'
[0.223s] Level 5:colcon.colcon_core.verb:set package 'air_pkg' build argument 'cmake_force_configure' from command line to 'False'
[0.223s] Level 5:colcon.colcon_core.verb:set package 'air_pkg' build argument 'ament_cmake_args' from command line to 'None'
[0.223s] Level 5:colcon.colcon_core.verb:set package 'air_pkg' build argument 'catkin_cmake_args' from command line to 'None'
[0.223s] Level 5:colcon.colcon_core.verb:set package 'air_pkg' build argument 'catkin_skip_building_tests' from command line to 'False'
[0.223s] DEBUG:colcon.colcon_core.verb:Building package 'air_pkg' with the following arguments: {'ament_cmake_args': None, 'build_base': '/home/matsunaga-h/pickup_ws/build/air_pkg', 'catkin_cmake_args': None, 'catkin_skip_building_tests': False, 'cmake_args': None, 'cmake_clean_cache': False, 'cmake_clean_first': False, 'cmake_force_configure': False, 'cmake_target': None, 'cmake_target_skip_unavailable': False, 'install_base': '/home/matsunaga-h/pickup_ws/install/air_pkg', 'merge_install': False, 'path': '/home/matsunaga-h/pickup_ws/src/air_pkg', 'symlink_install': False, 'test_result_base': None}
[0.224s] Level 5:colcon.colcon_core.verb:set package 'vacuum_switch' build argument 'cmake_args' from command line to 'None'
[0.224s] Level 5:colcon.colcon_core.verb:set package 'vacuum_switch' build argument 'cmake_target' from command line to 'None'
[0.224s] Level 5:colcon.colcon_core.verb:set package 'vacuum_switch' build argument 'cmake_target_skip_unavailable' from command line to 'False'
[0.224s] Level 5:colcon.colcon_core.verb:set package 'vacuum_switch' build argument 'cmake_clean_cache' from command line to 'False'
[0.224s] Level 5:colcon.colcon_core.verb:set package 'vacuum_switch' build argument 'cmake_clean_first' from command line to 'False'
[0.224s] Level 5:colcon.colcon_core.verb:set package 'vacuum_switch' build argument 'cmake_force_configure' from command line to 'False'
[0.224s] Level 5:colcon.colcon_core.verb:set package 'vacuum_switch' build argument 'ament_cmake_args' from command line to 'None'
[0.224s] Level 5:colcon.colcon_core.verb:set package 'vacuum_switch' build argument 'catkin_cmake_args' from command line to 'None'
[0.224s] Level 5:colcon.colcon_core.verb:set package 'vacuum_switch' build argument 'catkin_skip_building_tests' from command line to 'False'
[0.224s] DEBUG:colcon.colcon_core.verb:Building package 'vacuum_switch' with the following arguments: {'ament_cmake_args': None, 'build_base': '/home/matsunaga-h/pickup_ws/build/vacuum_switch', 'catkin_cmake_args': None, 'catkin_skip_building_tests': False, 'cmake_args': None, 'cmake_clean_cache': False, 'cmake_clean_first': False, 'cmake_force_configure': False, 'cmake_target': None, 'cmake_target_skip_unavailable': False, 'install_base': '/home/matsunaga-h/pickup_ws/install/vacuum_switch', 'merge_install': False, 'path': '/home/matsunaga-h/pickup_ws/src/vacuum_switch', 'symlink_install': False, 'test_result_base': None}
[0.224s] INFO:colcon.colcon_core.executor:Executing jobs using 'parallel' executor
[0.225s] DEBUG:colcon.colcon_parallel_executor.executor.parallel:run_until_complete
[0.225s] INFO:colcon.colcon_ros.task.ament_python.build:Building ROS package in '/home/matsunaga-h/pickup_ws/src/air_pkg' with build type 'ament_python'
[0.225s] Level 1:colcon.colcon_core.shell:create_environment_hook('air_pkg', 'ament_prefix_path')
[0.226s] INFO:colcon.colcon_core.plugin_system:Skipping extension 'colcon_core.shell.bat': Not used on non-Windows systems
[0.226s] INFO:colcon.colcon_core.shell:Creating environment hook '/home/matsunaga-h/pickup_ws/install/air_pkg/share/air_pkg/hook/ament_prefix_path.ps1'
[0.227s] INFO:colcon.colcon_core.shell:Creating environment descriptor '/home/matsunaga-h/pickup_ws/install/air_pkg/share/air_pkg/hook/ament_prefix_path.dsv'
[0.227s] INFO:colcon.colcon_core.shell:Creating environment hook '/home/matsunaga-h/pickup_ws/install/air_pkg/share/air_pkg/hook/ament_prefix_path.sh'
[0.228s] INFO:colcon.colcon_core.shell:Skip shell extension 'powershell' for command environment: Not usable outside of PowerShell
[0.228s] DEBUG:colcon.colcon_core.shell:Skip shell extension 'dsv' for command environment
[0.230s] INFO:colcon.colcon_ros.task.ament_python.build:Building ROS package in '/home/matsunaga-h/pickup_ws/src/vacuum_switch' with build type 'ament_python'
[0.230s] Level 1:colcon.colcon_core.shell:create_environment_hook('vacuum_switch', 'ament_prefix_path')
[0.230s] INFO:colcon.colcon_core.shell:Creating environment hook '/home/matsunaga-h/pickup_ws/install/vacuum_switch/share/vacuum_switch/hook/ament_prefix_path.ps1'
[0.230s] INFO:colcon.colcon_core.shell:Creating environment descriptor '/home/matsunaga-h/pickup_ws/install/vacuum_switch/share/vacuum_switch/hook/ament_prefix_path.dsv'
[0.231s] INFO:colcon.colcon_core.shell:Creating environment hook '/home/matsunaga-h/pickup_ws/install/vacuum_switch/share/vacuum_switch/hook/ament_prefix_path.sh'
[0.231s] INFO:colcon.colcon_core.shell:Skip shell extension 'powershell' for command environment: Not usable outside of PowerShell
[0.231s] DEBUG:colcon.colcon_core.shell:Skip shell extension 'dsv' for command environment
[0.386s] INFO:colcon.colcon_core.task.python.build:Building Python package in '/home/matsunaga-h/pickup_ws/src/air_pkg'
[0.386s] INFO:colcon.colcon_core.shell:Skip shell extension 'powershell' for command environment: Not usable outside of PowerShell
[0.386s] DEBUG:colcon.colcon_core.shell:Skip shell extension 'dsv' for command environment
[0.543s] INFO:colcon.colcon_core.task.python.build:Building Python package in '/home/matsunaga-h/pickup_ws/src/vacuum_switch'
[0.544s] INFO:colcon.colcon_core.shell:Skip shell extension 'powershell' for command environment: Not usable outside of PowerShell
[0.544s] DEBUG:colcon.colcon_core.shell:Skip shell extension 'dsv' for command environment
[0.766s] DEBUG:colcon.colcon_core.event_handler.log_command:Invoking command in '/home/matsunaga-h/pickup_ws/src/air_pkg': PYTHONPATH=/home/matsunaga-h/pickup_ws/build/air_pkg/prefix_override:/usr/lib/python3/dist-packages/colcon_core/task/python/colcon_distutils_commands:/home/matsunaga-h/pickup_ws/install/air_pkg/lib/python3.10/site-packages:${PYTHONPATH} /usr/bin/python3 -W ignore:setup.py install is deprecated -W ignore:easy_install command is deprecated setup.py egg_info --egg-base ../../build/air_pkg build --build-base /home/matsunaga-h/pickup_ws/build/air_pkg/build install --record /home/matsunaga-h/pickup_ws/build/air_pkg/install.log --single-version-externally-managed install_data
[0.769s] DEBUG:colcon.colcon_core.event_handler.log_command:Invoking command in '/home/matsunaga-h/pickup_ws/src/vacuum_switch': PYTHONPATH=/home/matsunaga-h/pickup_ws/build/vacuum_switch/prefix_override:/usr/lib/python3/dist-packages/colcon_core/task/python/colcon_distutils_commands:/home/matsunaga-h/pickup_ws/install/vacuum_switch/lib/python3.10/site-packages:${PYTHONPATH} /usr/bin/python3 -W ignore:setup.py install is deprecated -W ignore:easy_install command is deprecated setup.py egg_info --egg-base ../../build/vacuum_switch build --build-base /home/matsunaga-h/pickup_ws/build/vacuum_switch/build install --record /home/matsunaga-h/pickup_ws/build/vacuum_switch/install.log --single-version-externally-managed install_data
[0.948s] DEBUG:colcon.colcon_core.event_handler.log_command:Invoked command in '/home/matsunaga-h/pickup_ws/src/vacuum_switch' returned '0': PYTHONPATH=/home/matsunaga-h/pickup_ws/build/vacuum_switch/prefix_override:/usr/lib/python3/dist-packages/colcon_core/task/python/colcon_distutils_commands:/home/matsunaga-h/pickup_ws/install/vacuum_switch/lib/python3.10/site-packages:${PYTHONPATH} /usr/bin/python3 -W ignore:setup.py install is deprecated -W ignore:easy_install command is deprecated setup.py egg_info --egg-base ../../build/vacuum_switch build --build-base /home/matsunaga-h/pickup_ws/build/vacuum_switch/build install --record /home/matsunaga-h/pickup_ws/build/vacuum_switch/install.log --single-version-externally-managed install_data
[0.949s] Level 1:colcon.colcon_core.environment:checking '/home/matsunaga-h/pickup_ws/install/vacuum_switch' for CMake module files
[0.949s] Level 1:colcon.colcon_core.environment:checking '/home/matsunaga-h/pickup_ws/install/vacuum_switch' for CMake config files
[0.949s] Level 1:colcon.colcon_core.environment:checking '/home/matsunaga-h/pickup_ws/install/vacuum_switch/lib'
[0.950s] Level 1:colcon.colcon_core.environment:checking '/home/matsunaga-h/pickup_ws/install/vacuum_switch/bin'
[0.950s] Level 1:colcon.colcon_core.environment:checking '/home/matsunaga-h/pickup_ws/install/vacuum_switch/lib/pkgconfig/vacuum_switch.pc'
[0.950s] Level 1:colcon.colcon_core.environment:checking '/home/matsunaga-h/pickup_ws/install/vacuum_switch/lib/python3.10/site-packages'
[0.950s] Level 1:colcon.colcon_core.shell:create_environment_hook('vacuum_switch', 'pythonpath')
[0.950s] INFO:colcon.colcon_core.shell:Creating environment hook '/home/matsunaga-h/pickup_ws/install/vacuum_switch/share/vacuum_switch/hook/pythonpath.ps1'
[0.950s] INFO:colcon.colcon_core.shell:Creating environment descriptor '/home/matsunaga-h/pickup_ws/install/vacuum_switch/share/vacuum_switch/hook/pythonpath.dsv'
[0.950s] INFO:colcon.colcon_core.shell:Creating environment hook '/home/matsunaga-h/pickup_ws/install/vacuum_switch/share/vacuum_switch/hook/pythonpath.sh'
[0.951s] Level 1:colcon.colcon_core.environment:checking '/home/matsunaga-h/pickup_ws/install/vacuum_switch/bin'
[0.951s] Level 1:colcon.colcon_core.environment:create_environment_scripts_only(vacuum_switch)
[0.951s] INFO:colcon.colcon_core.shell:Creating package script '/home/matsunaga-h/pickup_ws/install/vacuum_switch/share/vacuum_switch/package.ps1'
[0.952s] INFO:colcon.colcon_core.shell:Creating package descriptor '/home/matsunaga-h/pickup_ws/install/vacuum_switch/share/vacuum_switch/package.dsv'
[0.952s] INFO:colcon.colcon_core.shell:Creating package script '/home/matsunaga-h/pickup_ws/install/vacuum_switch/share/vacuum_switch/package.sh'
[0.952s] INFO:colcon.colcon_core.shell:Creating package script '/home/matsunaga-h/pickup_ws/install/vacuum_switch/share/vacuum_switch/package.bash'
[0.953s] INFO:colcon.colcon_core.shell:Creating package script '/home/matsunaga-h/pickup_ws/install/vacuum_switch/share/vacuum_switch/package.zsh'
[0.953s] Level 1:colcon.colcon_core.environment:create_file_with_runtime_dependencies(/home/matsunaga-h/pickup_ws/install/vacuum_switch/share/colcon-core/packages/vacuum_switch)
[0.954s] Level 1:colcon.colcon_core.environment:checking '/home/matsunaga-h/pickup_ws/install/air_pkg' for CMake module files
[0.955s] DEBUG:colcon.colcon_core.event_handler.log_command:Invoked command in '/home/matsunaga-h/pickup_ws/src/air_pkg' returned '0': PYTHONPATH=/home/matsunaga-h/pickup_ws/build/air_pkg/prefix_override:/usr/lib/python3/dist-packages/colcon_core/task/python/colcon_distutils_commands:/home/matsunaga-h/pickup_ws/install/air_pkg/lib/python3.10/site-packages:${PYTHONPATH} /usr/bin/python3 -W ignore:setup.py install is deprecated -W ignore:easy_install command is deprecated setup.py egg_info --egg-base ../../build/air_pkg build --build-base /home/matsunaga-h/pickup_ws/build/air_pkg/build install --record /home/matsunaga-h/pickup_ws/build/air_pkg/install.log --single-version-externally-managed install_data
[0.955s] Level 1:colcon.colcon_core.environment:checking '/home/matsunaga-h/pickup_ws/install/air_pkg' for CMake config files
[0.955s] Level 1:colcon.colcon_core.environment:checking '/home/matsunaga-h/pickup_ws/install/air_pkg/lib'
[0.955s] Level 1:colcon.colcon_core.environment:checking '/home/matsunaga-h/pickup_ws/install/air_pkg/bin'
[0.955s] Level 1:colcon.colcon_core.environment:checking '/home/matsunaga-h/pickup_ws/install/air_pkg/lib/pkgconfig/air_pkg.pc'
[0.955s] Level 1:colcon.colcon_core.environment:checking '/home/matsunaga-h/pickup_ws/install/air_pkg/lib/python3.10/site-packages'
[0.955s] Level 1:colcon.colcon_core.shell:create_environment_hook('air_pkg', 'pythonpath')
[0.955s] INFO:colcon.colcon_core.shell:Creating environment hook '/home/matsunaga-h/pickup_ws/install/air_pkg/share/air_pkg/hook/pythonpath.ps1'
[0.956s] INFO:colcon.colcon_core.shell:Creating environment descriptor '/home/matsunaga-h/pickup_ws/install/air_pkg/share/air_pkg/hook/pythonpath.dsv'
[0.956s] INFO:colcon.colcon_core.shell:Creating environment hook '/home/matsunaga-h/pickup_ws/install/air_pkg/share/air_pkg/hook/pythonpath.sh'
[0.956s] Level 1:colcon.colcon_core.environment:checking '/home/matsunaga-h/pickup_ws/install/air_pkg/bin'
[0.956s] Level 1:colcon.colcon_core.environment:create_environment_scripts_only(air_pkg)
[0.956s] INFO:colcon.colcon_core.shell:Creating package script '/home/matsunaga-h/pickup_ws/install/air_pkg/share/air_pkg/package.ps1'
[0.957s] INFO:colcon.colcon_core.shell:Creating package descriptor '/home/matsunaga-h/pickup_ws/install/air_pkg/share/air_pkg/package.dsv'
[0.957s] INFO:colcon.colcon_core.shell:Creating package script '/home/matsunaga-h/pickup_ws/install/air_pkg/share/air_pkg/package.sh'
[0.957s] INFO:colcon.colcon_core.shell:Creating package script '/home/matsunaga-h/pickup_ws/install/air_pkg/share/air_pkg/package.bash'
[0.957s] INFO:colcon.colcon_core.shell:Creating package script '/home/matsunaga-h/pickup_ws/install/air_pkg/share/air_pkg/package.zsh'
[0.958s] Level 1:colcon.colcon_core.environment:create_file_with_runtime_dependencies(/home/matsunaga-h/pickup_ws/install/air_pkg/share/colcon-core/packages/air_pkg)
[0.958s] DEBUG:colcon.colcon_parallel_executor.executor.parallel:closing loop
[0.958s] DEBUG:colcon.colcon_parallel_executor.executor.parallel:loop closed
[0.958s] DEBUG:colcon.colcon_parallel_executor.executor.parallel:run_until_complete finished with '0'
[0.958s] DEBUG:colcon.colcon_core.event_reactor:joining thread
[0.962s] INFO:colcon.colcon_core.plugin_system:Skipping extension 'colcon_notification.desktop_notification.terminal_notifier': Not used on non-Darwin systems
[0.962s] INFO:colcon.colcon_core.plugin_system:Skipping extension 'colcon_notification.desktop_notification.win32': Not used on non-Windows systems
[0.962s] INFO:colcon.colcon_notification.desktop_notification:Sending desktop notification using 'notify2'
[0.969s] DEBUG:colcon.colcon_core.event_reactor:joined thread
[0.969s] INFO:colcon.colcon_core.shell:Creating prefix script '/home/matsunaga-h/pickup_ws/install/local_setup.ps1'
[0.970s] INFO:colcon.colcon_core.shell:Creating prefix util module '/home/matsunaga-h/pickup_ws/install/_local_setup_util_ps1.py'
[0.971s] INFO:colcon.colcon_core.shell:Creating prefix chain script '/home/matsunaga-h/pickup_ws/install/setup.ps1'
[0.971s] INFO:colcon.colcon_core.shell:Creating prefix script '/home/matsunaga-h/pickup_ws/install/local_setup.sh'
[0.972s] INFO:colcon.colcon_core.shell:Creating prefix util module '/home/matsunaga-h/pickup_ws/install/_local_setup_util_sh.py'
[0.972s] INFO:colcon.colcon_core.shell:Creating prefix chain script '/home/matsunaga-h/pickup_ws/install/setup.sh'
[0.972s] INFO:colcon.colcon_core.shell:Creating prefix script '/home/matsunaga-h/pickup_ws/install/local_setup.bash'
[0.973s] INFO:colcon.colcon_core.shell:Creating prefix chain script '/home/matsunaga-h/pickup_ws/install/setup.bash'
[0.973s] INFO:colcon.colcon_core.shell:Creating prefix script '/home/matsunaga-h/pickup_ws/install/local_setup.zsh'
[0.974s] INFO:colcon.colcon_core.shell:Creating prefix chain script '/home/matsunaga-h/pickup_ws/install/setup.zsh'
