[0.539s] Invoking command in '/home/matsunaga-h/pickup_ws/src/vacuum_switch': PYTHONPATH=/home/matsunaga-h/pickup_ws/build/vacuum_switch/prefix_override:/usr/lib/python3/dist-packages/colcon_core/task/python/colcon_distutils_commands:/home/matsunaga-h/pickup_ws/install/vacuum_switch/lib/python3.10/site-packages:${PYTHONPATH} /usr/bin/python3 -W ignore:setup.py install is deprecated -W ignore:easy_install command is deprecated setup.py egg_info --egg-base ../../build/vacuum_switch build --build-base /home/matsunaga-h/pickup_ws/build/vacuum_switch/build install --record /home/matsunaga-h/pickup_ws/build/vacuum_switch/install.log --single-version-externally-managed install_data
[0.681s] running egg_info
[0.682s] creating ../../build/vacuum_switch/vacuum_switch.egg-info
[0.682s] writing ../../build/vacuum_switch/vacuum_switch.egg-info/PKG-INFO
[0.682s] writing dependency_links to ../../build/vacuum_switch/vacuum_switch.egg-info/dependency_links.txt
[0.682s] writing entry points to ../../build/vacuum_switch/vacuum_switch.egg-info/entry_points.txt
[0.682s] writing requirements to ../../build/vacuum_switch/vacuum_switch.egg-info/requires.txt
[0.682s] writing top-level names to ../../build/vacuum_switch/vacuum_switch.egg-info/top_level.txt
[0.682s] writing manifest file '../../build/vacuum_switch/vacuum_switch.egg-info/SOURCES.txt'
[0.683s] reading manifest file '../../build/vacuum_switch/vacuum_switch.egg-info/SOURCES.txt'
[0.683s] writing manifest file '../../build/vacuum_switch/vacuum_switch.egg-info/SOURCES.txt'
[0.683s] running build
[0.683s] running build_py
[0.683s] creating /home/matsunaga-h/pickup_ws/build/vacuum_switch/build
[0.683s] creating /home/matsunaga-h/pickup_ws/build/vacuum_switch/build/lib
[0.683s] creating /home/matsunaga-h/pickup_ws/build/vacuum_switch/build/lib/vacuum_switch
[0.683s] copying vacuum_switch/__init__.py -> /home/matsunaga-h/pickup_ws/build/vacuum_switch/build/lib/vacuum_switch
[0.683s] running install
[0.684s] running install_lib
[0.684s] creating /home/matsunaga-h/pickup_ws/install/vacuum_switch/lib/python3.10/site-packages/vacuum_switch
[0.684s] copying /home/matsunaga-h/pickup_ws/build/vacuum_switch/build/lib/vacuum_switch/__init__.py -> /home/matsunaga-h/pickup_ws/install/vacuum_switch/lib/python3.10/site-packages/vacuum_switch
[0.684s] byte-compiling /home/matsunaga-h/pickup_ws/install/vacuum_switch/lib/python3.10/site-packages/vacuum_switch/__init__.py to __init__.cpython-310.pyc
[0.684s] running install_data
[0.684s] creating /home/matsunaga-h/pickup_ws/install/vacuum_switch/share/ament_index
[0.684s] creating /home/matsunaga-h/pickup_ws/install/vacuum_switch/share/ament_index/resource_index
[0.685s] creating /home/matsunaga-h/pickup_ws/install/vacuum_switch/share/ament_index/resource_index/packages
[0.685s] copying resource/vacuum_switch -> /home/matsunaga-h/pickup_ws/install/vacuum_switch/share/ament_index/resource_index/packages
[0.685s] copying package.xml -> /home/matsunaga-h/pickup_ws/install/vacuum_switch/share/vacuum_switch
[0.685s] running install_egg_info
[0.686s] Copying ../../build/vacuum_switch/vacuum_switch.egg-info to /home/matsunaga-h/pickup_ws/install/vacuum_switch/lib/python3.10/site-packages/vacuum_switch-0.0.0-py3.10.egg-info
[0.686s] running install_scripts
[0.699s] writing list of installed files to '/home/matsunaga-h/pickup_ws/build/vacuum_switch/install.log'
[0.717s] Invoked command in '/home/matsunaga-h/pickup_ws/src/vacuum_switch' returned '0': PYTHONPATH=/home/matsunaga-h/pickup_ws/build/vacuum_switch/prefix_override:/usr/lib/python3/dist-packages/colcon_core/task/python/colcon_distutils_commands:/home/matsunaga-h/pickup_ws/install/vacuum_switch/lib/python3.10/site-packages:${PYTHONPATH} /usr/bin/python3 -W ignore:setup.py install is deprecated -W ignore:easy_install command is deprecated setup.py egg_info --egg-base ../../build/vacuum_switch build --build-base /home/matsunaga-h/pickup_ws/build/vacuum_switch/build install --record /home/matsunaga-h/pickup_ws/build/vacuum_switch/install.log --single-version-externally-managed install_data
