[0.385s] Invoking command in '/home/matsunaga-h/pickup_ws/air_pkg': PYTHONPATH=/home/matsunaga-h/pickup_ws/build/air_pkg/prefix_override:/usr/lib/python3/dist-packages/colcon_core/task/python/colcon_distutils_commands:/home/matsunaga-h/pickup_ws/install/air_pkg/lib/python3.10/site-packages:${PYTHONPATH} /usr/bin/python3 -W ignore:setup.py install is deprecated -W ignore:easy_install command is deprecated setup.py egg_info --egg-base ../build/air_pkg build --build-base /home/matsunaga-h/pickup_ws/build/air_pkg/build install --record /home/matsunaga-h/pickup_ws/build/air_pkg/install.log --single-version-externally-managed install_data
[0.534s] running egg_info
[0.534s] writing ../build/air_pkg/air_pkg.egg-info/PKG-INFO
[0.534s] writing dependency_links to ../build/air_pkg/air_pkg.egg-info/dependency_links.txt
[0.535s] writing entry points to ../build/air_pkg/air_pkg.egg-info/entry_points.txt
[0.535s] writing requirements to ../build/air_pkg/air_pkg.egg-info/requires.txt
[0.535s] writing top-level names to ../build/air_pkg/air_pkg.egg-info/top_level.txt
[0.536s] reading manifest file '../build/air_pkg/air_pkg.egg-info/SOURCES.txt'
[0.536s] writing manifest file '../build/air_pkg/air_pkg.egg-info/SOURCES.txt'
[0.536s] running build
[0.536s] running build_py
[0.536s] copying air_pkg/hello_node.py -> /home/matsunaga-h/pickup_ws/build/air_pkg/build/lib/air_pkg
[0.536s] running install
[0.536s] running install_lib
[0.537s] copying /home/matsunaga-h/pickup_ws/build/air_pkg/build/lib/air_pkg/hello_node.py -> /home/matsunaga-h/pickup_ws/install/air_pkg/lib/python3.10/site-packages/air_pkg
[0.537s] byte-compiling /home/matsunaga-h/pickup_ws/install/air_pkg/lib/python3.10/site-packages/air_pkg/hello_node.py to hello_node.cpython-310.pyc
[0.538s] running install_data
[0.538s] running install_egg_info
[0.539s] removing '/home/matsunaga-h/pickup_ws/install/air_pkg/lib/python3.10/site-packages/air_pkg-0.0.0-py3.10.egg-info' (and everything under it)
[0.539s] Copying ../build/air_pkg/air_pkg.egg-info to /home/matsunaga-h/pickup_ws/install/air_pkg/lib/python3.10/site-packages/air_pkg-0.0.0-py3.10.egg-info
[0.539s] running install_scripts
[0.552s] Installing hello_node script to /home/matsunaga-h/pickup_ws/install/air_pkg/lib/air_pkg
[0.553s] writing list of installed files to '/home/matsunaga-h/pickup_ws/build/air_pkg/install.log'
[0.568s] Invoked command in '/home/matsunaga-h/pickup_ws/air_pkg' returned '0': PYTHONPATH=/home/matsunaga-h/pickup_ws/build/air_pkg/prefix_override:/usr/lib/python3/dist-packages/colcon_core/task/python/colcon_distutils_commands:/home/matsunaga-h/pickup_ws/install/air_pkg/lib/python3.10/site-packages:${PYTHONPATH} /usr/bin/python3 -W ignore:setup.py install is deprecated -W ignore:easy_install command is deprecated setup.py egg_info --egg-base ../build/air_pkg build --build-base /home/matsunaga-h/pickup_ws/build/air_pkg/build install --record /home/matsunaga-h/pickup_ws/build/air_pkg/install.log --single-version-externally-managed install_data
