[0.093s] DEBUG:colcon:Command line arguments: ['/usr/bin/colcon', 'build']
[0.093s] DEBUG:colcon:Parsed command line arguments: Namespace(log_base=None, log_level=None, verb_name='build', build_base='build', install_base='install', merge_install=False, symlink_install=False, test_result_base=None, continue_on_error=False, executor='parallel', parallel_workers=16, event_handlers=None, ignore_user_meta=False, metas=['./colcon.meta'], base_paths=['.'], packages_ignore=None, packages_ignore_regex=None, paths=None, packages_up_to=None, packages_up_to_regex=None, packages_above=None, packages_above_and_dependencies=None, packages_above_depth=None, packages_select_by_dep=None, packages_skip_by_dep=None, packages_skip_up_to=None, packages_select_build_failed=False, packages_skip_build_finished=False, packages_select_test_failures=False, packages_skip_test_passed=False, packages_select=None, packages_skip=None, packages_select_regex=None, packages_skip_regex=None, packages_start=None, packages_end=None, allow_overriding=[], cmake_args=None, cmake_target=None, cmake_target_skip_unavailable=False, cmake_clean_cache=False, cmake_clean_first=False, cmake_force_configure=False, ament_cmake_args=None, catkin_cmake_args=None, catkin_skip_building_tests=False, mixin_files=None, mixin=None, verb_parser=<colcon_mixin.mixin.mixin_argument.MixinArgumentDecorator object at 0x7d65ab300580>, verb_extension=<colcon_core.verb.build.BuildVerb object at 0x7d65ab2d36a0>, main=<bound method BuildVerb.main of <colcon_core.verb.build.BuildVerb object at 0x7d65ab2d36a0>>, mixin_verb=('build',))
[0.209s] Level 1:colcon.colcon_core.package_discovery:discover_packages(colcon_meta) check parameters
[0.209s] Level 1:colcon.colcon_core.package_discovery:discover_packages(recursive) check parameters
[0.209s] Level 1:colcon.colcon_core.package_discovery:discover_packages(ignore) check parameters
[0.209s] Level 1:colcon.colcon_core.package_discovery:discover_packages(path) check parameters
[0.209s] Level 1:colcon.colcon_core.package_discovery:discover_packages(colcon_meta) discover
[0.209s] Level 1:colcon.colcon_core.package_discovery:discover_packages(recursive) discover
[0.209s] INFO:colcon.colcon_core.package_discovery:Crawling recursively for packages in '/home/matsunaga-h/pickup_ws'
[0.209s] Level 1:colcon.colcon_core.package_identification:_identify(.) by extensions ['ignore', 'ignore_ament_install']
[0.209s] Level 1:colcon.colcon_core.package_identification:_identify(.) by extension 'ignore'
[0.209s] Level 1:colcon.colcon_core.package_identification:_identify(.) by extension 'ignore_ament_install'
[0.209s] Level 1:colcon.colcon_core.package_identification:_identify(.) by extensions ['colcon_pkg']
[0.209s] Level 1:colcon.colcon_core.package_identification:_identify(.) by extension 'colcon_pkg'
[0.209s] Level 1:colcon.colcon_core.package_identification:_identify(.) by extensions ['colcon_meta']
[0.209s] Level 1:colcon.colcon_core.package_identification:_identify(.) by extension 'colcon_meta'
[0.209s] Level 1:colcon.colcon_core.package_identification:_identify(.) by extensions ['ros']
[0.209s] Level 1:colcon.colcon_core.package_identification:_identify(.) by extension 'ros'
[0.217s] Level 1:colcon.colcon_core.package_identification:_identify(.) by extensions ['cmake', 'python']
[0.217s] Level 1:colcon.colcon_core.package_identification:_identify(.) by extension 'cmake'
[0.217s] Level 1:colcon.colcon_core.package_identification:_identify(.) by extension 'python'
[0.217s] Level 1:colcon.colcon_core.package_identification:_identify(.) by extensions ['python_setup_py']
[0.217s] Level 1:colcon.colcon_core.package_identification:_identify(.) by extension 'python_setup_py'
[0.217s] Level 1:colcon.colcon_core.package_identification:_identify(build) by extensions ['ignore', 'ignore_ament_install']
[0.217s] Level 1:colcon.colcon_core.package_identification:_identify(build) by extension 'ignore'
[0.217s] Level 1:colcon.colcon_core.package_identification:_identify(build) ignored
[0.217s] Level 1:colcon.colcon_core.package_identification:_identify(install) by extensions ['ignore', 'ignore_ament_install']
[0.217s] Level 1:colcon.colcon_core.package_identification:_identify(install) by extension 'ignore'
[0.217s] Level 1:colcon.colcon_core.package_identification:_identify(install) ignored
[0.217s] Level 1:colcon.colcon_core.package_identification:_identify(log) by extensions ['ignore', 'ignore_ament_install']
[0.217s] Level 1:colcon.colcon_core.package_identification:_identify(log) by extension 'ignore'
[0.217s] Level 1:colcon.colcon_core.package_identification:_identify(log) ignored
[0.217s] Level 1:colcon.colcon_core.package_identification:_identify(src) by extensions ['ignore', 'ignore_ament_install']
[0.218s] Level 1:colcon.colcon_core.package_identification:_identify(src) by extension 'ignore'
[0.218s] Level 1:colcon.colcon_core.package_identification:_identify(src) by extension 'ignore_ament_install'
[0.218s] Level 1:colcon.colcon_core.package_identification:_identify(src) by extensions ['colcon_pkg']
[0.218s] Level 1:colcon.colcon_core.package_identification:_identify(src) by extension 'colcon_pkg'
[0.218s] Level 1:colcon.colcon_core.package_identification:_identify(src) by extensions ['colcon_meta']
[0.218s] Level 1:colcon.colcon_core.package_identification:_identify(src) by extension 'colcon_meta'
[0.218s] Level 1:colcon.colcon_core.package_identification:_identify(src) by extensions ['ros']
[0.218s] Level 1:colcon.colcon_core.package_identification:_identify(src) by extension 'ros'
[0.218s] Level 1:colcon.colcon_core.package_identification:_identify(src) by extensions ['cmake', 'python']
[0.218s] Level 1:colcon.colcon_core.package_identification:_identify(src) by extension 'cmake'
[0.218s] Level 1:colcon.colcon_core.package_identification:_identify(src) by extension 'python'
[0.218s] Level 1:colcon.colcon_core.package_identification:_identify(src) by extensions ['python_setup_py']
[0.218s] Level 1:colcon.colcon_core.package_identification:_identify(src) by extension 'python_setup_py'
[0.218s] Level 1:colcon.colcon_core.package_identification:_identify(src/air_pkg) by extensions ['ignore', 'ignore_ament_install']
[0.218s] Level 1:colcon.colcon_core.package_identification:_identify(src/air_pkg) by extension 'ignore'
[0.218s] Level 1:colcon.colcon_core.package_identification:_identify(src/air_pkg) by extension 'ignore_ament_install'
[0.218s] Level 1:colcon.colcon_core.package_identification:_identify(src/air_pkg) by extensions ['colcon_pkg']
[0.218s] Level 1:colcon.colcon_core.package_identification:_identify(src/air_pkg) by extension 'colcon_pkg'
[0.218s] Level 1:colcon.colcon_core.package_identification:_identify(src/air_pkg) by extensions ['colcon_meta']
[0.218s] Level 1:colcon.colcon_core.package_identification:_identify(src/air_pkg) by extension 'colcon_meta'
[0.218s] Level 1:colcon.colcon_core.package_identification:_identify(src/air_pkg) by extensions ['ros']
[0.218s] Level 1:colcon.colcon_core.package_identification:_identify(src/air_pkg) by extension 'ros'
[0.226s] DEBUG:colcon.colcon_core.package_identification:Package 'src/air_pkg' with type 'ros.ament_python' and name 'air_pkg'
[0.226s] Level 1:colcon.colcon_core.package_identification:_identify(src/vacuum_switch) by extensions ['ignore', 'ignore_ament_install']
[0.226s] Level 1:colcon.colcon_core.package_identification:_identify(src/vacuum_switch) by extension 'ignore'
[0.226s] Level 1:colcon.colcon_core.package_identification:_identify(src/vacuum_switch) by extension 'ignore_ament_install'
[0.226s] Level 1:colcon.colcon_core.package_identification:_identify(src/vacuum_switch) by extensions ['colcon_pkg']
[0.226s] Level 1:colcon.colcon_core.package_identification:_identify(src/vacuum_switch) by extension 'colcon_pkg'
[0.226s] Level 1:colcon.colcon_core.package_identification:_identify(src/vacuum_switch) by extensions ['colcon_meta']
[0.226s] Level 1:colcon.colcon_core.package_identification:_identify(src/vacuum_switch) by extension 'colcon_meta'
[0.226s] Level 1:colcon.colcon_core.package_identification:_identify(src/vacuum_switch) by extensions ['ros']
[0.226s] Level 1:colcon.colcon_core.package_identification:_identify(src/vacuum_switch) by extension 'ros'
[0.226s] DEBUG:colcon.colcon_core.package_identification:Package 'src/vacuum_switch' with type 'ros.ament_python' and name 'vacuum_switch'
[0.226s] Level 1:colcon.colcon_core.package_identification:_identify(src/yolo_ros) by extensions ['ignore', 'ignore_ament_install']
[0.226s] Level 1:colcon.colcon_core.package_identification:_identify(src/yolo_ros) by extension 'ignore'
[0.226s] Level 1:colcon.colcon_core.package_identification:_identify(src/yolo_ros) by extension 'ignore_ament_install'
[0.227s] Level 1:colcon.colcon_core.package_identification:_identify(src/yolo_ros) by extensions ['colcon_pkg']
[0.227s] Level 1:colcon.colcon_core.package_identification:_identify(src/yolo_ros) by extension 'colcon_pkg'
[0.227s] Level 1:colcon.colcon_core.package_identification:_identify(src/yolo_ros) by extensions ['colcon_meta']
[0.227s] Level 1:colcon.colcon_core.package_identification:_identify(src/yolo_ros) by extension 'colcon_meta'
[0.227s] Level 1:colcon.colcon_core.package_identification:_identify(src/yolo_ros) by extensions ['ros']
[0.227s] Level 1:colcon.colcon_core.package_identification:_identify(src/yolo_ros) by extension 'ros'
[0.227s] Level 1:colcon.colcon_core.package_identification:_identify(src/yolo_ros) by extensions ['cmake', 'python']
[0.227s] Level 1:colcon.colcon_core.package_identification:_identify(src/yolo_ros) by extension 'cmake'
[0.227s] Level 1:colcon.colcon_core.package_identification:_identify(src/yolo_ros) by extension 'python'
[0.227s] Level 1:colcon.colcon_core.package_identification:_identify(src/yolo_ros) by extensions ['python_setup_py']
[0.227s] Level 1:colcon.colcon_core.package_identification:_identify(src/yolo_ros) by extension 'python_setup_py'
[0.227s] Level 1:colcon.colcon_core.package_identification:_identify(src/yolo_ros/docs) by extensions ['ignore', 'ignore_ament_install']
[0.227s] Level 1:colcon.colcon_core.package_identification:_identify(src/yolo_ros/docs) by extension 'ignore'
[0.227s] Level 1:colcon.colcon_core.package_identification:_identify(src/yolo_ros/docs) by extension 'ignore_ament_install'
[0.227s] Level 1:colcon.colcon_core.package_identification:_identify(src/yolo_ros/docs) by extensions ['colcon_pkg']
[0.227s] Level 1:colcon.colcon_core.package_identification:_identify(src/yolo_ros/docs) by extension 'colcon_pkg'
[0.227s] Level 1:colcon.colcon_core.package_identification:_identify(src/yolo_ros/docs) by extensions ['colcon_meta']
[0.227s] Level 1:colcon.colcon_core.package_identification:_identify(src/yolo_ros/docs) by extension 'colcon_meta'
[0.227s] Level 1:colcon.colcon_core.package_identification:_identify(src/yolo_ros/docs) by extensions ['ros']
[0.227s] Level 1:colcon.colcon_core.package_identification:_identify(src/yolo_ros/docs) by extension 'ros'
[0.227s] Level 1:colcon.colcon_core.package_identification:_identify(src/yolo_ros/docs) by extensions ['cmake', 'python']
[0.227s] Level 1:colcon.colcon_core.package_identification:_identify(src/yolo_ros/docs) by extension 'cmake'
[0.227s] Level 1:colcon.colcon_core.package_identification:_identify(src/yolo_ros/docs) by extension 'python'
[0.227s] Level 1:colcon.colcon_core.package_identification:_identify(src/yolo_ros/docs) by extensions ['python_setup_py']
[0.227s] Level 1:colcon.colcon_core.package_identification:_identify(src/yolo_ros/docs) by extension 'python_setup_py'
[0.227s] Level 1:colcon.colcon_core.package_identification:_identify(src/yolo_ros/yolo_bringup) by extensions ['ignore', 'ignore_ament_install']
[0.227s] Level 1:colcon.colcon_core.package_identification:_identify(src/yolo_ros/yolo_bringup) by extension 'ignore'
[0.227s] Level 1:colcon.colcon_core.package_identification:_identify(src/yolo_ros/yolo_bringup) by extension 'ignore_ament_install'
[0.227s] Level 1:colcon.colcon_core.package_identification:_identify(src/yolo_ros/yolo_bringup) by extensions ['colcon_pkg']
[0.227s] Level 1:colcon.colcon_core.package_identification:_identify(src/yolo_ros/yolo_bringup) by extension 'colcon_pkg'
[0.227s] Level 1:colcon.colcon_core.package_identification:_identify(src/yolo_ros/yolo_bringup) by extensions ['colcon_meta']
[0.227s] Level 1:colcon.colcon_core.package_identification:_identify(src/yolo_ros/yolo_bringup) by extension 'colcon_meta'
[0.227s] Level 1:colcon.colcon_core.package_identification:_identify(src/yolo_ros/yolo_bringup) by extensions ['ros']
[0.227s] Level 1:colcon.colcon_core.package_identification:_identify(src/yolo_ros/yolo_bringup) by extension 'ros'
[0.228s] DEBUG:colcon.colcon_core.package_identification:Package 'src/yolo_ros/yolo_bringup' with type 'ros.ament_cmake' and name 'yolo_bringup'
[0.228s] Level 1:colcon.colcon_core.package_identification:_identify(src/yolo_ros/yolo_msgs) by extensions ['ignore', 'ignore_ament_install']
[0.228s] Level 1:colcon.colcon_core.package_identification:_identify(src/yolo_ros/yolo_msgs) by extension 'ignore'
[0.228s] Level 1:colcon.colcon_core.package_identification:_identify(src/yolo_ros/yolo_msgs) by extension 'ignore_ament_install'
[0.228s] Level 1:colcon.colcon_core.package_identification:_identify(src/yolo_ros/yolo_msgs) by extensions ['colcon_pkg']
[0.228s] Level 1:colcon.colcon_core.package_identification:_identify(src/yolo_ros/yolo_msgs) by extension 'colcon_pkg'
[0.228s] Level 1:colcon.colcon_core.package_identification:_identify(src/yolo_ros/yolo_msgs) by extensions ['colcon_meta']
[0.228s] Level 1:colcon.colcon_core.package_identification:_identify(src/yolo_ros/yolo_msgs) by extension 'colcon_meta'
[0.228s] Level 1:colcon.colcon_core.package_identification:_identify(src/yolo_ros/yolo_msgs) by extensions ['ros']
[0.228s] Level 1:colcon.colcon_core.package_identification:_identify(src/yolo_ros/yolo_msgs) by extension 'ros'
[0.228s] DEBUG:colcon.colcon_core.package_identification:Package 'src/yolo_ros/yolo_msgs' with type 'ros.ament_cmake' and name 'yolo_msgs'
[0.229s] Level 1:colcon.colcon_core.package_identification:_identify(src/yolo_ros/yolo_ros) by extensions ['ignore', 'ignore_ament_install']
[0.229s] Level 1:colcon.colcon_core.package_identification:_identify(src/yolo_ros/yolo_ros) by extension 'ignore'
[0.229s] Level 1:colcon.colcon_core.package_identification:_identify(src/yolo_ros/yolo_ros) by extension 'ignore_ament_install'
[0.229s] Level 1:colcon.colcon_core.package_identification:_identify(src/yolo_ros/yolo_ros) by extensions ['colcon_pkg']
[0.229s] Level 1:colcon.colcon_core.package_identification:_identify(src/yolo_ros/yolo_ros) by extension 'colcon_pkg'
[0.229s] Level 1:colcon.colcon_core.package_identification:_identify(src/yolo_ros/yolo_ros) by extensions ['colcon_meta']
[0.229s] Level 1:colcon.colcon_core.package_identification:_identify(src/yolo_ros/yolo_ros) by extension 'colcon_meta'
[0.229s] Level 1:colcon.colcon_core.package_identification:_identify(src/yolo_ros/yolo_ros) by extensions ['ros']
[0.229s] Level 1:colcon.colcon_core.package_identification:_identify(src/yolo_ros/yolo_ros) by extension 'ros'
[0.229s] DEBUG:colcon.colcon_core.package_identification:Package 'src/yolo_ros/yolo_ros' with type 'ros.ament_python' and name 'yolo_ros'
[0.229s] Level 1:colcon.colcon_core.package_discovery:discover_packages(recursive) using defaults
[0.229s] Level 1:colcon.colcon_core.package_discovery:discover_packages(ignore) discover
[0.229s] Level 1:colcon.colcon_core.package_discovery:discover_packages(ignore) using defaults
[0.229s] Level 1:colcon.colcon_core.package_discovery:discover_packages(path) discover
[0.229s] Level 1:colcon.colcon_core.package_discovery:discover_packages(path) using defaults
[0.246s] Level 1:colcon.colcon_core.package_discovery:discover_packages(prefix_path) check parameters
[0.246s] Level 1:colcon.colcon_core.package_discovery:discover_packages(prefix_path) discover
[0.247s] DEBUG:colcon.colcon_installed_package_information.package_discovery:Found 3 installed packages in /home/matsunaga-h/pickup_ws/install
[0.248s] DEBUG:colcon.colcon_installed_package_information.package_discovery:Found 312 installed packages in /opt/ros/humble
[0.249s] Level 1:colcon.colcon_core.package_discovery:discover_packages(prefix_path) using defaults
[0.273s] Level 5:colcon.colcon_core.verb:set package 'air_pkg' build argument 'cmake_args' from command line to 'None'
[0.273s] Level 5:colcon.colcon_core.verb:set package 'air_pkg' build argument 'cmake_target' from command line to 'None'
[0.273s] Level 5:colcon.colcon_core.verb:set package 'air_pkg' build argument 'cmake_target_skip_unavailable' from command line to 'False'
[0.273s] Level 5:colcon.colcon_core.verb:set package 'air_pkg' build argument 'cmake_clean_cache' from command line to 'False'
[0.273s] Level 5:colcon.colcon_core.verb:set package 'air_pkg' build argument 'cmake_clean_first' from command line to 'False'
[0.273s] Level 5:colcon.colcon_core.verb:set package 'air_pkg' build argument 'cmake_force_configure' from command line to 'False'
[0.273s] Level 5:colcon.colcon_core.verb:set package 'air_pkg' build argument 'ament_cmake_args' from command line to 'None'
[0.273s] Level 5:colcon.colcon_core.verb:set package 'air_pkg' build argument 'catkin_cmake_args' from command line to 'None'
[0.273s] Level 5:colcon.colcon_core.verb:set package 'air_pkg' build argument 'catkin_skip_building_tests' from command line to 'False'
[0.273s] DEBUG:colcon.colcon_core.verb:Building package 'air_pkg' with the following arguments: {'ament_cmake_args': None, 'build_base': '/home/matsunaga-h/pickup_ws/build/air_pkg', 'catkin_cmake_args': None, 'catkin_skip_building_tests': False, 'cmake_args': None, 'cmake_clean_cache': False, 'cmake_clean_first': False, 'cmake_force_configure': False, 'cmake_target': None, 'cmake_target_skip_unavailable': False, 'install_base': '/home/matsunaga-h/pickup_ws/install/air_pkg', 'merge_install': False, 'path': '/home/matsunaga-h/pickup_ws/src/air_pkg', 'symlink_install': False, 'test_result_base': None}
[0.274s] Level 5:colcon.colcon_core.verb:set package 'vacuum_switch' build argument 'cmake_args' from command line to 'None'
[0.274s] Level 5:colcon.colcon_core.verb:set package 'vacuum_switch' build argument 'cmake_target' from command line to 'None'
[0.274s] Level 5:colcon.colcon_core.verb:set package 'vacuum_switch' build argument 'cmake_target_skip_unavailable' from command line to 'False'
[0.274s] Level 5:colcon.colcon_core.verb:set package 'vacuum_switch' build argument 'cmake_clean_cache' from command line to 'False'
[0.274s] Level 5:colcon.colcon_core.verb:set package 'vacuum_switch' build argument 'cmake_clean_first' from command line to 'False'
[0.274s] Level 5:colcon.colcon_core.verb:set package 'vacuum_switch' build argument 'cmake_force_configure' from command line to 'False'
[0.274s] Level 5:colcon.colcon_core.verb:set package 'vacuum_switch' build argument 'ament_cmake_args' from command line to 'None'
[0.274s] Level 5:colcon.colcon_core.verb:set package 'vacuum_switch' build argument 'catkin_cmake_args' from command line to 'None'
[0.274s] Level 5:colcon.colcon_core.verb:set package 'vacuum_switch' build argument 'catkin_skip_building_tests' from command line to 'False'
[0.274s] DEBUG:colcon.colcon_core.verb:Building package 'vacuum_switch' with the following arguments: {'ament_cmake_args': None, 'build_base': '/home/matsunaga-h/pickup_ws/build/vacuum_switch', 'catkin_cmake_args': None, 'catkin_skip_building_tests': False, 'cmake_args': None, 'cmake_clean_cache': False, 'cmake_clean_first': False, 'cmake_force_configure': False, 'cmake_target': None, 'cmake_target_skip_unavailable': False, 'install_base': '/home/matsunaga-h/pickup_ws/install/vacuum_switch', 'merge_install': False, 'path': '/home/matsunaga-h/pickup_ws/src/vacuum_switch', 'symlink_install': False, 'test_result_base': None}
[0.274s] Level 5:colcon.colcon_core.verb:set package 'yolo_msgs' build argument 'cmake_args' from command line to 'None'
[0.274s] Level 5:colcon.colcon_core.verb:set package 'yolo_msgs' build argument 'cmake_target' from command line to 'None'
[0.274s] Level 5:colcon.colcon_core.verb:set package 'yolo_msgs' build argument 'cmake_target_skip_unavailable' from command line to 'False'
[0.274s] Level 5:colcon.colcon_core.verb:set package 'yolo_msgs' build argument 'cmake_clean_cache' from command line to 'False'
[0.274s] Level 5:colcon.colcon_core.verb:set package 'yolo_msgs' build argument 'cmake_clean_first' from command line to 'False'
[0.274s] Level 5:colcon.colcon_core.verb:set package 'yolo_msgs' build argument 'cmake_force_configure' from command line to 'False'
[0.274s] Level 5:colcon.colcon_core.verb:set package 'yolo_msgs' build argument 'ament_cmake_args' from command line to 'None'
[0.274s] Level 5:colcon.colcon_core.verb:set package 'yolo_msgs' build argument 'catkin_cmake_args' from command line to 'None'
[0.274s] Level 5:colcon.colcon_core.verb:set package 'yolo_msgs' build argument 'catkin_skip_building_tests' from command line to 'False'
[0.274s] DEBUG:colcon.colcon_core.verb:Building package 'yolo_msgs' with the following arguments: {'ament_cmake_args': None, 'build_base': '/home/matsunaga-h/pickup_ws/build/yolo_msgs', 'catkin_cmake_args': None, 'catkin_skip_building_tests': False, 'cmake_args': None, 'cmake_clean_cache': False, 'cmake_clean_first': False, 'cmake_force_configure': False, 'cmake_target': None, 'cmake_target_skip_unavailable': False, 'install_base': '/home/matsunaga-h/pickup_ws/install/yolo_msgs', 'merge_install': False, 'path': '/home/matsunaga-h/pickup_ws/src/yolo_ros/yolo_msgs', 'symlink_install': False, 'test_result_base': None}
[0.274s] Level 5:colcon.colcon_core.verb:set package 'yolo_ros' build argument 'cmake_args' from command line to 'None'
[0.274s] Level 5:colcon.colcon_core.verb:set package 'yolo_ros' build argument 'cmake_target' from command line to 'None'
[0.274s] Level 5:colcon.colcon_core.verb:set package 'yolo_ros' build argument 'cmake_target_skip_unavailable' from command line to 'False'
[0.274s] Level 5:colcon.colcon_core.verb:set package 'yolo_ros' build argument 'cmake_clean_cache' from command line to 'False'
[0.274s] Level 5:colcon.colcon_core.verb:set package 'yolo_ros' build argument 'cmake_clean_first' from command line to 'False'
[0.274s] Level 5:colcon.colcon_core.verb:set package 'yolo_ros' build argument 'cmake_force_configure' from command line to 'False'
[0.274s] Level 5:colcon.colcon_core.verb:set package 'yolo_ros' build argument 'ament_cmake_args' from command line to 'None'
[0.274s] Level 5:colcon.colcon_core.verb:set package 'yolo_ros' build argument 'catkin_cmake_args' from command line to 'None'
[0.274s] Level 5:colcon.colcon_core.verb:set package 'yolo_ros' build argument 'catkin_skip_building_tests' from command line to 'False'
[0.274s] DEBUG:colcon.colcon_core.verb:Building package 'yolo_ros' with the following arguments: {'ament_cmake_args': None, 'build_base': '/home/matsunaga-h/pickup_ws/build/yolo_ros', 'catkin_cmake_args': None, 'catkin_skip_building_tests': False, 'cmake_args': None, 'cmake_clean_cache': False, 'cmake_clean_first': False, 'cmake_force_configure': False, 'cmake_target': None, 'cmake_target_skip_unavailable': False, 'install_base': '/home/matsunaga-h/pickup_ws/install/yolo_ros', 'merge_install': False, 'path': '/home/matsunaga-h/pickup_ws/src/yolo_ros/yolo_ros', 'symlink_install': False, 'test_result_base': None}
[0.275s] Level 5:colcon.colcon_core.verb:set package 'yolo_bringup' build argument 'cmake_args' from command line to 'None'
[0.275s] Level 5:colcon.colcon_core.verb:set package 'yolo_bringup' build argument 'cmake_target' from command line to 'None'
[0.275s] Level 5:colcon.colcon_core.verb:set package 'yolo_bringup' build argument 'cmake_target_skip_unavailable' from command line to 'False'
[0.275s] Level 5:colcon.colcon_core.verb:set package 'yolo_bringup' build argument 'cmake_clean_cache' from command line to 'False'
[0.275s] Level 5:colcon.colcon_core.verb:set package 'yolo_bringup' build argument 'cmake_clean_first' from command line to 'False'
[0.275s] Level 5:colcon.colcon_core.verb:set package 'yolo_bringup' build argument 'cmake_force_configure' from command line to 'False'
[0.275s] Level 5:colcon.colcon_core.verb:set package 'yolo_bringup' build argument 'ament_cmake_args' from command line to 'None'
[0.275s] Level 5:colcon.colcon_core.verb:set package 'yolo_bringup' build argument 'catkin_cmake_args' from command line to 'None'
[0.275s] Level 5:colcon.colcon_core.verb:set package 'yolo_bringup' build argument 'catkin_skip_building_tests' from command line to 'False'
[0.275s] DEBUG:colcon.colcon_core.verb:Building package 'yolo_bringup' with the following arguments: {'ament_cmake_args': None, 'build_base': '/home/matsunaga-h/pickup_ws/build/yolo_bringup', 'catkin_cmake_args': None, 'catkin_skip_building_tests': False, 'cmake_args': None, 'cmake_clean_cache': False, 'cmake_clean_first': False, 'cmake_force_configure': False, 'cmake_target': None, 'cmake_target_skip_unavailable': False, 'install_base': '/home/matsunaga-h/pickup_ws/install/yolo_bringup', 'merge_install': False, 'path': '/home/matsunaga-h/pickup_ws/src/yolo_ros/yolo_bringup', 'symlink_install': False, 'test_result_base': None}
[0.275s] INFO:colcon.colcon_core.executor:Executing jobs using 'parallel' executor
[0.276s] DEBUG:colcon.colcon_parallel_executor.executor.parallel:run_until_complete
[0.276s] INFO:colcon.colcon_ros.task.ament_cmake.build:Building ROS package in '/home/matsunaga-h/pickup_ws/src/yolo_ros/yolo_msgs' with build type 'ament_cmake'
[0.276s] INFO:colcon.colcon_cmake.task.cmake.build:Building CMake package in '/home/matsunaga-h/pickup_ws/src/yolo_ros/yolo_msgs'
[0.278s] INFO:colcon.colcon_core.plugin_system:Skipping extension 'colcon_core.shell.bat': Not used on non-Windows systems
[0.278s] INFO:colcon.colcon_core.shell:Skip shell extension 'powershell' for command environment: Not usable outside of PowerShell
[0.279s] DEBUG:colcon.colcon_core.shell:Skip shell extension 'dsv' for command environment
[0.281s] INFO:colcon.colcon_ros.task.ament_python.build:Building ROS package in '/home/matsunaga-h/pickup_ws/src/air_pkg' with build type 'ament_python'
[0.281s] Level 1:colcon.colcon_core.shell:create_environment_hook('air_pkg', 'ament_prefix_path')
[0.281s] INFO:colcon.colcon_core.shell:Creating environment hook '/home/matsunaga-h/pickup_ws/install/air_pkg/share/air_pkg/hook/ament_prefix_path.ps1'
[0.282s] INFO:colcon.colcon_core.shell:Creating environment descriptor '/home/matsunaga-h/pickup_ws/install/air_pkg/share/air_pkg/hook/ament_prefix_path.dsv'
[0.282s] INFO:colcon.colcon_core.shell:Creating environment hook '/home/matsunaga-h/pickup_ws/install/air_pkg/share/air_pkg/hook/ament_prefix_path.sh'
[0.283s] INFO:colcon.colcon_core.shell:Skip shell extension 'powershell' for command environment: Not usable outside of PowerShell
[0.283s] DEBUG:colcon.colcon_core.shell:Skip shell extension 'dsv' for command environment
[0.285s] INFO:colcon.colcon_ros.task.ament_python.build:Building ROS package in '/home/matsunaga-h/pickup_ws/src/vacuum_switch' with build type 'ament_python'
[0.285s] Level 1:colcon.colcon_core.shell:create_environment_hook('vacuum_switch', 'ament_prefix_path')
[0.285s] INFO:colcon.colcon_core.shell:Creating environment hook '/home/matsunaga-h/pickup_ws/install/vacuum_switch/share/vacuum_switch/hook/ament_prefix_path.ps1'
[0.285s] INFO:colcon.colcon_core.shell:Creating environment descriptor '/home/matsunaga-h/pickup_ws/install/vacuum_switch/share/vacuum_switch/hook/ament_prefix_path.dsv'
[0.286s] INFO:colcon.colcon_core.shell:Creating environment hook '/home/matsunaga-h/pickup_ws/install/vacuum_switch/share/vacuum_switch/hook/ament_prefix_path.sh'
[0.286s] INFO:colcon.colcon_core.shell:Skip shell extension 'powershell' for command environment: Not usable outside of PowerShell
[0.286s] DEBUG:colcon.colcon_core.shell:Skip shell extension 'dsv' for command environment
[0.292s] DEBUG:colcon.colcon_core.event_handler.log_command:Invoking command in '/home/matsunaga-h/pickup_ws/build/yolo_msgs': CMAKE_PREFIX_PATH=/home/matsunaga-h/pickup_ws/install/vacuum_switch:/home/matsunaga-h/pickup_ws/install/my_package:/home/matsunaga-h/pickup_ws/install/air_pkg:/opt/ros/humble /usr/bin/cmake /home/matsunaga-h/pickup_ws/src/yolo_ros/yolo_msgs -DCMAKE_INSTALL_PREFIX=/home/matsunaga-h/pickup_ws/install/yolo_msgs
[0.456s] INFO:colcon.colcon_core.task.python.build:Building Python package in '/home/matsunaga-h/pickup_ws/src/air_pkg'
[0.456s] INFO:colcon.colcon_core.shell:Skip shell extension 'powershell' for command environment: Not usable outside of PowerShell
[0.456s] DEBUG:colcon.colcon_core.shell:Skip shell extension 'dsv' for command environment
[0.629s] INFO:colcon.colcon_core.task.python.build:Building Python package in '/home/matsunaga-h/pickup_ws/src/vacuum_switch'
[0.630s] INFO:colcon.colcon_core.shell:Skip shell extension 'powershell' for command environment: Not usable outside of PowerShell
[0.630s] DEBUG:colcon.colcon_core.shell:Skip shell extension 'dsv' for command environment
[0.893s] DEBUG:colcon.colcon_core.event_handler.log_command:Invoking command in '/home/matsunaga-h/pickup_ws/src/vacuum_switch': PYTHONPATH=/home/matsunaga-h/pickup_ws/build/vacuum_switch/prefix_override:/usr/lib/python3/dist-packages/colcon_core/task/python/colcon_distutils_commands:/home/matsunaga-h/pickup_ws/install/vacuum_switch/lib/python3.10/site-packages:${PYTHONPATH} /usr/bin/python3 -W ignore:setup.py install is deprecated -W ignore:easy_install command is deprecated setup.py egg_info --egg-base ../../build/vacuum_switch build --build-base /home/matsunaga-h/pickup_ws/build/vacuum_switch/build install --record /home/matsunaga-h/pickup_ws/build/vacuum_switch/install.log --single-version-externally-managed install_data
[0.894s] DEBUG:colcon.colcon_core.event_handler.log_command:Invoking command in '/home/matsunaga-h/pickup_ws/src/air_pkg': PYTHONPATH=/home/matsunaga-h/pickup_ws/build/air_pkg/prefix_override:/usr/lib/python3/dist-packages/colcon_core/task/python/colcon_distutils_commands:/home/matsunaga-h/pickup_ws/install/air_pkg/lib/python3.10/site-packages:${PYTHONPATH} /usr/bin/python3 -W ignore:setup.py install is deprecated -W ignore:easy_install command is deprecated setup.py egg_info --egg-base ../../build/air_pkg build --build-base /home/matsunaga-h/pickup_ws/build/air_pkg/build install --record /home/matsunaga-h/pickup_ws/build/air_pkg/install.log --single-version-externally-managed install_data
[1.091s] DEBUG:colcon.colcon_core.event_handler.log_command:Invoked command in '/home/matsunaga-h/pickup_ws/src/vacuum_switch' returned '0': PYTHONPATH=/home/matsunaga-h/pickup_ws/build/vacuum_switch/prefix_override:/usr/lib/python3/dist-packages/colcon_core/task/python/colcon_distutils_commands:/home/matsunaga-h/pickup_ws/install/vacuum_switch/lib/python3.10/site-packages:${PYTHONPATH} /usr/bin/python3 -W ignore:setup.py install is deprecated -W ignore:easy_install command is deprecated setup.py egg_info --egg-base ../../build/vacuum_switch build --build-base /home/matsunaga-h/pickup_ws/build/vacuum_switch/build install --record /home/matsunaga-h/pickup_ws/build/vacuum_switch/install.log --single-version-externally-managed install_data
[1.094s] Level 1:colcon.colcon_core.environment:checking '/home/matsunaga-h/pickup_ws/install/vacuum_switch' for CMake module files
[1.095s] Level 1:colcon.colcon_core.environment:checking '/home/matsunaga-h/pickup_ws/install/vacuum_switch' for CMake config files
[1.095s] Level 1:colcon.colcon_core.environment:checking '/home/matsunaga-h/pickup_ws/install/vacuum_switch/lib'
[1.095s] Level 1:colcon.colcon_core.environment:checking '/home/matsunaga-h/pickup_ws/install/vacuum_switch/bin'
[1.095s] Level 1:colcon.colcon_core.environment:checking '/home/matsunaga-h/pickup_ws/install/vacuum_switch/lib/pkgconfig/vacuum_switch.pc'
[1.095s] Level 1:colcon.colcon_core.environment:checking '/home/matsunaga-h/pickup_ws/install/vacuum_switch/lib/python3.10/site-packages'
[1.095s] Level 1:colcon.colcon_core.shell:create_environment_hook('vacuum_switch', 'pythonpath')
[1.096s] INFO:colcon.colcon_core.shell:Creating environment hook '/home/matsunaga-h/pickup_ws/install/vacuum_switch/share/vacuum_switch/hook/pythonpath.ps1'
[1.096s] INFO:colcon.colcon_core.shell:Creating environment descriptor '/home/matsunaga-h/pickup_ws/install/vacuum_switch/share/vacuum_switch/hook/pythonpath.dsv'
[1.096s] INFO:colcon.colcon_core.shell:Creating environment hook '/home/matsunaga-h/pickup_ws/install/vacuum_switch/share/vacuum_switch/hook/pythonpath.sh'
[1.096s] Level 1:colcon.colcon_core.environment:checking '/home/matsunaga-h/pickup_ws/install/vacuum_switch/bin'
[1.096s] Level 1:colcon.colcon_core.environment:create_environment_scripts_only(vacuum_switch)
[1.097s] INFO:colcon.colcon_core.shell:Creating package script '/home/matsunaga-h/pickup_ws/install/vacuum_switch/share/vacuum_switch/package.ps1'
[1.097s] INFO:colcon.colcon_core.shell:Creating package descriptor '/home/matsunaga-h/pickup_ws/install/vacuum_switch/share/vacuum_switch/package.dsv'
[1.098s] INFO:colcon.colcon_core.shell:Creating package script '/home/matsunaga-h/pickup_ws/install/vacuum_switch/share/vacuum_switch/package.sh'
[1.098s] INFO:colcon.colcon_core.shell:Creating package script '/home/matsunaga-h/pickup_ws/install/vacuum_switch/share/vacuum_switch/package.bash'
[1.099s] INFO:colcon.colcon_core.shell:Creating package script '/home/matsunaga-h/pickup_ws/install/vacuum_switch/share/vacuum_switch/package.zsh'
[1.100s] Level 1:colcon.colcon_core.environment:create_file_with_runtime_dependencies(/home/matsunaga-h/pickup_ws/install/vacuum_switch/share/colcon-core/packages/vacuum_switch)
[1.101s] Level 1:colcon.colcon_core.environment:checking '/home/matsunaga-h/pickup_ws/install/air_pkg' for CMake module files
[1.101s] DEBUG:colcon.colcon_core.event_handler.log_command:Invoked command in '/home/matsunaga-h/pickup_ws/src/air_pkg' returned '0': PYTHONPATH=/home/matsunaga-h/pickup_ws/build/air_pkg/prefix_override:/usr/lib/python3/dist-packages/colcon_core/task/python/colcon_distutils_commands:/home/matsunaga-h/pickup_ws/install/air_pkg/lib/python3.10/site-packages:${PYTHONPATH} /usr/bin/python3 -W ignore:setup.py install is deprecated -W ignore:easy_install command is deprecated setup.py egg_info --egg-base ../../build/air_pkg build --build-base /home/matsunaga-h/pickup_ws/build/air_pkg/build install --record /home/matsunaga-h/pickup_ws/build/air_pkg/install.log --single-version-externally-managed install_data
[1.101s] Level 1:colcon.colcon_core.environment:checking '/home/matsunaga-h/pickup_ws/install/air_pkg' for CMake config files
[1.102s] Level 1:colcon.colcon_core.environment:checking '/home/matsunaga-h/pickup_ws/install/air_pkg/lib'
[1.102s] Level 1:colcon.colcon_core.environment:checking '/home/matsunaga-h/pickup_ws/install/air_pkg/bin'
[1.102s] Level 1:colcon.colcon_core.environment:checking '/home/matsunaga-h/pickup_ws/install/air_pkg/lib/pkgconfig/air_pkg.pc'
[1.102s] Level 1:colcon.colcon_core.environment:checking '/home/matsunaga-h/pickup_ws/install/air_pkg/lib/python3.10/site-packages'
[1.102s] Level 1:colcon.colcon_core.shell:create_environment_hook('air_pkg', 'pythonpath')
[1.102s] INFO:colcon.colcon_core.shell:Creating environment hook '/home/matsunaga-h/pickup_ws/install/air_pkg/share/air_pkg/hook/pythonpath.ps1'
[1.102s] INFO:colcon.colcon_core.shell:Creating environment descriptor '/home/matsunaga-h/pickup_ws/install/air_pkg/share/air_pkg/hook/pythonpath.dsv'
[1.102s] INFO:colcon.colcon_core.shell:Creating environment hook '/home/matsunaga-h/pickup_ws/install/air_pkg/share/air_pkg/hook/pythonpath.sh'
[1.103s] Level 1:colcon.colcon_core.environment:checking '/home/matsunaga-h/pickup_ws/install/air_pkg/bin'
[1.103s] Level 1:colcon.colcon_core.environment:create_environment_scripts_only(air_pkg)
[1.103s] INFO:colcon.colcon_core.shell:Creating package script '/home/matsunaga-h/pickup_ws/install/air_pkg/share/air_pkg/package.ps1'
[1.103s] INFO:colcon.colcon_core.shell:Creating package descriptor '/home/matsunaga-h/pickup_ws/install/air_pkg/share/air_pkg/package.dsv'
[1.104s] INFO:colcon.colcon_core.shell:Creating package script '/home/matsunaga-h/pickup_ws/install/air_pkg/share/air_pkg/package.sh'
[1.104s] INFO:colcon.colcon_core.shell:Creating package script '/home/matsunaga-h/pickup_ws/install/air_pkg/share/air_pkg/package.bash'
[1.104s] INFO:colcon.colcon_core.shell:Creating package script '/home/matsunaga-h/pickup_ws/install/air_pkg/share/air_pkg/package.zsh'
[1.104s] Level 1:colcon.colcon_core.environment:create_file_with_runtime_dependencies(/home/matsunaga-h/pickup_ws/install/air_pkg/share/colcon-core/packages/air_pkg)
[1.872s] DEBUG:colcon.colcon_core.event_handler.log_command:Invoked command in '/home/matsunaga-h/pickup_ws/build/yolo_msgs' returned '0': CMAKE_PREFIX_PATH=/home/matsunaga-h/pickup_ws/install/vacuum_switch:/home/matsunaga-h/pickup_ws/install/my_package:/home/matsunaga-h/pickup_ws/install/air_pkg:/opt/ros/humble /usr/bin/cmake /home/matsunaga-h/pickup_ws/src/yolo_ros/yolo_msgs -DCMAKE_INSTALL_PREFIX=/home/matsunaga-h/pickup_ws/install/yolo_msgs
[1.872s] DEBUG:colcon.colcon_core.event_handler.log_command:Invoking command in '/home/matsunaga-h/pickup_ws/build/yolo_msgs': CMAKE_PREFIX_PATH=/home/matsunaga-h/pickup_ws/install/vacuum_switch:/home/matsunaga-h/pickup_ws/install/my_package:/home/matsunaga-h/pickup_ws/install/air_pkg:/opt/ros/humble /usr/bin/cmake --build /home/matsunaga-h/pickup_ws/build/yolo_msgs -- -j16 -l16
[6.592s] DEBUG:colcon.colcon_core.event_handler.log_command:Invoked command in '/home/matsunaga-h/pickup_ws/build/yolo_msgs' returned '0': CMAKE_PREFIX_PATH=/home/matsunaga-h/pickup_ws/install/vacuum_switch:/home/matsunaga-h/pickup_ws/install/my_package:/home/matsunaga-h/pickup_ws/install/air_pkg:/opt/ros/humble /usr/bin/cmake --build /home/matsunaga-h/pickup_ws/build/yolo_msgs -- -j16 -l16
[6.605s] DEBUG:colcon.colcon_core.event_handler.log_command:Invoking command in '/home/matsunaga-h/pickup_ws/build/yolo_msgs': CMAKE_PREFIX_PATH=/home/matsunaga-h/pickup_ws/install/vacuum_switch:/home/matsunaga-h/pickup_ws/install/my_package:/home/matsunaga-h/pickup_ws/install/air_pkg:/opt/ros/humble /usr/bin/cmake --install /home/matsunaga-h/pickup_ws/build/yolo_msgs
[6.668s] Level 1:colcon.colcon_core.environment:create_environment_scripts_only(yolo_msgs)
[6.668s] DEBUG:colcon.colcon_core.event_handler.log_command:Invoked command in '/home/matsunaga-h/pickup_ws/build/yolo_msgs' returned '0': CMAKE_PREFIX_PATH=/home/matsunaga-h/pickup_ws/install/vacuum_switch:/home/matsunaga-h/pickup_ws/install/my_package:/home/matsunaga-h/pickup_ws/install/air_pkg:/opt/ros/humble /usr/bin/cmake --install /home/matsunaga-h/pickup_ws/build/yolo_msgs
[6.668s] Level 1:colcon.colcon_core.environment:checking '/home/matsunaga-h/pickup_ws/install/yolo_msgs' for CMake module files
[6.669s] Level 1:colcon.colcon_core.environment:checking '/home/matsunaga-h/pickup_ws/install/yolo_msgs' for CMake config files
[6.669s] Level 1:colcon.colcon_core.shell:create_environment_hook('yolo_msgs', 'cmake_prefix_path')
[6.669s] INFO:colcon.colcon_core.shell:Creating environment hook '/home/matsunaga-h/pickup_ws/install/yolo_msgs/share/yolo_msgs/hook/cmake_prefix_path.ps1'
[6.669s] INFO:colcon.colcon_core.shell:Creating environment descriptor '/home/matsunaga-h/pickup_ws/install/yolo_msgs/share/yolo_msgs/hook/cmake_prefix_path.dsv'
[6.670s] INFO:colcon.colcon_core.shell:Creating environment hook '/home/matsunaga-h/pickup_ws/install/yolo_msgs/share/yolo_msgs/hook/cmake_prefix_path.sh'
[6.670s] Level 1:colcon.colcon_core.environment:checking '/home/matsunaga-h/pickup_ws/install/yolo_msgs/lib'
[6.670s] Level 1:colcon.colcon_core.shell:create_environment_hook('yolo_msgs', 'ld_library_path_lib')
[6.670s] INFO:colcon.colcon_core.shell:Creating environment hook '/home/matsunaga-h/pickup_ws/install/yolo_msgs/share/yolo_msgs/hook/ld_library_path_lib.ps1'
[6.670s] INFO:colcon.colcon_core.shell:Creating environment descriptor '/home/matsunaga-h/pickup_ws/install/yolo_msgs/share/yolo_msgs/hook/ld_library_path_lib.dsv'
[6.671s] INFO:colcon.colcon_core.shell:Creating environment hook '/home/matsunaga-h/pickup_ws/install/yolo_msgs/share/yolo_msgs/hook/ld_library_path_lib.sh'
[6.671s] Level 1:colcon.colcon_core.environment:checking '/home/matsunaga-h/pickup_ws/install/yolo_msgs/bin'
[6.671s] Level 1:colcon.colcon_core.environment:checking '/home/matsunaga-h/pickup_ws/install/yolo_msgs/lib/pkgconfig/yolo_msgs.pc'
[6.671s] Level 1:colcon.colcon_core.environment:checking '/home/matsunaga-h/pickup_ws/install/yolo_msgs/lib/python3.10/site-packages'
[6.671s] Level 1:colcon.colcon_core.environment:checking '/home/matsunaga-h/pickup_ws/install/yolo_msgs/bin'
[6.671s] INFO:colcon.colcon_core.shell:Creating package script '/home/matsunaga-h/pickup_ws/install/yolo_msgs/share/yolo_msgs/package.ps1'
[6.671s] INFO:colcon.colcon_core.shell:Creating package descriptor '/home/matsunaga-h/pickup_ws/install/yolo_msgs/share/yolo_msgs/package.dsv'
[6.672s] INFO:colcon.colcon_core.shell:Creating package script '/home/matsunaga-h/pickup_ws/install/yolo_msgs/share/yolo_msgs/package.sh'
[6.672s] INFO:colcon.colcon_core.shell:Creating package script '/home/matsunaga-h/pickup_ws/install/yolo_msgs/share/yolo_msgs/package.bash'
[6.672s] INFO:colcon.colcon_core.shell:Creating package script '/home/matsunaga-h/pickup_ws/install/yolo_msgs/share/yolo_msgs/package.zsh'
[6.672s] Level 1:colcon.colcon_core.environment:create_file_with_runtime_dependencies(/home/matsunaga-h/pickup_ws/install/yolo_msgs/share/colcon-core/packages/yolo_msgs)
[6.673s] Level 1:colcon.colcon_core.environment:create_environment_scripts_only(yolo_msgs)
[6.673s] Level 1:colcon.colcon_core.environment:checking '/home/matsunaga-h/pickup_ws/install/yolo_msgs' for CMake module files
[6.673s] Level 1:colcon.colcon_core.environment:checking '/home/matsunaga-h/pickup_ws/install/yolo_msgs' for CMake config files
[6.673s] Level 1:colcon.colcon_core.shell:create_environment_hook('yolo_msgs', 'cmake_prefix_path')
[6.673s] INFO:colcon.colcon_core.shell:Creating environment hook '/home/matsunaga-h/pickup_ws/install/yolo_msgs/share/yolo_msgs/hook/cmake_prefix_path.ps1'
[6.673s] INFO:colcon.colcon_core.shell:Creating environment descriptor '/home/matsunaga-h/pickup_ws/install/yolo_msgs/share/yolo_msgs/hook/cmake_prefix_path.dsv'
[6.674s] INFO:colcon.colcon_core.shell:Creating environment hook '/home/matsunaga-h/pickup_ws/install/yolo_msgs/share/yolo_msgs/hook/cmake_prefix_path.sh'
[6.674s] Level 1:colcon.colcon_core.environment:checking '/home/matsunaga-h/pickup_ws/install/yolo_msgs/lib'
[6.674s] Level 1:colcon.colcon_core.shell:create_environment_hook('yolo_msgs', 'ld_library_path_lib')
[6.674s] INFO:colcon.colcon_core.shell:Creating environment hook '/home/matsunaga-h/pickup_ws/install/yolo_msgs/share/yolo_msgs/hook/ld_library_path_lib.ps1'
[6.674s] INFO:colcon.colcon_core.shell:Creating environment descriptor '/home/matsunaga-h/pickup_ws/install/yolo_msgs/share/yolo_msgs/hook/ld_library_path_lib.dsv'
[6.674s] INFO:colcon.colcon_core.shell:Creating environment hook '/home/matsunaga-h/pickup_ws/install/yolo_msgs/share/yolo_msgs/hook/ld_library_path_lib.sh'
[6.675s] Level 1:colcon.colcon_core.environment:checking '/home/matsunaga-h/pickup_ws/install/yolo_msgs/bin'
[6.675s] Level 1:colcon.colcon_core.environment:checking '/home/matsunaga-h/pickup_ws/install/yolo_msgs/lib/pkgconfig/yolo_msgs.pc'
[6.675s] Level 1:colcon.colcon_core.environment:checking '/home/matsunaga-h/pickup_ws/install/yolo_msgs/lib/python3.10/site-packages'
[6.675s] Level 1:colcon.colcon_core.environment:checking '/home/matsunaga-h/pickup_ws/install/yolo_msgs/bin'
[6.675s] INFO:colcon.colcon_core.shell:Creating package script '/home/matsunaga-h/pickup_ws/install/yolo_msgs/share/yolo_msgs/package.ps1'
[6.675s] INFO:colcon.colcon_core.shell:Creating package descriptor '/home/matsunaga-h/pickup_ws/install/yolo_msgs/share/yolo_msgs/package.dsv'
[6.676s] INFO:colcon.colcon_core.shell:Creating package script '/home/matsunaga-h/pickup_ws/install/yolo_msgs/share/yolo_msgs/package.sh'
[6.676s] INFO:colcon.colcon_core.shell:Creating package script '/home/matsunaga-h/pickup_ws/install/yolo_msgs/share/yolo_msgs/package.bash'
[6.676s] INFO:colcon.colcon_core.shell:Creating package script '/home/matsunaga-h/pickup_ws/install/yolo_msgs/share/yolo_msgs/package.zsh'
[6.676s] Level 1:colcon.colcon_core.environment:create_file_with_runtime_dependencies(/home/matsunaga-h/pickup_ws/install/yolo_msgs/share/colcon-core/packages/yolo_msgs)
[6.677s] INFO:colcon.colcon_ros.task.ament_python.build:Building ROS package in '/home/matsunaga-h/pickup_ws/src/yolo_ros/yolo_ros' with build type 'ament_python'
[6.677s] Level 1:colcon.colcon_core.shell:create_environment_hook('yolo_ros', 'ament_prefix_path')
[6.677s] INFO:colcon.colcon_core.shell:Creating environment hook '/home/matsunaga-h/pickup_ws/install/yolo_ros/share/yolo_ros/hook/ament_prefix_path.ps1'
[6.677s] INFO:colcon.colcon_core.shell:Creating environment descriptor '/home/matsunaga-h/pickup_ws/install/yolo_ros/share/yolo_ros/hook/ament_prefix_path.dsv'
[6.677s] INFO:colcon.colcon_core.shell:Creating environment hook '/home/matsunaga-h/pickup_ws/install/yolo_ros/share/yolo_ros/hook/ament_prefix_path.sh'
[6.678s] INFO:colcon.colcon_core.shell:Skip shell extension 'powershell' for command environment: Not usable outside of PowerShell
[6.678s] DEBUG:colcon.colcon_core.shell:Skip shell extension 'dsv' for command environment
[6.853s] INFO:colcon.colcon_core.task.python.build:Building Python package in '/home/matsunaga-h/pickup_ws/src/yolo_ros/yolo_ros'
[6.853s] INFO:colcon.colcon_core.shell:Skip shell extension 'powershell' for command environment: Not usable outside of PowerShell
[6.853s] DEBUG:colcon.colcon_core.shell:Skip shell extension 'dsv' for command environment
[7.086s] DEBUG:colcon.colcon_core.event_handler.log_command:Invoking command in '/home/matsunaga-h/pickup_ws/src/yolo_ros/yolo_ros': AMENT_PREFIX_PATH=/home/matsunaga-h/pickup_ws/install/yolo_msgs:${AMENT_PREFIX_PATH} CMAKE_PREFIX_PATH=/home/matsunaga-h/pickup_ws/install/yolo_msgs LD_LIBRARY_PATH=/home/matsunaga-h/pickup_ws/install/yolo_msgs/lib:${LD_LIBRARY_PATH} PYTHONPATH=/home/matsunaga-h/pickup_ws/build/yolo_ros/prefix_override:/usr/lib/python3/dist-packages/colcon_core/task/python/colcon_distutils_commands:/home/matsunaga-h/pickup_ws/install/yolo_ros/lib/python3.10/site-packages:/home/matsunaga-h/pickup_ws/install/yolo_msgs/local/lib/python3.10/dist-packages:${PYTHONPATH} /usr/bin/python3 -W ignore:setup.py install is deprecated -W ignore:easy_install command is deprecated setup.py egg_info --egg-base ../../../build/yolo_ros build --build-base /home/matsunaga-h/pickup_ws/build/yolo_ros/build install --record /home/matsunaga-h/pickup_ws/build/yolo_ros/install.log --single-version-externally-managed install_data
[7.284s] Level 1:colcon.colcon_core.environment:checking '/home/matsunaga-h/pickup_ws/install/yolo_ros' for CMake module files
[7.285s] DEBUG:colcon.colcon_core.event_handler.log_command:Invoked command in '/home/matsunaga-h/pickup_ws/src/yolo_ros/yolo_ros' returned '0': AMENT_PREFIX_PATH=/home/matsunaga-h/pickup_ws/install/yolo_msgs:${AMENT_PREFIX_PATH} CMAKE_PREFIX_PATH=/home/matsunaga-h/pickup_ws/install/yolo_msgs LD_LIBRARY_PATH=/home/matsunaga-h/pickup_ws/install/yolo_msgs/lib:${LD_LIBRARY_PATH} PYTHONPATH=/home/matsunaga-h/pickup_ws/build/yolo_ros/prefix_override:/usr/lib/python3/dist-packages/colcon_core/task/python/colcon_distutils_commands:/home/matsunaga-h/pickup_ws/install/yolo_ros/lib/python3.10/site-packages:/home/matsunaga-h/pickup_ws/install/yolo_msgs/local/lib/python3.10/dist-packages:${PYTHONPATH} /usr/bin/python3 -W ignore:setup.py install is deprecated -W ignore:easy_install command is deprecated setup.py egg_info --egg-base ../../../build/yolo_ros build --build-base /home/matsunaga-h/pickup_ws/build/yolo_ros/build install --record /home/matsunaga-h/pickup_ws/build/yolo_ros/install.log --single-version-externally-managed install_data
[7.285s] Level 1:colcon.colcon_core.environment:checking '/home/matsunaga-h/pickup_ws/install/yolo_ros' for CMake config files
[7.285s] Level 1:colcon.colcon_core.environment:checking '/home/matsunaga-h/pickup_ws/install/yolo_ros/lib'
[7.285s] Level 1:colcon.colcon_core.environment:checking '/home/matsunaga-h/pickup_ws/install/yolo_ros/bin'
[7.285s] Level 1:colcon.colcon_core.environment:checking '/home/matsunaga-h/pickup_ws/install/yolo_ros/lib/pkgconfig/yolo_ros.pc'
[7.285s] Level 1:colcon.colcon_core.environment:checking '/home/matsunaga-h/pickup_ws/install/yolo_ros/lib/python3.10/site-packages'
[7.285s] Level 1:colcon.colcon_core.shell:create_environment_hook('yolo_ros', 'pythonpath')
[7.285s] INFO:colcon.colcon_core.shell:Creating environment hook '/home/matsunaga-h/pickup_ws/install/yolo_ros/share/yolo_ros/hook/pythonpath.ps1'
[7.286s] INFO:colcon.colcon_core.shell:Creating environment descriptor '/home/matsunaga-h/pickup_ws/install/yolo_ros/share/yolo_ros/hook/pythonpath.dsv'
[7.286s] INFO:colcon.colcon_core.shell:Creating environment hook '/home/matsunaga-h/pickup_ws/install/yolo_ros/share/yolo_ros/hook/pythonpath.sh'
[7.286s] Level 1:colcon.colcon_core.environment:checking '/home/matsunaga-h/pickup_ws/install/yolo_ros/bin'
[7.286s] Level 1:colcon.colcon_core.environment:create_environment_scripts_only(yolo_ros)
[7.287s] INFO:colcon.colcon_core.shell:Creating package script '/home/matsunaga-h/pickup_ws/install/yolo_ros/share/yolo_ros/package.ps1'
[7.287s] INFO:colcon.colcon_core.shell:Creating package descriptor '/home/matsunaga-h/pickup_ws/install/yolo_ros/share/yolo_ros/package.dsv'
[7.287s] INFO:colcon.colcon_core.shell:Creating package script '/home/matsunaga-h/pickup_ws/install/yolo_ros/share/yolo_ros/package.sh'
[7.287s] INFO:colcon.colcon_core.shell:Creating package script '/home/matsunaga-h/pickup_ws/install/yolo_ros/share/yolo_ros/package.bash'
[7.287s] INFO:colcon.colcon_core.shell:Creating package script '/home/matsunaga-h/pickup_ws/install/yolo_ros/share/yolo_ros/package.zsh'
[7.288s] Level 1:colcon.colcon_core.environment:create_file_with_runtime_dependencies(/home/matsunaga-h/pickup_ws/install/yolo_ros/share/colcon-core/packages/yolo_ros)
[7.288s] INFO:colcon.colcon_ros.task.ament_cmake.build:Building ROS package in '/home/matsunaga-h/pickup_ws/src/yolo_ros/yolo_bringup' with build type 'ament_cmake'
[7.288s] INFO:colcon.colcon_cmake.task.cmake.build:Building CMake package in '/home/matsunaga-h/pickup_ws/src/yolo_ros/yolo_bringup'
[7.288s] INFO:colcon.colcon_core.shell:Skip shell extension 'powershell' for command environment: Not usable outside of PowerShell
[7.288s] DEBUG:colcon.colcon_core.shell:Skip shell extension 'dsv' for command environment
[7.298s] DEBUG:colcon.colcon_core.event_handler.log_command:Invoking command in '/home/matsunaga-h/pickup_ws/build/yolo_bringup': AMENT_PREFIX_PATH=/home/matsunaga-h/pickup_ws/install/yolo_ros:/home/matsunaga-h/pickup_ws/install/yolo_msgs:${AMENT_PREFIX_PATH} CMAKE_PREFIX_PATH=/home/matsunaga-h/pickup_ws/install/yolo_msgs:/home/matsunaga-h/pickup_ws/install/vacuum_switch:/home/matsunaga-h/pickup_ws/install/my_package:/home/matsunaga-h/pickup_ws/install/air_pkg:/opt/ros/humble LD_LIBRARY_PATH=/home/matsunaga-h/pickup_ws/install/yolo_msgs/lib:${LD_LIBRARY_PATH} PYTHONPATH=/home/matsunaga-h/pickup_ws/install/yolo_ros/lib/python3.10/site-packages:/home/matsunaga-h/pickup_ws/install/yolo_msgs/local/lib/python3.10/dist-packages:${PYTHONPATH} /usr/bin/cmake /home/matsunaga-h/pickup_ws/src/yolo_ros/yolo_bringup -DCMAKE_INSTALL_PREFIX=/home/matsunaga-h/pickup_ws/install/yolo_bringup
[7.905s] DEBUG:colcon.colcon_core.event_handler.log_command:Invoked command in '/home/matsunaga-h/pickup_ws/build/yolo_bringup' returned '0': AMENT_PREFIX_PATH=/home/matsunaga-h/pickup_ws/install/yolo_ros:/home/matsunaga-h/pickup_ws/install/yolo_msgs:${AMENT_PREFIX_PATH} CMAKE_PREFIX_PATH=/home/matsunaga-h/pickup_ws/install/yolo_msgs:/home/matsunaga-h/pickup_ws/install/vacuum_switch:/home/matsunaga-h/pickup_ws/install/my_package:/home/matsunaga-h/pickup_ws/install/air_pkg:/opt/ros/humble LD_LIBRARY_PATH=/home/matsunaga-h/pickup_ws/install/yolo_msgs/lib:${LD_LIBRARY_PATH} PYTHONPATH=/home/matsunaga-h/pickup_ws/install/yolo_ros/lib/python3.10/site-packages:/home/matsunaga-h/pickup_ws/install/yolo_msgs/local/lib/python3.10/dist-packages:${PYTHONPATH} /usr/bin/cmake /home/matsunaga-h/pickup_ws/src/yolo_ros/yolo_bringup -DCMAKE_INSTALL_PREFIX=/home/matsunaga-h/pickup_ws/install/yolo_bringup
[7.905s] DEBUG:colcon.colcon_core.event_handler.log_command:Invoking command in '/home/matsunaga-h/pickup_ws/build/yolo_bringup': AMENT_PREFIX_PATH=/home/matsunaga-h/pickup_ws/install/yolo_ros:/home/matsunaga-h/pickup_ws/install/yolo_msgs:${AMENT_PREFIX_PATH} CMAKE_PREFIX_PATH=/home/matsunaga-h/pickup_ws/install/yolo_msgs:/home/matsunaga-h/pickup_ws/install/vacuum_switch:/home/matsunaga-h/pickup_ws/install/my_package:/home/matsunaga-h/pickup_ws/install/air_pkg:/opt/ros/humble LD_LIBRARY_PATH=/home/matsunaga-h/pickup_ws/install/yolo_msgs/lib:${LD_LIBRARY_PATH} PYTHONPATH=/home/matsunaga-h/pickup_ws/install/yolo_ros/lib/python3.10/site-packages:/home/matsunaga-h/pickup_ws/install/yolo_msgs/local/lib/python3.10/dist-packages:${PYTHONPATH} /usr/bin/cmake --build /home/matsunaga-h/pickup_ws/build/yolo_bringup -- -j16 -l16
[7.948s] DEBUG:colcon.colcon_core.event_handler.log_command:Invoked command in '/home/matsunaga-h/pickup_ws/build/yolo_bringup' returned '0': AMENT_PREFIX_PATH=/home/matsunaga-h/pickup_ws/install/yolo_ros:/home/matsunaga-h/pickup_ws/install/yolo_msgs:${AMENT_PREFIX_PATH} CMAKE_PREFIX_PATH=/home/matsunaga-h/pickup_ws/install/yolo_msgs:/home/matsunaga-h/pickup_ws/install/vacuum_switch:/home/matsunaga-h/pickup_ws/install/my_package:/home/matsunaga-h/pickup_ws/install/air_pkg:/opt/ros/humble LD_LIBRARY_PATH=/home/matsunaga-h/pickup_ws/install/yolo_msgs/lib:${LD_LIBRARY_PATH} PYTHONPATH=/home/matsunaga-h/pickup_ws/install/yolo_ros/lib/python3.10/site-packages:/home/matsunaga-h/pickup_ws/install/yolo_msgs/local/lib/python3.10/dist-packages:${PYTHONPATH} /usr/bin/cmake --build /home/matsunaga-h/pickup_ws/build/yolo_bringup -- -j16 -l16
[7.950s] DEBUG:colcon.colcon_core.event_handler.log_command:Invoking command in '/home/matsunaga-h/pickup_ws/build/yolo_bringup': AMENT_PREFIX_PATH=/home/matsunaga-h/pickup_ws/install/yolo_ros:/home/matsunaga-h/pickup_ws/install/yolo_msgs:${AMENT_PREFIX_PATH} CMAKE_PREFIX_PATH=/home/matsunaga-h/pickup_ws/install/yolo_msgs:/home/matsunaga-h/pickup_ws/install/vacuum_switch:/home/matsunaga-h/pickup_ws/install/my_package:/home/matsunaga-h/pickup_ws/install/air_pkg:/opt/ros/humble LD_LIBRARY_PATH=/home/matsunaga-h/pickup_ws/install/yolo_msgs/lib:${LD_LIBRARY_PATH} PYTHONPATH=/home/matsunaga-h/pickup_ws/install/yolo_ros/lib/python3.10/site-packages:/home/matsunaga-h/pickup_ws/install/yolo_msgs/local/lib/python3.10/dist-packages:${PYTHONPATH} /usr/bin/cmake --install /home/matsunaga-h/pickup_ws/build/yolo_bringup
[7.960s] Level 1:colcon.colcon_core.environment:create_environment_scripts_only(yolo_bringup)
[7.960s] Level 1:colcon.colcon_core.environment:checking '/home/matsunaga-h/pickup_ws/install/yolo_bringup' for CMake module files
[7.961s] DEBUG:colcon.colcon_core.event_handler.log_command:Invoked command in '/home/matsunaga-h/pickup_ws/build/yolo_bringup' returned '0': AMENT_PREFIX_PATH=/home/matsunaga-h/pickup_ws/install/yolo_ros:/home/matsunaga-h/pickup_ws/install/yolo_msgs:${AMENT_PREFIX_PATH} CMAKE_PREFIX_PATH=/home/matsunaga-h/pickup_ws/install/yolo_msgs:/home/matsunaga-h/pickup_ws/install/vacuum_switch:/home/matsunaga-h/pickup_ws/install/my_package:/home/matsunaga-h/pickup_ws/install/air_pkg:/opt/ros/humble LD_LIBRARY_PATH=/home/matsunaga-h/pickup_ws/install/yolo_msgs/lib:${LD_LIBRARY_PATH} PYTHONPATH=/home/matsunaga-h/pickup_ws/install/yolo_ros/lib/python3.10/site-packages:/home/matsunaga-h/pickup_ws/install/yolo_msgs/local/lib/python3.10/dist-packages:${PYTHONPATH} /usr/bin/cmake --install /home/matsunaga-h/pickup_ws/build/yolo_bringup
[7.961s] Level 1:colcon.colcon_core.environment:checking '/home/matsunaga-h/pickup_ws/install/yolo_bringup' for CMake config files
[7.962s] Level 1:colcon.colcon_core.shell:create_environment_hook('yolo_bringup', 'cmake_prefix_path')
[7.962s] INFO:colcon.colcon_core.shell:Creating environment hook '/home/matsunaga-h/pickup_ws/install/yolo_bringup/share/yolo_bringup/hook/cmake_prefix_path.ps1'
[7.963s] INFO:colcon.colcon_core.shell:Creating environment descriptor '/home/matsunaga-h/pickup_ws/install/yolo_bringup/share/yolo_bringup/hook/cmake_prefix_path.dsv'
[7.963s] INFO:colcon.colcon_core.shell:Creating environment hook '/home/matsunaga-h/pickup_ws/install/yolo_bringup/share/yolo_bringup/hook/cmake_prefix_path.sh'
[7.964s] Level 1:colcon.colcon_core.environment:checking '/home/matsunaga-h/pickup_ws/install/yolo_bringup/bin'
[7.964s] Level 1:colcon.colcon_core.environment:checking '/home/matsunaga-h/pickup_ws/install/yolo_bringup/lib/pkgconfig/yolo_bringup.pc'
[7.964s] Level 1:colcon.colcon_core.environment:checking '/home/matsunaga-h/pickup_ws/install/yolo_bringup/lib/python3.10/site-packages'
[7.964s] Level 1:colcon.colcon_core.environment:checking '/home/matsunaga-h/pickup_ws/install/yolo_bringup/bin'
[7.965s] INFO:colcon.colcon_core.shell:Creating package script '/home/matsunaga-h/pickup_ws/install/yolo_bringup/share/yolo_bringup/package.ps1'
[7.965s] INFO:colcon.colcon_core.shell:Creating package descriptor '/home/matsunaga-h/pickup_ws/install/yolo_bringup/share/yolo_bringup/package.dsv'
[7.966s] INFO:colcon.colcon_core.shell:Creating package script '/home/matsunaga-h/pickup_ws/install/yolo_bringup/share/yolo_bringup/package.sh'
[7.966s] INFO:colcon.colcon_core.shell:Creating package script '/home/matsunaga-h/pickup_ws/install/yolo_bringup/share/yolo_bringup/package.bash'
[7.966s] INFO:colcon.colcon_core.shell:Creating package script '/home/matsunaga-h/pickup_ws/install/yolo_bringup/share/yolo_bringup/package.zsh'
[7.967s] Level 1:colcon.colcon_core.environment:create_file_with_runtime_dependencies(/home/matsunaga-h/pickup_ws/install/yolo_bringup/share/colcon-core/packages/yolo_bringup)
[7.967s] Level 1:colcon.colcon_core.environment:create_environment_scripts_only(yolo_bringup)
[7.968s] Level 1:colcon.colcon_core.environment:checking '/home/matsunaga-h/pickup_ws/install/yolo_bringup' for CMake module files
[7.968s] Level 1:colcon.colcon_core.environment:checking '/home/matsunaga-h/pickup_ws/install/yolo_bringup' for CMake config files
[7.968s] Level 1:colcon.colcon_core.shell:create_environment_hook('yolo_bringup', 'cmake_prefix_path')
[7.968s] INFO:colcon.colcon_core.shell:Creating environment hook '/home/matsunaga-h/pickup_ws/install/yolo_bringup/share/yolo_bringup/hook/cmake_prefix_path.ps1'
[7.969s] INFO:colcon.colcon_core.shell:Creating environment descriptor '/home/matsunaga-h/pickup_ws/install/yolo_bringup/share/yolo_bringup/hook/cmake_prefix_path.dsv'
[7.969s] INFO:colcon.colcon_core.shell:Creating environment hook '/home/matsunaga-h/pickup_ws/install/yolo_bringup/share/yolo_bringup/hook/cmake_prefix_path.sh'
[7.970s] Level 1:colcon.colcon_core.environment:checking '/home/matsunaga-h/pickup_ws/install/yolo_bringup/bin'
[7.970s] Level 1:colcon.colcon_core.environment:checking '/home/matsunaga-h/pickup_ws/install/yolo_bringup/lib/pkgconfig/yolo_bringup.pc'
[7.970s] Level 1:colcon.colcon_core.environment:checking '/home/matsunaga-h/pickup_ws/install/yolo_bringup/lib/python3.10/site-packages'
[7.970s] Level 1:colcon.colcon_core.environment:checking '/home/matsunaga-h/pickup_ws/install/yolo_bringup/bin'
[7.971s] INFO:colcon.colcon_core.shell:Creating package script '/home/matsunaga-h/pickup_ws/install/yolo_bringup/share/yolo_bringup/package.ps1'
[7.971s] INFO:colcon.colcon_core.shell:Creating package descriptor '/home/matsunaga-h/pickup_ws/install/yolo_bringup/share/yolo_bringup/package.dsv'
[7.972s] INFO:colcon.colcon_core.shell:Creating package script '/home/matsunaga-h/pickup_ws/install/yolo_bringup/share/yolo_bringup/package.sh'
[7.972s] INFO:colcon.colcon_core.shell:Creating package script '/home/matsunaga-h/pickup_ws/install/yolo_bringup/share/yolo_bringup/package.bash'
[7.973s] INFO:colcon.colcon_core.shell:Creating package script '/home/matsunaga-h/pickup_ws/install/yolo_bringup/share/yolo_bringup/package.zsh'
[7.973s] Level 1:colcon.colcon_core.environment:create_file_with_runtime_dependencies(/home/matsunaga-h/pickup_ws/install/yolo_bringup/share/colcon-core/packages/yolo_bringup)
[7.974s] DEBUG:colcon.colcon_parallel_executor.executor.parallel:closing loop
[7.974s] DEBUG:colcon.colcon_parallel_executor.executor.parallel:loop closed
[7.974s] DEBUG:colcon.colcon_parallel_executor.executor.parallel:run_until_complete finished with '0'
[7.974s] DEBUG:colcon.colcon_core.event_reactor:joining thread
[7.982s] INFO:colcon.colcon_core.plugin_system:Skipping extension 'colcon_notification.desktop_notification.terminal_notifier': Not used on non-Darwin systems
[7.982s] INFO:colcon.colcon_core.plugin_system:Skipping extension 'colcon_notification.desktop_notification.win32': Not used on non-Windows systems
[7.982s] INFO:colcon.colcon_notification.desktop_notification:Sending desktop notification using 'notify2'
[7.997s] DEBUG:colcon.colcon_core.event_reactor:joined thread
[7.997s] INFO:colcon.colcon_core.shell:Creating prefix script '/home/matsunaga-h/pickup_ws/install/local_setup.ps1'
[7.998s] INFO:colcon.colcon_core.shell:Creating prefix util module '/home/matsunaga-h/pickup_ws/install/_local_setup_util_ps1.py'
[8.000s] INFO:colcon.colcon_core.shell:Creating prefix chain script '/home/matsunaga-h/pickup_ws/install/setup.ps1'
[8.001s] INFO:colcon.colcon_core.shell:Creating prefix script '/home/matsunaga-h/pickup_ws/install/local_setup.sh'
[8.001s] INFO:colcon.colcon_core.shell:Creating prefix util module '/home/matsunaga-h/pickup_ws/install/_local_setup_util_sh.py'
[8.002s] INFO:colcon.colcon_core.shell:Creating prefix chain script '/home/matsunaga-h/pickup_ws/install/setup.sh'
[8.002s] INFO:colcon.colcon_core.shell:Creating prefix script '/home/matsunaga-h/pickup_ws/install/local_setup.bash'
[8.003s] INFO:colcon.colcon_core.shell:Creating prefix chain script '/home/matsunaga-h/pickup_ws/install/setup.bash'
[8.004s] INFO:colcon.colcon_core.shell:Creating prefix script '/home/matsunaga-h/pickup_ws/install/local_setup.zsh'
[8.004s] INFO:colcon.colcon_core.shell:Creating prefix chain script '/home/matsunaga-h/pickup_ws/install/setup.zsh'
