/home/matsunaga-h/pickup_ws/install/serial_transciever/lib/python3.10/site-packages/serial_transciever/angle_serial_node.py
/home/matsunaga-h/pickup_ws/install/serial_transciever/lib/python3.10/site-packages/serial_transciever/__init__.py
/home/matsunaga-h/pickup_ws/install/serial_transciever/lib/python3.10/site-packages/serial_transciever/motor_angle_publisher.py
/home/matsunaga-h/pickup_ws/install/serial_transciever/lib/python3.10/site-packages/serial_transciever/serial_node_test.py
/home/matsunaga-h/pickup_ws/install/serial_transciever/lib/python3.10/site-packages/serial_transciever/__pycache__/angle_serial_node.cpython-310.pyc
/home/matsunaga-h/pickup_ws/install/serial_transciever/lib/python3.10/site-packages/serial_transciever/__pycache__/__init__.cpython-310.pyc
/home/matsunaga-h/pickup_ws/install/serial_transciever/lib/python3.10/site-packages/serial_transciever/__pycache__/motor_angle_publisher.cpython-310.pyc
/home/matsunaga-h/pickup_ws/install/serial_transciever/lib/python3.10/site-packages/serial_transciever/__pycache__/serial_node_test.cpython-310.pyc
/home/matsunaga-h/pickup_ws/install/serial_transciever/share/ament_index/resource_index/packages/serial_transciever
/home/matsunaga-h/pickup_ws/install/serial_transciever/share/serial_transciever/package.xml
/home/matsunaga-h/pickup_ws/install/serial_transciever/lib/python3.10/site-packages/serial_transciever-0.0.0-py3.10.egg-info/zip-safe
/home/matsunaga-h/pickup_ws/install/serial_transciever/lib/python3.10/site-packages/serial_transciever-0.0.0-py3.10.egg-info/requires.txt
/home/matsunaga-h/pickup_ws/install/serial_transciever/lib/python3.10/site-packages/serial_transciever-0.0.0-py3.10.egg-info/entry_points.txt
/home/matsunaga-h/pickup_ws/install/serial_transciever/lib/python3.10/site-packages/serial_transciever-0.0.0-py3.10.egg-info/PKG-INFO
/home/matsunaga-h/pickup_ws/install/serial_transciever/lib/python3.10/site-packages/serial_transciever-0.0.0-py3.10.egg-info/SOURCES.txt
/home/matsunaga-h/pickup_ws/install/serial_transciever/lib/python3.10/site-packages/serial_transciever-0.0.0-py3.10.egg-info/top_level.txt
/home/matsunaga-h/pickup_ws/install/serial_transciever/lib/python3.10/site-packages/serial_transciever-0.0.0-py3.10.egg-info/dependency_links.txt
/home/matsunaga-h/pickup_ws/install/serial_transciever/lib/serial_transciever/angle_serial_node
/home/matsunaga-h/pickup_ws/install/serial_transciever/lib/serial_transciever/motor_angle_publisher
/home/matsunaga-h/pickup_ws/install/serial_transciever/lib/serial_transciever/serial_node
