[0.009s] Invoking command in '/home/matsunaga-h/pickup_ws/build/yolo_bringup': AMENT_PREFIX_PATH=/home/matsunaga-h/pickup_ws/install/yolo_ros:/home/matsunaga-h/pickup_ws/install/yolo_msgs:${AMENT_PREFIX_PATH} CMAKE_PREFIX_PATH=/home/matsunaga-h/pickup_ws/install/yolo_msgs:/home/matsunaga-h/pickup_ws/install/vacuum_switch:/home/matsunaga-h/pickup_ws/install/my_package:/home/matsunaga-h/pickup_ws/install/air_pkg:/opt/ros/humble LD_LIBRARY_PATH=/home/matsunaga-h/pickup_ws/install/yolo_msgs/lib:${LD_LIBRARY_PATH} PYTHONPATH=/home/matsunaga-h/pickup_ws/install/yolo_ros/lib/python3.10/site-packages:/home/matsunaga-h/pickup_ws/install/yolo_msgs/local/lib/python3.10/dist-packages:${PYTHONPATH} /usr/bin/cmake /home/matsunaga-h/pickup_ws/src/yolo_ros/yolo_bringup -DCMAKE_INSTALL_PREFIX=/home/matsunaga-h/pickup_ws/install/yolo_bringup
[0.072s] -- The C compiler identification is GNU 11.4.0
[0.136s] -- The CXX compiler identification is GNU 11.4.0
[0.142s] -- Detecting C compiler ABI info
[0.232s] -- Detecting C compiler ABI info - done
[0.239s] -- Check for working C compiler: /usr/bin/cc - skipped
[0.239s] -- Detecting C compile features
[0.240s] -- Detecting C compile features - done
[0.242s] -- Detecting CXX compiler ABI info
[0.337s] -- Detecting CXX compiler ABI info - done
[0.346s] -- Check for working CXX compiler: /usr/bin/c++ - skipped
[0.347s] -- Detecting CXX compile features
[0.347s] -- Detecting CXX compile features - done
[0.350s] -- Found ament_cmake: 1.3.11 (/opt/ros/humble/share/ament_cmake/cmake)
[0.492s] -- Found Python3: /usr/bin/python3 (found version "3.10.12") found components: Interpreter 
[0.610s] -- Configuring done
[0.612s] -- Generating done
[0.613s] -- Build files have been written to: /home/matsunaga-h/pickup_ws/build/yolo_bringup
[0.616s] Invoked command in '/home/matsunaga-h/pickup_ws/build/yolo_bringup' returned '0': AMENT_PREFIX_PATH=/home/matsunaga-h/pickup_ws/install/yolo_ros:/home/matsunaga-h/pickup_ws/install/yolo_msgs:${AMENT_PREFIX_PATH} CMAKE_PREFIX_PATH=/home/matsunaga-h/pickup_ws/install/yolo_msgs:/home/matsunaga-h/pickup_ws/install/vacuum_switch:/home/matsunaga-h/pickup_ws/install/my_package:/home/matsunaga-h/pickup_ws/install/air_pkg:/opt/ros/humble LD_LIBRARY_PATH=/home/matsunaga-h/pickup_ws/install/yolo_msgs/lib:${LD_LIBRARY_PATH} PYTHONPATH=/home/matsunaga-h/pickup_ws/install/yolo_ros/lib/python3.10/site-packages:/home/matsunaga-h/pickup_ws/install/yolo_msgs/local/lib/python3.10/dist-packages:${PYTHONPATH} /usr/bin/cmake /home/matsunaga-h/pickup_ws/src/yolo_ros/yolo_bringup -DCMAKE_INSTALL_PREFIX=/home/matsunaga-h/pickup_ws/install/yolo_bringup
[0.616s] Invoking command in '/home/matsunaga-h/pickup_ws/build/yolo_bringup': AMENT_PREFIX_PATH=/home/matsunaga-h/pickup_ws/install/yolo_ros:/home/matsunaga-h/pickup_ws/install/yolo_msgs:${AMENT_PREFIX_PATH} CMAKE_PREFIX_PATH=/home/matsunaga-h/pickup_ws/install/yolo_msgs:/home/matsunaga-h/pickup_ws/install/vacuum_switch:/home/matsunaga-h/pickup_ws/install/my_package:/home/matsunaga-h/pickup_ws/install/air_pkg:/opt/ros/humble LD_LIBRARY_PATH=/home/matsunaga-h/pickup_ws/install/yolo_msgs/lib:${LD_LIBRARY_PATH} PYTHONPATH=/home/matsunaga-h/pickup_ws/install/yolo_ros/lib/python3.10/site-packages:/home/matsunaga-h/pickup_ws/install/yolo_msgs/local/lib/python3.10/dist-packages:${PYTHONPATH} /usr/bin/cmake --build /home/matsunaga-h/pickup_ws/build/yolo_bringup -- -j16 -l16
[0.659s] Invoked command in '/home/matsunaga-h/pickup_ws/build/yolo_bringup' returned '0': AMENT_PREFIX_PATH=/home/matsunaga-h/pickup_ws/install/yolo_ros:/home/matsunaga-h/pickup_ws/install/yolo_msgs:${AMENT_PREFIX_PATH} CMAKE_PREFIX_PATH=/home/matsunaga-h/pickup_ws/install/yolo_msgs:/home/matsunaga-h/pickup_ws/install/vacuum_switch:/home/matsunaga-h/pickup_ws/install/my_package:/home/matsunaga-h/pickup_ws/install/air_pkg:/opt/ros/humble LD_LIBRARY_PATH=/home/matsunaga-h/pickup_ws/install/yolo_msgs/lib:${LD_LIBRARY_PATH} PYTHONPATH=/home/matsunaga-h/pickup_ws/install/yolo_ros/lib/python3.10/site-packages:/home/matsunaga-h/pickup_ws/install/yolo_msgs/local/lib/python3.10/dist-packages:${PYTHONPATH} /usr/bin/cmake --build /home/matsunaga-h/pickup_ws/build/yolo_bringup -- -j16 -l16
[0.661s] Invoking command in '/home/matsunaga-h/pickup_ws/build/yolo_bringup': AMENT_PREFIX_PATH=/home/matsunaga-h/pickup_ws/install/yolo_ros:/home/matsunaga-h/pickup_ws/install/yolo_msgs:${AMENT_PREFIX_PATH} CMAKE_PREFIX_PATH=/home/matsunaga-h/pickup_ws/install/yolo_msgs:/home/matsunaga-h/pickup_ws/install/vacuum_switch:/home/matsunaga-h/pickup_ws/install/my_package:/home/matsunaga-h/pickup_ws/install/air_pkg:/opt/ros/humble LD_LIBRARY_PATH=/home/matsunaga-h/pickup_ws/install/yolo_msgs/lib:${LD_LIBRARY_PATH} PYTHONPATH=/home/matsunaga-h/pickup_ws/install/yolo_ros/lib/python3.10/site-packages:/home/matsunaga-h/pickup_ws/install/yolo_msgs/local/lib/python3.10/dist-packages:${PYTHONPATH} /usr/bin/cmake --install /home/matsunaga-h/pickup_ws/build/yolo_bringup
[0.668s] -- Install configuration: ""
[0.668s] -- Installing: /home/matsunaga-h/pickup_ws/install/yolo_bringup/share/yolo_bringup//launch
[0.668s] -- Installing: /home/matsunaga-h/pickup_ws/install/yolo_bringup/share/yolo_bringup//launch/yolo.launch.py
[0.668s] -- Installing: /home/matsunaga-h/pickup_ws/install/yolo_bringup/share/yolo_bringup//launch/yolov5.launch.py
[0.668s] -- Installing: /home/matsunaga-h/pickup_ws/install/yolo_bringup/share/yolo_bringup//launch/yolov8.launch.py
[0.668s] -- Installing: /home/matsunaga-h/pickup_ws/install/yolo_bringup/share/yolo_bringup//launch/yolo-world.launch.py
[0.668s] -- Installing: /home/matsunaga-h/pickup_ws/install/yolo_bringup/share/yolo_bringup//launch/yolov9.launch.py
[0.668s] -- Installing: /home/matsunaga-h/pickup_ws/install/yolo_bringup/share/yolo_bringup//launch/yolov10.launch.py
[0.668s] -- Installing: /home/matsunaga-h/pickup_ws/install/yolo_bringup/share/yolo_bringup//launch/yolov12.launch.py
[0.669s] -- Installing: /home/matsunaga-h/pickup_ws/install/yolo_bringup/share/yolo_bringup//launch/yolov11.launch.py
[0.669s] -- Installing: /home/matsunaga-h/pickup_ws/install/yolo_bringup/share/ament_index/resource_index/package_run_dependencies/yolo_bringup
[0.669s] -- Installing: /home/matsunaga-h/pickup_ws/install/yolo_bringup/share/ament_index/resource_index/parent_prefix_path/yolo_bringup
[0.669s] -- Installing: /home/matsunaga-h/pickup_ws/install/yolo_bringup/share/yolo_bringup/environment/ament_prefix_path.sh
[0.669s] -- Installing: /home/matsunaga-h/pickup_ws/install/yolo_bringup/share/yolo_bringup/environment/ament_prefix_path.dsv
[0.669s] -- Installing: /home/matsunaga-h/pickup_ws/install/yolo_bringup/share/yolo_bringup/environment/path.sh
[0.669s] -- Installing: /home/matsunaga-h/pickup_ws/install/yolo_bringup/share/yolo_bringup/environment/path.dsv
[0.670s] -- Installing: /home/matsunaga-h/pickup_ws/install/yolo_bringup/share/yolo_bringup/local_setup.bash
[0.670s] -- Installing: /home/matsunaga-h/pickup_ws/install/yolo_bringup/share/yolo_bringup/local_setup.sh
[0.670s] -- Installing: /home/matsunaga-h/pickup_ws/install/yolo_bringup/share/yolo_bringup/local_setup.zsh
[0.670s] -- Installing: /home/matsunaga-h/pickup_ws/install/yolo_bringup/share/yolo_bringup/local_setup.dsv
[0.670s] -- Installing: /home/matsunaga-h/pickup_ws/install/yolo_bringup/share/yolo_bringup/package.dsv
[0.670s] -- Installing: /home/matsunaga-h/pickup_ws/install/yolo_bringup/share/ament_index/resource_index/packages/yolo_bringup
[0.671s] -- Installing: /home/matsunaga-h/pickup_ws/install/yolo_bringup/share/yolo_bringup/cmake/yolo_bringupConfig.cmake
[0.671s] -- Installing: /home/matsunaga-h/pickup_ws/install/yolo_bringup/share/yolo_bringup/cmake/yolo_bringupConfig-version.cmake
[0.671s] -- Installing: /home/matsunaga-h/pickup_ws/install/yolo_bringup/share/yolo_bringup/package.xml
[0.672s] Invoked command in '/home/matsunaga-h/pickup_ws/build/yolo_bringup' returned '0': AMENT_PREFIX_PATH=/home/matsunaga-h/pickup_ws/install/yolo_ros:/home/matsunaga-h/pickup_ws/install/yolo_msgs:${AMENT_PREFIX_PATH} CMAKE_PREFIX_PATH=/home/matsunaga-h/pickup_ws/install/yolo_msgs:/home/matsunaga-h/pickup_ws/install/vacuum_switch:/home/matsunaga-h/pickup_ws/install/my_package:/home/matsunaga-h/pickup_ws/install/air_pkg:/opt/ros/humble LD_LIBRARY_PATH=/home/matsunaga-h/pickup_ws/install/yolo_msgs/lib:${LD_LIBRARY_PATH} PYTHONPATH=/home/matsunaga-h/pickup_ws/install/yolo_ros/lib/python3.10/site-packages:/home/matsunaga-h/pickup_ws/install/yolo_msgs/local/lib/python3.10/dist-packages:${PYTHONPATH} /usr/bin/cmake --install /home/matsunaga-h/pickup_ws/build/yolo_bringup
