[0.612s] Invoking command in '/home/matsunaga-h/pickup_ws/src/air_pkg': PYTHONPATH=/home/matsunaga-h/pickup_ws/build/air_pkg/prefix_override:/usr/lib/python3/dist-packages/colcon_core/task/python/colcon_distutils_commands:/home/matsunaga-h/pickup_ws/install/air_pkg/lib/python3.10/site-packages:${PYTHONPATH} /usr/bin/python3 -W ignore:setup.py install is deprecated -W ignore:easy_install command is deprecated setup.py egg_info --egg-base ../../build/air_pkg build --build-base /home/matsunaga-h/pickup_ws/build/air_pkg/build install --record /home/matsunaga-h/pickup_ws/build/air_pkg/install.log --single-version-externally-managed install_data
[0.769s] running egg_info
[0.770s] writing ../../build/air_pkg/air_pkg.egg-info/PKG-INFO
[0.770s] writing dependency_links to ../../build/air_pkg/air_pkg.egg-info/dependency_links.txt
[0.770s] writing entry points to ../../build/air_pkg/air_pkg.egg-info/entry_points.txt
[0.770s] writing requirements to ../../build/air_pkg/air_pkg.egg-info/requires.txt
[0.770s] writing top-level names to ../../build/air_pkg/air_pkg.egg-info/top_level.txt
[0.771s] reading manifest file '../../build/air_pkg/air_pkg.egg-info/SOURCES.txt'
[0.772s] writing manifest file '../../build/air_pkg/air_pkg.egg-info/SOURCES.txt'
[0.772s] running build
[0.772s] running build_py
[0.772s] running install
[0.772s] running install_lib
[0.774s] running install_data
[0.774s] running install_egg_info
[0.775s] removing '/home/matsunaga-h/pickup_ws/install/air_pkg/lib/python3.10/site-packages/air_pkg-0.0.0-py3.10.egg-info' (and everything under it)
[0.775s] Copying ../../build/air_pkg/air_pkg.egg-info to /home/matsunaga-h/pickup_ws/install/air_pkg/lib/python3.10/site-packages/air_pkg-0.0.0-py3.10.egg-info
[0.776s] running install_scripts
[0.789s] Installing arduino_reader script to /home/matsunaga-h/pickup_ws/install/air_pkg/lib/air_pkg
[0.790s] Installing hello_node script to /home/matsunaga-h/pickup_ws/install/air_pkg/lib/air_pkg
[0.790s] writing list of installed files to '/home/matsunaga-h/pickup_ws/build/air_pkg/install.log'
[0.820s] Invoked command in '/home/matsunaga-h/pickup_ws/src/air_pkg' returned '0': PYTHONPATH=/home/matsunaga-h/pickup_ws/build/air_pkg/prefix_override:/usr/lib/python3/dist-packages/colcon_core/task/python/colcon_distutils_commands:/home/matsunaga-h/pickup_ws/install/air_pkg/lib/python3.10/site-packages:${PYTHONPATH} /usr/bin/python3 -W ignore:setup.py install is deprecated -W ignore:easy_install command is deprecated setup.py egg_info --egg-base ../../build/air_pkg build --build-base /home/matsunaga-h/pickup_ws/build/air_pkg/build install --record /home/matsunaga-h/pickup_ws/build/air_pkg/install.log --single-version-externally-managed install_data
