[0.015s] Invoking command in '/home/matsunaga-h/pickup_ws/build/yolo_msgs': CMAKE_PREFIX_PATH=/home/matsunaga-h/pickup_ws/install/vacuum_switch:/home/matsunaga-h/pickup_ws/install/my_package:/home/matsunaga-h/pickup_ws/install/air_pkg:/opt/ros/humble /usr/bin/cmake /home/matsunaga-h/pickup_ws/src/yolo_ros/yolo_msgs -DCMAKE_INSTALL_PREFIX=/home/matsunaga-h/pickup_ws/install/yolo_msgs
[0.183s] -- The C compiler identification is GNU 11.4.0
[0.206s] -- The CXX compiler identification is GNU 11.4.0
[0.214s] -- Detecting C compiler ABI info
[0.274s] -- Detecting C compiler ABI info - done
[0.280s] -- Check for working C compiler: /usr/bin/cc - skipped
[0.281s] -- Detecting C compile features
[0.281s] -- Detecting C compile features - done
[0.284s] -- Detecting CXX compiler ABI info
[0.351s] -- Detecting CXX compiler ABI info - done
[0.358s] -- Check for working CXX compiler: /usr/bin/c++ - skipped
[0.359s] -- Detecting CXX compile features
[0.359s] -- Detecting CXX compile features - done
[0.362s] -- Found ament_cmake: 1.3.11 (/opt/ros/humble/share/ament_cmake/cmake)
[0.497s] -- Found Python3: /usr/bin/python3 (found version "3.10.12") found components: Interpreter 
[0.577s] -- Found rosidl_default_generators: 1.2.0 (/opt/ros/humble/share/rosidl_default_generators/cmake)
[0.580s] -- Using all available rosidl_typesupport_c: rosidl_typesupport_fastrtps_c;rosidl_typesupport_introspection_c
[0.585s] -- Found rosidl_adapter: 3.1.6 (/opt/ros/humble/share/rosidl_adapter/cmake)
[0.623s] -- Using all available rosidl_typesupport_cpp: rosidl_typesupport_fastrtps_cpp;rosidl_typesupport_introspection_cpp
[0.655s] -- Found std_msgs: 4.8.0 (/opt/ros/humble/share/std_msgs/cmake)
[0.677s] -- Found geometry_msgs: 4.8.0 (/opt/ros/humble/share/geometry_msgs/cmake)
[0.948s] -- Found ament_cmake_ros: 0.10.0 (/opt/ros/humble/share/ament_cmake_ros/cmake)
[1.154s] -- Using all available rosidl_typesupport_c: rosidl_typesupport_fastrtps_c;rosidl_typesupport_introspection_c
[1.410s] -- Using all available rosidl_typesupport_cpp: rosidl_typesupport_fastrtps_cpp;rosidl_typesupport_introspection_cpp
[1.432s] -- Found PythonInterp: /usr/bin/python3 (found suitable version "3.10.12", minimum required is "3.6") 
[1.433s] -- Found python_cmake_module: 0.10.0 (/opt/ros/humble/share/python_cmake_module/cmake)
[1.465s] -- Found PythonLibs: /usr/lib/x86_64-linux-gnu/libpython3.10.so (found suitable version "3.10.12", minimum required is "3.5") 
[1.465s] -- Using PYTHON_EXECUTABLE: /usr/bin/python3
[1.465s] -- Using PYTHON_INCLUDE_DIRS: /usr/include/python3.10
[1.465s] -- Using PYTHON_LIBRARIES: /usr/lib/x86_64-linux-gnu/libpython3.10.so
[1.490s] -- Found PythonExtra: .so  
[1.550s] -- Configuring done
[1.582s] -- Generating done
[1.590s] -- Build files have been written to: /home/matsunaga-h/pickup_ws/build/yolo_msgs
[1.596s] Invoked command in '/home/matsunaga-h/pickup_ws/build/yolo_msgs' returned '0': CMAKE_PREFIX_PATH=/home/matsunaga-h/pickup_ws/install/vacuum_switch:/home/matsunaga-h/pickup_ws/install/my_package:/home/matsunaga-h/pickup_ws/install/air_pkg:/opt/ros/humble /usr/bin/cmake /home/matsunaga-h/pickup_ws/src/yolo_ros/yolo_msgs -DCMAKE_INSTALL_PREFIX=/home/matsunaga-h/pickup_ws/install/yolo_msgs
[1.596s] Invoking command in '/home/matsunaga-h/pickup_ws/build/yolo_msgs': CMAKE_PREFIX_PATH=/home/matsunaga-h/pickup_ws/install/vacuum_switch:/home/matsunaga-h/pickup_ws/install/my_package:/home/matsunaga-h/pickup_ws/install/air_pkg:/opt/ros/humble /usr/bin/cmake --build /home/matsunaga-h/pickup_ws/build/yolo_msgs -- -j16 -l16
[1.644s] [  1%] [34m[1mGenerating C code for ROS interfaces[0m
[1.656s] [  1%] [34m[1mGenerating C++ code for ROS interfaces[0m
[1.665s] [  1%] Built target ament_cmake_python_copy_yolo_msgs
[1.830s] running egg_info
[1.831s] creating yolo_msgs.egg-info
[1.831s] writing yolo_msgs.egg-info/PKG-INFO
[1.831s] writing dependency_links to yolo_msgs.egg-info/dependency_links.txt
[1.831s] writing top-level names to yolo_msgs.egg-info/top_level.txt
[1.831s] writing manifest file 'yolo_msgs.egg-info/SOURCES.txt'
[1.832s] reading manifest file 'yolo_msgs.egg-info/SOURCES.txt'
[1.832s] writing manifest file 'yolo_msgs.egg-info/SOURCES.txt'
[1.854s] [  1%] Built target ament_cmake_python_build_yolo_msgs_egg
[2.314s] [  1%] Built target yolo_msgs__cpp
[2.325s] [  3%] [34m[1mGenerating C++ type support for eProsima Fast-RTPS[0m
[2.325s] [  3%] [34m[1mGenerating C++ type support dispatch for ROS interfaces[0m
[2.327s] [  3%] [34m[1mGenerating C++ introspection for ROS interfaces[0m
[2.358s] [  4%] [32mBuilding C object CMakeFiles/yolo_msgs__rosidl_generator_c.dir/rosidl_generator_c/yolo_msgs/msg/detail/key_point2_d_array__functions.c.o[0m
[2.358s] [  4%] [32mBuilding C object CMakeFiles/yolo_msgs__rosidl_generator_c.dir/rosidl_generator_c/yolo_msgs/msg/detail/key_point2_d__functions.c.o[0m
[2.359s] [  4%] [32mBuilding C object CMakeFiles/yolo_msgs__rosidl_generator_c.dir/rosidl_generator_c/yolo_msgs/msg/detail/vector2__functions.c.o[0m
[2.359s] [  5%] [32mBuilding C object CMakeFiles/yolo_msgs__rosidl_generator_c.dir/rosidl_generator_c/yolo_msgs/msg/detail/pose2_d__functions.c.o[0m
[2.359s] [  6%] [32mBuilding C object CMakeFiles/yolo_msgs__rosidl_generator_c.dir/rosidl_generator_c/yolo_msgs/msg/detail/detection__functions.c.o[0m
[2.359s] [  7%] [32mBuilding C object CMakeFiles/yolo_msgs__rosidl_generator_c.dir/rosidl_generator_c/yolo_msgs/msg/detail/bounding_box2_d__functions.c.o[0m
[2.360s] [  8%] [32mBuilding C object CMakeFiles/yolo_msgs__rosidl_generator_c.dir/rosidl_generator_c/yolo_msgs/srv/detail/set_classes__functions.c.o[0m
[2.361s] [  9%] [32mBuilding C object CMakeFiles/yolo_msgs__rosidl_generator_c.dir/rosidl_generator_c/yolo_msgs/msg/detail/mask__functions.c.o[0m
[2.361s] [ 10%] [32mBuilding C object CMakeFiles/yolo_msgs__rosidl_generator_c.dir/rosidl_generator_c/yolo_msgs/msg/detail/point2_d__functions.c.o[0m
[2.362s] [ 13%] [32mBuilding C object CMakeFiles/yolo_msgs__rosidl_generator_c.dir/rosidl_generator_c/yolo_msgs/msg/detail/bounding_box3_d__functions.c.o[0m
[2.362s] [ 13%] [32mBuilding C object CMakeFiles/yolo_msgs__rosidl_generator_c.dir/rosidl_generator_c/yolo_msgs/msg/detail/key_point3_d__functions.c.o[0m
[2.362s] [ 12%] [32mBuilding C object CMakeFiles/yolo_msgs__rosidl_generator_c.dir/rosidl_generator_c/yolo_msgs/msg/detail/key_point3_d_array__functions.c.o[0m
[2.362s] [ 13%] [32mBuilding C object CMakeFiles/yolo_msgs__rosidl_generator_c.dir/rosidl_generator_c/yolo_msgs/msg/detail/detection_array__functions.c.o[0m
[2.424s] [ 14%] [32m[1mLinking C shared library libyolo_msgs__rosidl_generator_c.so[0m
[2.464s] [ 14%] Built target yolo_msgs__rosidl_generator_c
[2.474s] [ 15%] [34m[1mGenerating C type support for eProsima Fast-RTPS[0m
[2.475s] [ 17%] [34m[1mGenerating C type support dispatch for ROS interfaces[0m
[2.476s] [ 17%] [34m[1mGenerating C introspection for ROS interfaces[0m
[2.843s] [ 18%] [32mBuilding CXX object CMakeFiles/yolo_msgs__rosidl_typesupport_cpp.dir/rosidl_typesupport_cpp/yolo_msgs/msg/vector2__type_support.cpp.o[0m
[2.843s] [ 18%] [32mBuilding CXX object CMakeFiles/yolo_msgs__rosidl_typesupport_cpp.dir/rosidl_typesupport_cpp/yolo_msgs/msg/key_point2_d_array__type_support.cpp.o[0m
[2.843s] [ 18%] [32mBuilding CXX object CMakeFiles/yolo_msgs__rosidl_typesupport_cpp.dir/rosidl_typesupport_cpp/yolo_msgs/msg/pose2_d__type_support.cpp.o[0m
[2.843s] [ 19%] [32mBuilding CXX object CMakeFiles/yolo_msgs__rosidl_typesupport_cpp.dir/rosidl_typesupport_cpp/yolo_msgs/msg/point2_d__type_support.cpp.o[0m
[2.843s] [ 20%] [32mBuilding CXX object CMakeFiles/yolo_msgs__rosidl_typesupport_cpp.dir/rosidl_typesupport_cpp/yolo_msgs/msg/bounding_box2_d__type_support.cpp.o[0m
[2.843s] [ 21%] [32mBuilding CXX object CMakeFiles/yolo_msgs__rosidl_typesupport_cpp.dir/rosidl_typesupport_cpp/yolo_msgs/msg/bounding_box3_d__type_support.cpp.o[0m
[2.843s] [ 23%] [32mBuilding CXX object CMakeFiles/yolo_msgs__rosidl_typesupport_cpp.dir/rosidl_typesupport_cpp/yolo_msgs/msg/mask__type_support.cpp.o[0m
[2.843s] [ 23%] [32mBuilding CXX object CMakeFiles/yolo_msgs__rosidl_typesupport_cpp.dir/rosidl_typesupport_cpp/yolo_msgs/msg/key_point2_d__type_support.cpp.o[0m
[2.844s] [ 24%] [32mBuilding CXX object CMakeFiles/yolo_msgs__rosidl_typesupport_cpp.dir/rosidl_typesupport_cpp/yolo_msgs/msg/detection__type_support.cpp.o[0m
[2.844s] [ 25%] [32mBuilding CXX object CMakeFiles/yolo_msgs__rosidl_typesupport_cpp.dir/rosidl_typesupport_cpp/yolo_msgs/msg/key_point3_d_array__type_support.cpp.o[0m
[2.844s] [ 26%] [32mBuilding CXX object CMakeFiles/yolo_msgs__rosidl_typesupport_cpp.dir/rosidl_typesupport_cpp/yolo_msgs/msg/key_point3_d__type_support.cpp.o[0m
[3.141s] [ 26%] [32mBuilding CXX object CMakeFiles/yolo_msgs__rosidl_typesupport_cpp.dir/rosidl_typesupport_cpp/yolo_msgs/srv/set_classes__type_support.cpp.o[0m
[3.142s] [ 27%] [32mBuilding CXX object CMakeFiles/yolo_msgs__rosidl_typesupport_cpp.dir/rosidl_typesupport_cpp/yolo_msgs/msg/detection_array__type_support.cpp.o[0m
[3.178s] [ 28%] [32mBuilding CXX object CMakeFiles/yolo_msgs__rosidl_typesupport_fastrtps_cpp.dir/rosidl_typesupport_fastrtps_cpp/yolo_msgs/msg/detail/dds_fastrtps/point2_d__type_support.cpp.o[0m
[3.184s] [ 29%] [32mBuilding CXX object CMakeFiles/yolo_msgs__rosidl_typesupport_fastrtps_cpp.dir/rosidl_typesupport_fastrtps_cpp/yolo_msgs/msg/detail/dds_fastrtps/vector2__type_support.cpp.o[0m
[3.199s] [ 30%] [32mBuilding CXX object CMakeFiles/yolo_msgs__rosidl_typesupport_fastrtps_cpp.dir/rosidl_typesupport_fastrtps_cpp/yolo_msgs/msg/detail/dds_fastrtps/pose2_d__type_support.cpp.o[0m
[3.212s] [ 30%] [32mBuilding CXX object CMakeFiles/yolo_msgs__rosidl_typesupport_fastrtps_cpp.dir/rosidl_typesupport_fastrtps_cpp/yolo_msgs/msg/detail/dds_fastrtps/bounding_box2_d__type_support.cpp.o[0m
[3.212s] [ 31%] [32mBuilding CXX object CMakeFiles/yolo_msgs__rosidl_typesupport_fastrtps_cpp.dir/rosidl_typesupport_fastrtps_cpp/yolo_msgs/msg/detail/dds_fastrtps/bounding_box3_d__type_support.cpp.o[0m
[3.215s] [ 32%] [32mBuilding CXX object CMakeFiles/yolo_msgs__rosidl_typesupport_fastrtps_cpp.dir/rosidl_typesupport_fastrtps_cpp/yolo_msgs/msg/detail/dds_fastrtps/mask__type_support.cpp.o[0m
[3.221s] [ 33%] [32mBuilding CXX object CMakeFiles/yolo_msgs__rosidl_typesupport_fastrtps_cpp.dir/rosidl_typesupport_fastrtps_cpp/yolo_msgs/msg/detail/dds_fastrtps/key_point2_d__type_support.cpp.o[0m
[3.238s] [ 34%] [32mBuilding CXX object CMakeFiles/yolo_msgs__rosidl_typesupport_fastrtps_cpp.dir/rosidl_typesupport_fastrtps_cpp/yolo_msgs/msg/detail/dds_fastrtps/key_point2_d_array__type_support.cpp.o[0m
[3.240s] [ 34%] [32mBuilding CXX object CMakeFiles/yolo_msgs__rosidl_typesupport_fastrtps_cpp.dir/rosidl_typesupport_fastrtps_cpp/yolo_msgs/msg/detail/dds_fastrtps/key_point3_d__type_support.cpp.o[0m
[3.249s] [ 35%] [32mBuilding C object CMakeFiles/yolo_msgs__rosidl_typesupport_introspection_c.dir/rosidl_typesupport_introspection_c/yolo_msgs/msg/detail/point2_d__type_support.c.o[0m
[3.258s] [ 36%] [32mBuilding CXX object CMakeFiles/yolo_msgs__rosidl_typesupport_fastrtps_cpp.dir/rosidl_typesupport_fastrtps_cpp/yolo_msgs/msg/detail/dds_fastrtps/key_point3_d_array__type_support.cpp.o[0m
[3.287s] [ 37%] [32mBuilding C object CMakeFiles/yolo_msgs__rosidl_typesupport_introspection_c.dir/rosidl_typesupport_introspection_c/yolo_msgs/msg/detail/vector2__type_support.c.o[0m
[3.321s] [ 37%] [32mBuilding C object CMakeFiles/yolo_msgs__rosidl_typesupport_introspection_c.dir/rosidl_typesupport_introspection_c/yolo_msgs/msg/detail/pose2_d__type_support.c.o[0m
[3.346s] [ 38%] [32mBuilding CXX object CMakeFiles/yolo_msgs__rosidl_typesupport_fastrtps_c.dir/rosidl_typesupport_fastrtps_c/yolo_msgs/msg/detail/point2_d__type_support_c.cpp.o[0m
[3.364s] [ 39%] [32mBuilding C object CMakeFiles/yolo_msgs__rosidl_typesupport_introspection_c.dir/rosidl_typesupport_introspection_c/yolo_msgs/msg/detail/bounding_box2_d__type_support.c.o[0m
[3.408s] [ 40%] [32mBuilding C object CMakeFiles/yolo_msgs__rosidl_typesupport_introspection_c.dir/rosidl_typesupport_introspection_c/yolo_msgs/msg/detail/bounding_box3_d__type_support.c.o[0m
[3.431s] [ 41%] [32mBuilding C object CMakeFiles/yolo_msgs__rosidl_typesupport_introspection_c.dir/rosidl_typesupport_introspection_c/yolo_msgs/msg/detail/mask__type_support.c.o[0m
[3.462s] [ 42%] [32mBuilding CXX object CMakeFiles/yolo_msgs__rosidl_typesupport_fastrtps_cpp.dir/rosidl_typesupport_fastrtps_cpp/yolo_msgs/msg/detail/dds_fastrtps/detection__type_support.cpp.o[0m
[3.472s] [ 43%] [32m[1mLinking CXX shared library libyolo_msgs__rosidl_typesupport_cpp.so[0m
[3.477s] [ 43%] [32mBuilding CXX object CMakeFiles/yolo_msgs__rosidl_typesupport_c.dir/rosidl_typesupport_c/yolo_msgs/msg/point2_d__type_support.cpp.o[0m
[3.477s] [ 44%] [32mBuilding CXX object CMakeFiles/yolo_msgs__rosidl_typesupport_introspection_cpp.dir/rosidl_typesupport_introspection_cpp/yolo_msgs/msg/detail/point2_d__type_support.cpp.o[0m
[3.477s] [ 45%] [32mBuilding C object CMakeFiles/yolo_msgs__rosidl_typesupport_introspection_c.dir/rosidl_typesupport_introspection_c/yolo_msgs/msg/detail/key_point2_d__type_support.c.o[0m
[3.518s] [ 46%] [32mBuilding C object CMakeFiles/yolo_msgs__rosidl_typesupport_introspection_c.dir/rosidl_typesupport_introspection_c/yolo_msgs/msg/detail/key_point2_d_array__type_support.c.o[0m
[3.519s] [ 46%] [32mBuilding CXX object CMakeFiles/yolo_msgs__rosidl_typesupport_c.dir/rosidl_typesupport_c/yolo_msgs/msg/vector2__type_support.cpp.o[0m
[3.524s] [ 46%] Built target yolo_msgs__rosidl_typesupport_cpp
[3.535s] [ 47%] [32mBuilding CXX object CMakeFiles/yolo_msgs__rosidl_typesupport_fastrtps_cpp.dir/rosidl_typesupport_fastrtps_cpp/yolo_msgs/msg/detail/dds_fastrtps/detection_array__type_support.cpp.o[0m
[3.556s] [ 48%] [32mBuilding CXX object CMakeFiles/yolo_msgs__rosidl_typesupport_c.dir/rosidl_typesupport_c/yolo_msgs/msg/pose2_d__type_support.cpp.o[0m
[3.560s] [ 49%] [32mBuilding C object CMakeFiles/yolo_msgs__rosidl_typesupport_introspection_c.dir/rosidl_typesupport_introspection_c/yolo_msgs/msg/detail/key_point3_d__type_support.c.o[0m
[3.597s] [ 50%] [32mBuilding CXX object CMakeFiles/yolo_msgs__rosidl_typesupport_c.dir/rosidl_typesupport_c/yolo_msgs/msg/bounding_box2_d__type_support.cpp.o[0m
[3.597s] [ 51%] [32mBuilding C object CMakeFiles/yolo_msgs__rosidl_typesupport_introspection_c.dir/rosidl_typesupport_introspection_c/yolo_msgs/msg/detail/key_point3_d_array__type_support.c.o[0m
[3.626s] [ 52%] [32mBuilding CXX object CMakeFiles/yolo_msgs__rosidl_typesupport_c.dir/rosidl_typesupport_c/yolo_msgs/msg/bounding_box3_d__type_support.cpp.o[0m
[3.626s] [ 53%] [32mBuilding CXX object CMakeFiles/yolo_msgs__rosidl_typesupport_fastrtps_cpp.dir/rosidl_typesupport_fastrtps_cpp/yolo_msgs/srv/detail/dds_fastrtps/set_classes__type_support.cpp.o[0m
[3.631s] [ 53%] [32mBuilding CXX object CMakeFiles/yolo_msgs__rosidl_typesupport_fastrtps_c.dir/rosidl_typesupport_fastrtps_c/yolo_msgs/msg/detail/vector2__type_support_c.cpp.o[0m
[3.637s] [ 54%] [32mBuilding C object CMakeFiles/yolo_msgs__rosidl_typesupport_introspection_c.dir/rosidl_typesupport_introspection_c/yolo_msgs/msg/detail/detection__type_support.c.o[0m
[3.641s] [ 55%] [32mBuilding CXX object CMakeFiles/yolo_msgs__rosidl_typesupport_introspection_cpp.dir/rosidl_typesupport_introspection_cpp/yolo_msgs/msg/detail/vector2__type_support.cpp.o[0m
[3.660s] [ 56%] [32mBuilding CXX object CMakeFiles/yolo_msgs__rosidl_typesupport_fastrtps_c.dir/rosidl_typesupport_fastrtps_c/yolo_msgs/msg/detail/pose2_d__type_support_c.cpp.o[0m
[3.664s] [ 56%] [32mBuilding CXX object CMakeFiles/yolo_msgs__rosidl_typesupport_c.dir/rosidl_typesupport_c/yolo_msgs/msg/mask__type_support.cpp.o[0m
[3.675s] [ 57%] [32mBuilding C object CMakeFiles/yolo_msgs__rosidl_typesupport_introspection_c.dir/rosidl_typesupport_introspection_c/yolo_msgs/msg/detail/detection_array__type_support.c.o[0m
[3.683s] [ 58%] [32mBuilding CXX object CMakeFiles/yolo_msgs__rosidl_typesupport_c.dir/rosidl_typesupport_c/yolo_msgs/msg/key_point2_d__type_support.cpp.o[0m
[3.698s] [ 59%] [32mBuilding CXX object CMakeFiles/yolo_msgs__rosidl_typesupport_fastrtps_c.dir/rosidl_typesupport_fastrtps_c/yolo_msgs/msg/detail/bounding_box2_d__type_support_c.cpp.o[0m
[3.708s] [ 60%] [32mBuilding CXX object CMakeFiles/yolo_msgs__rosidl_typesupport_introspection_cpp.dir/rosidl_typesupport_introspection_cpp/yolo_msgs/msg/detail/pose2_d__type_support.cpp.o[0m
[3.715s] [ 60%] [32mBuilding C object CMakeFiles/yolo_msgs__rosidl_typesupport_introspection_c.dir/rosidl_typesupport_introspection_c/yolo_msgs/srv/detail/set_classes__type_support.c.o[0m
[3.719s] [ 61%] [32mBuilding CXX object CMakeFiles/yolo_msgs__rosidl_typesupport_c.dir/rosidl_typesupport_c/yolo_msgs/msg/key_point2_d_array__type_support.cpp.o[0m
[3.752s] [ 62%] [32mBuilding CXX object CMakeFiles/yolo_msgs__rosidl_typesupport_c.dir/rosidl_typesupport_c/yolo_msgs/msg/key_point3_d__type_support.cpp.o[0m
[3.762s] [ 63%] [32m[1mLinking C shared library libyolo_msgs__rosidl_typesupport_introspection_c.so[0m
[3.771s] [ 64%] [32mBuilding CXX object CMakeFiles/yolo_msgs__rosidl_typesupport_c.dir/rosidl_typesupport_c/yolo_msgs/msg/key_point3_d_array__type_support.cpp.o[0m
[3.786s] [ 65%] [32mBuilding CXX object CMakeFiles/yolo_msgs__rosidl_typesupport_fastrtps_c.dir/rosidl_typesupport_fastrtps_c/yolo_msgs/msg/detail/bounding_box3_d__type_support_c.cpp.o[0m
[3.790s] [ 65%] [32mBuilding CXX object CMakeFiles/yolo_msgs__rosidl_typesupport_c.dir/rosidl_typesupport_c/yolo_msgs/msg/detection__type_support.cpp.o[0m
[3.803s] [ 65%] Built target yolo_msgs__rosidl_typesupport_introspection_c
[3.807s] [ 66%] [32mBuilding CXX object CMakeFiles/yolo_msgs__rosidl_typesupport_fastrtps_c.dir/rosidl_typesupport_fastrtps_c/yolo_msgs/msg/detail/mask__type_support_c.cpp.o[0m
[3.815s] [ 67%] [32mBuilding CXX object CMakeFiles/yolo_msgs__rosidl_typesupport_introspection_cpp.dir/rosidl_typesupport_introspection_cpp/yolo_msgs/msg/detail/bounding_box2_d__type_support.cpp.o[0m
[3.829s] [ 68%] [32mBuilding CXX object CMakeFiles/yolo_msgs__rosidl_typesupport_c.dir/rosidl_typesupport_c/yolo_msgs/msg/detection_array__type_support.cpp.o[0m
[3.829s] [ 68%] [32mBuilding CXX object CMakeFiles/yolo_msgs__rosidl_typesupport_introspection_cpp.dir/rosidl_typesupport_introspection_cpp/yolo_msgs/msg/detail/bounding_box3_d__type_support.cpp.o[0m
[3.845s] [ 68%] [32mBuilding CXX object CMakeFiles/yolo_msgs__rosidl_typesupport_fastrtps_c.dir/rosidl_typesupport_fastrtps_c/yolo_msgs/msg/detail/key_point2_d__type_support_c.cpp.o[0m
[3.867s] [ 69%] [32mBuilding CXX object CMakeFiles/yolo_msgs__rosidl_typesupport_c.dir/rosidl_typesupport_c/yolo_msgs/srv/set_classes__type_support.cpp.o[0m
[3.869s] [ 70%] [32mBuilding CXX object CMakeFiles/yolo_msgs__rosidl_typesupport_introspection_cpp.dir/rosidl_typesupport_introspection_cpp/yolo_msgs/msg/detail/mask__type_support.cpp.o[0m
[3.899s] [ 72%] [32mBuilding CXX object CMakeFiles/yolo_msgs__rosidl_typesupport_introspection_cpp.dir/rosidl_typesupport_introspection_cpp/yolo_msgs/msg/detail/key_point2_d__type_support.cpp.o[0m
[3.899s] [ 72%] [32m[1mLinking CXX shared library libyolo_msgs__rosidl_typesupport_c.so[0m
[3.950s] [ 72%] Built target yolo_msgs__rosidl_typesupport_c
[3.958s] [ 73%] [32mBuilding CXX object CMakeFiles/yolo_msgs__rosidl_typesupport_fastrtps_c.dir/rosidl_typesupport_fastrtps_c/yolo_msgs/msg/detail/key_point2_d_array__type_support_c.cpp.o[0m
[3.974s] [ 74%] [32mBuilding CXX object CMakeFiles/yolo_msgs__rosidl_typesupport_fastrtps_c.dir/rosidl_typesupport_fastrtps_c/yolo_msgs/msg/detail/key_point3_d__type_support_c.cpp.o[0m
[4.018s] [ 75%] [32mBuilding CXX object CMakeFiles/yolo_msgs__rosidl_typesupport_fastrtps_c.dir/rosidl_typesupport_fastrtps_c/yolo_msgs/msg/detail/key_point3_d_array__type_support_c.cpp.o[0m
[4.068s] [ 76%] [32mBuilding CXX object CMakeFiles/yolo_msgs__rosidl_typesupport_introspection_cpp.dir/rosidl_typesupport_introspection_cpp/yolo_msgs/msg/detail/key_point2_d_array__type_support.cpp.o[0m
[4.112s] [ 77%] [32mBuilding CXX object CMakeFiles/yolo_msgs__rosidl_typesupport_fastrtps_c.dir/rosidl_typesupport_fastrtps_c/yolo_msgs/msg/detail/detection__type_support_c.cpp.o[0m
[4.116s] [ 78%] [32mBuilding CXX object CMakeFiles/yolo_msgs__rosidl_typesupport_introspection_cpp.dir/rosidl_typesupport_introspection_cpp/yolo_msgs/msg/detail/key_point3_d__type_support.cpp.o[0m
[4.142s] [ 78%] [32mBuilding CXX object CMakeFiles/yolo_msgs__rosidl_typesupport_fastrtps_c.dir/rosidl_typesupport_fastrtps_c/yolo_msgs/msg/detail/detection_array__type_support_c.cpp.o[0m
[4.202s] [ 78%] [32mBuilding CXX object CMakeFiles/yolo_msgs__rosidl_typesupport_introspection_cpp.dir/rosidl_typesupport_introspection_cpp/yolo_msgs/msg/detail/key_point3_d_array__type_support.cpp.o[0m
[4.209s] [ 79%] [32mBuilding CXX object CMakeFiles/yolo_msgs__rosidl_typesupport_introspection_cpp.dir/rosidl_typesupport_introspection_cpp/yolo_msgs/msg/detail/detection__type_support.cpp.o[0m
[4.217s] [ 80%] [32mBuilding CXX object CMakeFiles/yolo_msgs__rosidl_typesupport_fastrtps_c.dir/rosidl_typesupport_fastrtps_c/yolo_msgs/srv/detail/set_classes__type_support_c.cpp.o[0m
[4.247s] [ 80%] [32m[1mLinking CXX shared library libyolo_msgs__rosidl_typesupport_fastrtps_cpp.so[0m
[4.257s] [ 81%] [32mBuilding CXX object CMakeFiles/yolo_msgs__rosidl_typesupport_introspection_cpp.dir/rosidl_typesupport_introspection_cpp/yolo_msgs/msg/detail/detection_array__type_support.cpp.o[0m
[4.277s] [ 82%] [32mBuilding CXX object CMakeFiles/yolo_msgs__rosidl_typesupport_introspection_cpp.dir/rosidl_typesupport_introspection_cpp/yolo_msgs/srv/detail/set_classes__type_support.cpp.o[0m
[4.358s] [ 82%] Built target yolo_msgs__rosidl_typesupport_fastrtps_cpp
[4.623s] [ 83%] [32m[1mLinking CXX shared library libyolo_msgs__rosidl_typesupport_fastrtps_c.so[0m
[4.688s] [ 83%] Built target yolo_msgs__rosidl_typesupport_fastrtps_c
[4.693s] [ 84%] [32m[1mLinking CXX shared library libyolo_msgs__rosidl_typesupport_introspection_cpp.so[0m
[4.764s] [ 84%] Built target yolo_msgs__rosidl_typesupport_introspection_cpp
[4.786s] [ 84%] Built target yolo_msgs
[4.816s] [ 85%] [34m[1mGenerating Python code for ROS interfaces[0m
[5.902s] [ 85%] Built target yolo_msgs__py
[5.935s] [ 86%] [32mBuilding C object CMakeFiles/yolo_msgs__rosidl_generator_py.dir/rosidl_generator_py/yolo_msgs/msg/_pose2_d_s.c.o[0m
[5.936s] [ 87%] [32mBuilding C object CMakeFiles/yolo_msgs__rosidl_generator_py.dir/rosidl_generator_py/yolo_msgs/msg/_bounding_box2_d_s.c.o[0m
[5.937s] [ 88%] [32mBuilding C object CMakeFiles/yolo_msgs__rosidl_generator_py.dir/rosidl_generator_py/yolo_msgs/msg/_vector2_s.c.o[0m
[5.937s] [ 88%] [32mBuilding C object CMakeFiles/yolo_msgs__rosidl_generator_py.dir/rosidl_generator_py/yolo_msgs/msg/_point2_d_s.c.o[0m
[5.938s] [ 88%] [32mBuilding C object CMakeFiles/yolo_msgs__rosidl_generator_py.dir/rosidl_generator_py/yolo_msgs/msg/_key_point2_d_s.c.o[0m
[5.941s] [ 89%] [32mBuilding C object CMakeFiles/yolo_msgs__rosidl_generator_py.dir/rosidl_generator_py/yolo_msgs/msg/_bounding_box3_d_s.c.o[0m
[5.942s] [ 90%] [32mBuilding C object CMakeFiles/yolo_msgs__rosidl_generator_py.dir/rosidl_generator_py/yolo_msgs/msg/_mask_s.c.o[0m
[5.944s] [ 93%] [32mBuilding C object CMakeFiles/yolo_msgs__rosidl_generator_py.dir/rosidl_generator_py/yolo_msgs/msg/_key_point3_d_array_s.c.o[0m
[5.945s] [ 93%] [32mBuilding C object CMakeFiles/yolo_msgs__rosidl_generator_py.dir/rosidl_generator_py/yolo_msgs/msg/_key_point3_d_s.c.o[0m
[5.945s] [ 93%] [32mBuilding C object CMakeFiles/yolo_msgs__rosidl_generator_py.dir/rosidl_generator_py/yolo_msgs/msg/_key_point2_d_array_s.c.o[0m
[5.946s] [ 94%] [32mBuilding C object CMakeFiles/yolo_msgs__rosidl_generator_py.dir/rosidl_generator_py/yolo_msgs/msg/_detection_s.c.o[0m
[5.948s] [ 94%] [32mBuilding C object CMakeFiles/yolo_msgs__rosidl_generator_py.dir/rosidl_generator_py/yolo_msgs/msg/_detection_array_s.c.o[0m
[5.949s] [ 95%] [32mBuilding C object CMakeFiles/yolo_msgs__rosidl_generator_py.dir/rosidl_generator_py/yolo_msgs/srv/_set_classes_s.c.o[0m
[6.100s] [ 96%] [32m[1mLinking C shared library rosidl_generator_py/yolo_msgs/libyolo_msgs__rosidl_generator_py.so[0m
[6.144s] [ 96%] Built target yolo_msgs__rosidl_generator_py
[6.169s] [ 97%] [32mBuilding C object CMakeFiles/yolo_msgs__rosidl_typesupport_c__pyext.dir/rosidl_generator_py/yolo_msgs/_yolo_msgs_s.ep.rosidl_typesupport_c.c.o[0m
[6.171s] [ 98%] [32mBuilding C object CMakeFiles/yolo_msgs__rosidl_typesupport_introspection_c__pyext.dir/rosidl_generator_py/yolo_msgs/_yolo_msgs_s.ep.rosidl_typesupport_introspection_c.c.o[0m
[6.172s] [ 99%] [32mBuilding C object CMakeFiles/yolo_msgs__rosidl_typesupport_fastrtps_c__pyext.dir/rosidl_generator_py/yolo_msgs/_yolo_msgs_s.ep.rosidl_typesupport_fastrtps_c.c.o[0m
[6.258s] [ 99%] [32m[1mLinking C shared library rosidl_generator_py/yolo_msgs/yolo_msgs_s__rosidl_typesupport_c.cpython-310-x86_64-linux-gnu.so[0m
[6.260s] [100%] [32m[1mLinking C shared library rosidl_generator_py/yolo_msgs/yolo_msgs_s__rosidl_typesupport_introspection_c.cpython-310-x86_64-linux-gnu.so[0m
[6.263s] [100%] [32m[1mLinking C shared library rosidl_generator_py/yolo_msgs/yolo_msgs_s__rosidl_typesupport_fastrtps_c.cpython-310-x86_64-linux-gnu.so[0m
[6.293s] [100%] Built target yolo_msgs__rosidl_typesupport_introspection_c__pyext
[6.297s] [100%] Built target yolo_msgs__rosidl_typesupport_c__pyext
[6.299s] [100%] Built target yolo_msgs__rosidl_typesupport_fastrtps_c__pyext
[6.315s] Invoked command in '/home/matsunaga-h/pickup_ws/build/yolo_msgs' returned '0': CMAKE_PREFIX_PATH=/home/matsunaga-h/pickup_ws/install/vacuum_switch:/home/matsunaga-h/pickup_ws/install/my_package:/home/matsunaga-h/pickup_ws/install/air_pkg:/opt/ros/humble /usr/bin/cmake --build /home/matsunaga-h/pickup_ws/build/yolo_msgs -- -j16 -l16
[6.328s] Invoking command in '/home/matsunaga-h/pickup_ws/build/yolo_msgs': CMAKE_PREFIX_PATH=/home/matsunaga-h/pickup_ws/install/vacuum_switch:/home/matsunaga-h/pickup_ws/install/my_package:/home/matsunaga-h/pickup_ws/install/air_pkg:/opt/ros/humble /usr/bin/cmake --install /home/matsunaga-h/pickup_ws/build/yolo_msgs
[6.336s] -- Install configuration: ""
[6.336s] -- Installing: /home/matsunaga-h/pickup_ws/install/yolo_msgs/share/ament_index/resource_index/rosidl_interfaces/yolo_msgs
[6.336s] -- Installing: /home/matsunaga-h/pickup_ws/install/yolo_msgs/include/yolo_msgs/yolo_msgs
[6.336s] -- Installing: /home/matsunaga-h/pickup_ws/install/yolo_msgs/include/yolo_msgs/yolo_msgs/msg
[6.336s] -- Installing: /home/matsunaga-h/pickup_ws/install/yolo_msgs/include/yolo_msgs/yolo_msgs/msg/detection_array.h
[6.336s] -- Installing: /home/matsunaga-h/pickup_ws/install/yolo_msgs/include/yolo_msgs/yolo_msgs/msg/point2_d.h
[6.336s] -- Installing: /home/matsunaga-h/pickup_ws/install/yolo_msgs/include/yolo_msgs/yolo_msgs/msg/key_point2_d.h
[6.337s] -- Installing: /home/matsunaga-h/pickup_ws/install/yolo_msgs/include/yolo_msgs/yolo_msgs/msg/mask.h
[6.337s] -- Installing: /home/matsunaga-h/pickup_ws/install/yolo_msgs/include/yolo_msgs/yolo_msgs/msg/pose2_d.h
[6.337s] -- Installing: /home/matsunaga-h/pickup_ws/install/yolo_msgs/include/yolo_msgs/yolo_msgs/msg/key_point2_d_array.h
[6.337s] -- Installing: /home/matsunaga-h/pickup_ws/install/yolo_msgs/include/yolo_msgs/yolo_msgs/msg/key_point3_d_array.h
[6.337s] -- Installing: /home/matsunaga-h/pickup_ws/install/yolo_msgs/include/yolo_msgs/yolo_msgs/msg/bounding_box2_d.h
[6.337s] -- Installing: /home/matsunaga-h/pickup_ws/install/yolo_msgs/include/yolo_msgs/yolo_msgs/msg/bounding_box3_d.h
[6.337s] -- Installing: /home/matsunaga-h/pickup_ws/install/yolo_msgs/include/yolo_msgs/yolo_msgs/msg/rosidl_generator_c__visibility_control.h
[6.337s] -- Installing: /home/matsunaga-h/pickup_ws/install/yolo_msgs/include/yolo_msgs/yolo_msgs/msg/vector2.h
[6.337s] -- Installing: /home/matsunaga-h/pickup_ws/install/yolo_msgs/include/yolo_msgs/yolo_msgs/msg/detail
[6.337s] -- Installing: /home/matsunaga-h/pickup_ws/install/yolo_msgs/include/yolo_msgs/yolo_msgs/msg/detail/detection_array__functions.h
[6.337s] -- Installing: /home/matsunaga-h/pickup_ws/install/yolo_msgs/include/yolo_msgs/yolo_msgs/msg/detail/key_point3_d_array__type_support.h
[6.337s] -- Installing: /home/matsunaga-h/pickup_ws/install/yolo_msgs/include/yolo_msgs/yolo_msgs/msg/detail/key_point2_d_array__struct.h
[6.337s] -- Installing: /home/matsunaga-h/pickup_ws/install/yolo_msgs/include/yolo_msgs/yolo_msgs/msg/detail/key_point2_d__struct.h
[6.337s] -- Installing: /home/matsunaga-h/pickup_ws/install/yolo_msgs/include/yolo_msgs/yolo_msgs/msg/detail/mask__struct.h
[6.337s] -- Installing: /home/matsunaga-h/pickup_ws/install/yolo_msgs/include/yolo_msgs/yolo_msgs/msg/detail/detection__struct.h
[6.337s] -- Installing: /home/matsunaga-h/pickup_ws/install/yolo_msgs/include/yolo_msgs/yolo_msgs/msg/detail/vector2__functions.h
[6.337s] -- Installing: /home/matsunaga-h/pickup_ws/install/yolo_msgs/include/yolo_msgs/yolo_msgs/msg/detail/key_point2_d__type_support.h
[6.337s] -- Installing: /home/matsunaga-h/pickup_ws/install/yolo_msgs/include/yolo_msgs/yolo_msgs/msg/detail/key_point3_d__functions.h
[6.337s] -- Installing: /home/matsunaga-h/pickup_ws/install/yolo_msgs/include/yolo_msgs/yolo_msgs/msg/detail/pose2_d__struct.h
[6.337s] -- Installing: /home/matsunaga-h/pickup_ws/install/yolo_msgs/include/yolo_msgs/yolo_msgs/msg/detail/detection_array__struct.h
[6.337s] -- Installing: /home/matsunaga-h/pickup_ws/install/yolo_msgs/include/yolo_msgs/yolo_msgs/msg/detail/key_point3_d__functions.c
[6.337s] -- Installing: /home/matsunaga-h/pickup_ws/install/yolo_msgs/include/yolo_msgs/yolo_msgs/msg/detail/detection__functions.h
[6.337s] -- Installing: /home/matsunaga-h/pickup_ws/install/yolo_msgs/include/yolo_msgs/yolo_msgs/msg/detail/detection_array__type_support.h
[6.337s] -- Installing: /home/matsunaga-h/pickup_ws/install/yolo_msgs/include/yolo_msgs/yolo_msgs/msg/detail/point2_d__struct.h
[6.337s] -- Installing: /home/matsunaga-h/pickup_ws/install/yolo_msgs/include/yolo_msgs/yolo_msgs/msg/detail/bounding_box3_d__functions.c
[6.337s] -- Installing: /home/matsunaga-h/pickup_ws/install/yolo_msgs/include/yolo_msgs/yolo_msgs/msg/detail/detection_array__functions.c
[6.337s] -- Installing: /home/matsunaga-h/pickup_ws/install/yolo_msgs/include/yolo_msgs/yolo_msgs/msg/detail/bounding_box2_d__functions.h
[6.338s] -- Installing: /home/matsunaga-h/pickup_ws/install/yolo_msgs/include/yolo_msgs/yolo_msgs/msg/detail/key_point2_d__functions.h
[6.338s] -- Installing: /home/matsunaga-h/pickup_ws/install/yolo_msgs/include/yolo_msgs/yolo_msgs/msg/detail/mask__type_support.h
[6.338s] -- Installing: /home/matsunaga-h/pickup_ws/install/yolo_msgs/include/yolo_msgs/yolo_msgs/msg/detail/point2_d__type_support.h
[6.338s] -- Installing: /home/matsunaga-h/pickup_ws/install/yolo_msgs/include/yolo_msgs/yolo_msgs/msg/detail/point2_d__functions.c
[6.338s] -- Installing: /home/matsunaga-h/pickup_ws/install/yolo_msgs/include/yolo_msgs/yolo_msgs/msg/detail/point2_d__functions.h
[6.338s] -- Installing: /home/matsunaga-h/pickup_ws/install/yolo_msgs/include/yolo_msgs/yolo_msgs/msg/detail/detection__functions.c
[6.338s] -- Installing: /home/matsunaga-h/pickup_ws/install/yolo_msgs/include/yolo_msgs/yolo_msgs/msg/detail/key_point3_d__struct.h
[6.338s] -- Installing: /home/matsunaga-h/pickup_ws/install/yolo_msgs/include/yolo_msgs/yolo_msgs/msg/detail/key_point2_d_array__type_support.h
[6.338s] -- Installing: /home/matsunaga-h/pickup_ws/install/yolo_msgs/include/yolo_msgs/yolo_msgs/msg/detail/pose2_d__functions.h
[6.338s] -- Installing: /home/matsunaga-h/pickup_ws/install/yolo_msgs/include/yolo_msgs/yolo_msgs/msg/detail/bounding_box3_d__type_support.h
[6.338s] -- Installing: /home/matsunaga-h/pickup_ws/install/yolo_msgs/include/yolo_msgs/yolo_msgs/msg/detail/key_point2_d__functions.c
[6.338s] -- Installing: /home/matsunaga-h/pickup_ws/install/yolo_msgs/include/yolo_msgs/yolo_msgs/msg/detail/bounding_box3_d__functions.h
[6.338s] -- Installing: /home/matsunaga-h/pickup_ws/install/yolo_msgs/include/yolo_msgs/yolo_msgs/msg/detail/key_point2_d_array__functions.h
[6.338s] -- Installing: /home/matsunaga-h/pickup_ws/install/yolo_msgs/include/yolo_msgs/yolo_msgs/msg/detail/key_point3_d_array__functions.c
[6.338s] -- Installing: /home/matsunaga-h/pickup_ws/install/yolo_msgs/include/yolo_msgs/yolo_msgs/msg/detail/detection__type_support.h
[6.338s] -- Installing: /home/matsunaga-h/pickup_ws/install/yolo_msgs/include/yolo_msgs/yolo_msgs/msg/detail/key_point3_d__type_support.h
[6.338s] -- Installing: /home/matsunaga-h/pickup_ws/install/yolo_msgs/include/yolo_msgs/yolo_msgs/msg/detail/bounding_box2_d__type_support.h
[6.338s] -- Installing: /home/matsunaga-h/pickup_ws/install/yolo_msgs/include/yolo_msgs/yolo_msgs/msg/detail/vector2__struct.h
[6.338s] -- Installing: /home/matsunaga-h/pickup_ws/install/yolo_msgs/include/yolo_msgs/yolo_msgs/msg/detail/pose2_d__type_support.h
[6.338s] -- Installing: /home/matsunaga-h/pickup_ws/install/yolo_msgs/include/yolo_msgs/yolo_msgs/msg/detail/key_point2_d_array__functions.c
[6.338s] -- Installing: /home/matsunaga-h/pickup_ws/install/yolo_msgs/include/yolo_msgs/yolo_msgs/msg/detail/mask__functions.h
[6.338s] -- Installing: /home/matsunaga-h/pickup_ws/install/yolo_msgs/include/yolo_msgs/yolo_msgs/msg/detail/pose2_d__functions.c
[6.338s] -- Installing: /home/matsunaga-h/pickup_ws/install/yolo_msgs/include/yolo_msgs/yolo_msgs/msg/detail/key_point3_d_array__struct.h
[6.338s] -- Installing: /home/matsunaga-h/pickup_ws/install/yolo_msgs/include/yolo_msgs/yolo_msgs/msg/detail/mask__functions.c
[6.338s] -- Installing: /home/matsunaga-h/pickup_ws/install/yolo_msgs/include/yolo_msgs/yolo_msgs/msg/detail/vector2__functions.c
[6.339s] -- Installing: /home/matsunaga-h/pickup_ws/install/yolo_msgs/include/yolo_msgs/yolo_msgs/msg/detail/bounding_box2_d__struct.h
[6.339s] -- Installing: /home/matsunaga-h/pickup_ws/install/yolo_msgs/include/yolo_msgs/yolo_msgs/msg/detail/bounding_box3_d__struct.h
[6.339s] -- Installing: /home/matsunaga-h/pickup_ws/install/yolo_msgs/include/yolo_msgs/yolo_msgs/msg/detail/key_point3_d_array__functions.h
[6.339s] -- Installing: /home/matsunaga-h/pickup_ws/install/yolo_msgs/include/yolo_msgs/yolo_msgs/msg/detail/vector2__type_support.h
[6.339s] -- Installing: /home/matsunaga-h/pickup_ws/install/yolo_msgs/include/yolo_msgs/yolo_msgs/msg/detail/bounding_box2_d__functions.c
[6.339s] -- Installing: /home/matsunaga-h/pickup_ws/install/yolo_msgs/include/yolo_msgs/yolo_msgs/msg/key_point3_d.h
[6.339s] -- Installing: /home/matsunaga-h/pickup_ws/install/yolo_msgs/include/yolo_msgs/yolo_msgs/msg/detection.h
[6.339s] -- Installing: /home/matsunaga-h/pickup_ws/install/yolo_msgs/include/yolo_msgs/yolo_msgs/srv
[6.339s] -- Installing: /home/matsunaga-h/pickup_ws/install/yolo_msgs/include/yolo_msgs/yolo_msgs/srv/set_classes.h
[6.339s] -- Installing: /home/matsunaga-h/pickup_ws/install/yolo_msgs/include/yolo_msgs/yolo_msgs/srv/detail
[6.339s] -- Installing: /home/matsunaga-h/pickup_ws/install/yolo_msgs/include/yolo_msgs/yolo_msgs/srv/detail/set_classes__struct.h
[6.339s] -- Installing: /home/matsunaga-h/pickup_ws/install/yolo_msgs/include/yolo_msgs/yolo_msgs/srv/detail/set_classes__type_support.h
[6.339s] -- Installing: /home/matsunaga-h/pickup_ws/install/yolo_msgs/include/yolo_msgs/yolo_msgs/srv/detail/set_classes__functions.h
[6.339s] -- Installing: /home/matsunaga-h/pickup_ws/install/yolo_msgs/include/yolo_msgs/yolo_msgs/srv/detail/set_classes__functions.c
[6.339s] -- Installing: /home/matsunaga-h/pickup_ws/install/yolo_msgs/share/yolo_msgs/environment/library_path.sh
[6.339s] -- Installing: /home/matsunaga-h/pickup_ws/install/yolo_msgs/share/yolo_msgs/environment/library_path.dsv
[6.339s] -- Installing: /home/matsunaga-h/pickup_ws/install/yolo_msgs/lib/libyolo_msgs__rosidl_generator_c.so
[6.339s] -- Set runtime path of "/home/matsunaga-h/pickup_ws/install/yolo_msgs/lib/libyolo_msgs__rosidl_generator_c.so" to ""
[6.339s] -- Up-to-date: /home/matsunaga-h/pickup_ws/install/yolo_msgs/include/yolo_msgs/yolo_msgs
[6.340s] -- Up-to-date: /home/matsunaga-h/pickup_ws/install/yolo_msgs/include/yolo_msgs/yolo_msgs/msg
[6.340s] -- Installing: /home/matsunaga-h/pickup_ws/install/yolo_msgs/include/yolo_msgs/yolo_msgs/msg/rosidl_typesupport_fastrtps_c__visibility_control.h
[6.340s] -- Up-to-date: /home/matsunaga-h/pickup_ws/install/yolo_msgs/include/yolo_msgs/yolo_msgs/msg/detail
[6.340s] -- Installing: /home/matsunaga-h/pickup_ws/install/yolo_msgs/include/yolo_msgs/yolo_msgs/msg/detail/key_point3_d_array__rosidl_typesupport_fastrtps_c.h
[6.340s] -- Installing: /home/matsunaga-h/pickup_ws/install/yolo_msgs/include/yolo_msgs/yolo_msgs/msg/detail/pose2_d__rosidl_typesupport_fastrtps_c.h
[6.340s] -- Installing: /home/matsunaga-h/pickup_ws/install/yolo_msgs/include/yolo_msgs/yolo_msgs/msg/detail/bounding_box3_d__rosidl_typesupport_fastrtps_c.h
[6.340s] -- Installing: /home/matsunaga-h/pickup_ws/install/yolo_msgs/include/yolo_msgs/yolo_msgs/msg/detail/vector2__rosidl_typesupport_fastrtps_c.h
[6.340s] -- Installing: /home/matsunaga-h/pickup_ws/install/yolo_msgs/include/yolo_msgs/yolo_msgs/msg/detail/detection_array__rosidl_typesupport_fastrtps_c.h
[6.340s] -- Installing: /home/matsunaga-h/pickup_ws/install/yolo_msgs/include/yolo_msgs/yolo_msgs/msg/detail/key_point2_d_array__rosidl_typesupport_fastrtps_c.h
[6.340s] -- Installing: /home/matsunaga-h/pickup_ws/install/yolo_msgs/include/yolo_msgs/yolo_msgs/msg/detail/point2_d__rosidl_typesupport_fastrtps_c.h
[6.340s] -- Installing: /home/matsunaga-h/pickup_ws/install/yolo_msgs/include/yolo_msgs/yolo_msgs/msg/detail/key_point2_d__rosidl_typesupport_fastrtps_c.h
[6.340s] -- Installing: /home/matsunaga-h/pickup_ws/install/yolo_msgs/include/yolo_msgs/yolo_msgs/msg/detail/detection__rosidl_typesupport_fastrtps_c.h
[6.340s] -- Installing: /home/matsunaga-h/pickup_ws/install/yolo_msgs/include/yolo_msgs/yolo_msgs/msg/detail/mask__rosidl_typesupport_fastrtps_c.h
[6.340s] -- Installing: /home/matsunaga-h/pickup_ws/install/yolo_msgs/include/yolo_msgs/yolo_msgs/msg/detail/key_point3_d__rosidl_typesupport_fastrtps_c.h
[6.340s] -- Installing: /home/matsunaga-h/pickup_ws/install/yolo_msgs/include/yolo_msgs/yolo_msgs/msg/detail/bounding_box2_d__rosidl_typesupport_fastrtps_c.h
[6.340s] -- Up-to-date: /home/matsunaga-h/pickup_ws/install/yolo_msgs/include/yolo_msgs/yolo_msgs/srv
[6.340s] -- Up-to-date: /home/matsunaga-h/pickup_ws/install/yolo_msgs/include/yolo_msgs/yolo_msgs/srv/detail
[6.340s] -- Installing: /home/matsunaga-h/pickup_ws/install/yolo_msgs/include/yolo_msgs/yolo_msgs/srv/detail/set_classes__rosidl_typesupport_fastrtps_c.h
[6.340s] -- Installing: /home/matsunaga-h/pickup_ws/install/yolo_msgs/lib/libyolo_msgs__rosidl_typesupport_fastrtps_c.so
[6.340s] -- Set runtime path of "/home/matsunaga-h/pickup_ws/install/yolo_msgs/lib/libyolo_msgs__rosidl_typesupport_fastrtps_c.so" to ""
[6.340s] -- Up-to-date: /home/matsunaga-h/pickup_ws/install/yolo_msgs/include/yolo_msgs/yolo_msgs
[6.340s] -- Up-to-date: /home/matsunaga-h/pickup_ws/install/yolo_msgs/include/yolo_msgs/yolo_msgs/msg
[6.340s] -- Installing: /home/matsunaga-h/pickup_ws/install/yolo_msgs/include/yolo_msgs/yolo_msgs/msg/rosidl_typesupport_introspection_c__visibility_control.h
[6.340s] -- Up-to-date: /home/matsunaga-h/pickup_ws/install/yolo_msgs/include/yolo_msgs/yolo_msgs/msg/detail
[6.340s] -- Installing: /home/matsunaga-h/pickup_ws/install/yolo_msgs/include/yolo_msgs/yolo_msgs/msg/detail/detection_array__rosidl_typesupport_introspection_c.h
[6.340s] -- Installing: /home/matsunaga-h/pickup_ws/install/yolo_msgs/include/yolo_msgs/yolo_msgs/msg/detail/bounding_box2_d__type_support.c
[6.341s] -- Installing: /home/matsunaga-h/pickup_ws/install/yolo_msgs/include/yolo_msgs/yolo_msgs/msg/detail/key_point2_d__type_support.c
[6.341s] -- Installing: /home/matsunaga-h/pickup_ws/install/yolo_msgs/include/yolo_msgs/yolo_msgs/msg/detail/mask__type_support.c
[6.341s] -- Installing: /home/matsunaga-h/pickup_ws/install/yolo_msgs/include/yolo_msgs/yolo_msgs/msg/detail/detection_array__type_support.c
[6.341s] -- Installing: /home/matsunaga-h/pickup_ws/install/yolo_msgs/include/yolo_msgs/yolo_msgs/msg/detail/key_point3_d__rosidl_typesupport_introspection_c.h
[6.341s] -- Installing: /home/matsunaga-h/pickup_ws/install/yolo_msgs/include/yolo_msgs/yolo_msgs/msg/detail/bounding_box3_d__rosidl_typesupport_introspection_c.h
[6.341s] -- Installing: /home/matsunaga-h/pickup_ws/install/yolo_msgs/include/yolo_msgs/yolo_msgs/msg/detail/detection__type_support.c
[6.341s] -- Installing: /home/matsunaga-h/pickup_ws/install/yolo_msgs/include/yolo_msgs/yolo_msgs/msg/detail/mask__rosidl_typesupport_introspection_c.h
[6.341s] -- Installing: /home/matsunaga-h/pickup_ws/install/yolo_msgs/include/yolo_msgs/yolo_msgs/msg/detail/key_point2_d__rosidl_typesupport_introspection_c.h
[6.341s] -- Installing: /home/matsunaga-h/pickup_ws/install/yolo_msgs/include/yolo_msgs/yolo_msgs/msg/detail/key_point2_d_array__rosidl_typesupport_introspection_c.h
[6.341s] -- Installing: /home/matsunaga-h/pickup_ws/install/yolo_msgs/include/yolo_msgs/yolo_msgs/msg/detail/pose2_d__type_support.c
[6.341s] -- Installing: /home/matsunaga-h/pickup_ws/install/yolo_msgs/include/yolo_msgs/yolo_msgs/msg/detail/bounding_box2_d__rosidl_typesupport_introspection_c.h
[6.341s] -- Installing: /home/matsunaga-h/pickup_ws/install/yolo_msgs/include/yolo_msgs/yolo_msgs/msg/detail/point2_d__type_support.c
[6.341s] -- Installing: /home/matsunaga-h/pickup_ws/install/yolo_msgs/include/yolo_msgs/yolo_msgs/msg/detail/bounding_box3_d__type_support.c
[6.341s] -- Installing: /home/matsunaga-h/pickup_ws/install/yolo_msgs/include/yolo_msgs/yolo_msgs/msg/detail/detection__rosidl_typesupport_introspection_c.h
[6.341s] -- Installing: /home/matsunaga-h/pickup_ws/install/yolo_msgs/include/yolo_msgs/yolo_msgs/msg/detail/key_point3_d_array__rosidl_typesupport_introspection_c.h
[6.341s] -- Installing: /home/matsunaga-h/pickup_ws/install/yolo_msgs/include/yolo_msgs/yolo_msgs/msg/detail/vector2__rosidl_typesupport_introspection_c.h
[6.341s] -- Installing: /home/matsunaga-h/pickup_ws/install/yolo_msgs/include/yolo_msgs/yolo_msgs/msg/detail/point2_d__rosidl_typesupport_introspection_c.h
[6.341s] -- Installing: /home/matsunaga-h/pickup_ws/install/yolo_msgs/include/yolo_msgs/yolo_msgs/msg/detail/key_point3_d_array__type_support.c
[6.341s] -- Installing: /home/matsunaga-h/pickup_ws/install/yolo_msgs/include/yolo_msgs/yolo_msgs/msg/detail/pose2_d__rosidl_typesupport_introspection_c.h
[6.341s] -- Installing: /home/matsunaga-h/pickup_ws/install/yolo_msgs/include/yolo_msgs/yolo_msgs/msg/detail/key_point2_d_array__type_support.c
[6.341s] -- Installing: /home/matsunaga-h/pickup_ws/install/yolo_msgs/include/yolo_msgs/yolo_msgs/msg/detail/key_point3_d__type_support.c
[6.341s] -- Installing: /home/matsunaga-h/pickup_ws/install/yolo_msgs/include/yolo_msgs/yolo_msgs/msg/detail/vector2__type_support.c
[6.341s] -- Up-to-date: /home/matsunaga-h/pickup_ws/install/yolo_msgs/include/yolo_msgs/yolo_msgs/srv
[6.342s] -- Up-to-date: /home/matsunaga-h/pickup_ws/install/yolo_msgs/include/yolo_msgs/yolo_msgs/srv/detail
[6.342s] -- Installing: /home/matsunaga-h/pickup_ws/install/yolo_msgs/include/yolo_msgs/yolo_msgs/srv/detail/set_classes__rosidl_typesupport_introspection_c.h
[6.342s] -- Installing: /home/matsunaga-h/pickup_ws/install/yolo_msgs/include/yolo_msgs/yolo_msgs/srv/detail/set_classes__type_support.c
[6.342s] -- Installing: /home/matsunaga-h/pickup_ws/install/yolo_msgs/lib/libyolo_msgs__rosidl_typesupport_introspection_c.so
[6.342s] -- Set runtime path of "/home/matsunaga-h/pickup_ws/install/yolo_msgs/lib/libyolo_msgs__rosidl_typesupport_introspection_c.so" to ""
[6.342s] -- Installing: /home/matsunaga-h/pickup_ws/install/yolo_msgs/lib/libyolo_msgs__rosidl_typesupport_c.so
[6.342s] -- Set runtime path of "/home/matsunaga-h/pickup_ws/install/yolo_msgs/lib/libyolo_msgs__rosidl_typesupport_c.so" to ""
[6.342s] -- Up-to-date: /home/matsunaga-h/pickup_ws/install/yolo_msgs/include/yolo_msgs/yolo_msgs
[6.342s] -- Up-to-date: /home/matsunaga-h/pickup_ws/install/yolo_msgs/include/yolo_msgs/yolo_msgs/msg
[6.342s] -- Installing: /home/matsunaga-h/pickup_ws/install/yolo_msgs/include/yolo_msgs/yolo_msgs/msg/key_point3_d_array.hpp
[6.342s] -- Installing: /home/matsunaga-h/pickup_ws/install/yolo_msgs/include/yolo_msgs/yolo_msgs/msg/key_point2_d.hpp
[6.342s] -- Installing: /home/matsunaga-h/pickup_ws/install/yolo_msgs/include/yolo_msgs/yolo_msgs/msg/key_point3_d.hpp
[6.342s] -- Installing: /home/matsunaga-h/pickup_ws/install/yolo_msgs/include/yolo_msgs/yolo_msgs/msg/key_point2_d_array.hpp
[6.342s] -- Installing: /home/matsunaga-h/pickup_ws/install/yolo_msgs/include/yolo_msgs/yolo_msgs/msg/detection_array.hpp
[6.342s] -- Installing: /home/matsunaga-h/pickup_ws/install/yolo_msgs/include/yolo_msgs/yolo_msgs/msg/bounding_box3_d.hpp
[6.342s] -- Installing: /home/matsunaga-h/pickup_ws/install/yolo_msgs/include/yolo_msgs/yolo_msgs/msg/rosidl_generator_cpp__visibility_control.hpp
[6.342s] -- Installing: /home/matsunaga-h/pickup_ws/install/yolo_msgs/include/yolo_msgs/yolo_msgs/msg/pose2_d.hpp
[6.342s] -- Installing: /home/matsunaga-h/pickup_ws/install/yolo_msgs/include/yolo_msgs/yolo_msgs/msg/detection.hpp
[6.342s] -- Installing: /home/matsunaga-h/pickup_ws/install/yolo_msgs/include/yolo_msgs/yolo_msgs/msg/point2_d.hpp
[6.342s] -- Up-to-date: /home/matsunaga-h/pickup_ws/install/yolo_msgs/include/yolo_msgs/yolo_msgs/msg/detail
[6.342s] -- Installing: /home/matsunaga-h/pickup_ws/install/yolo_msgs/include/yolo_msgs/yolo_msgs/msg/detail/point2_d__builder.hpp
[6.342s] -- Installing: /home/matsunaga-h/pickup_ws/install/yolo_msgs/include/yolo_msgs/yolo_msgs/msg/detail/key_point3_d_array__traits.hpp
[6.342s] -- Installing: /home/matsunaga-h/pickup_ws/install/yolo_msgs/include/yolo_msgs/yolo_msgs/msg/detail/vector2__traits.hpp
[6.343s] -- Installing: /home/matsunaga-h/pickup_ws/install/yolo_msgs/include/yolo_msgs/yolo_msgs/msg/detail/pose2_d__builder.hpp
[6.343s] -- Installing: /home/matsunaga-h/pickup_ws/install/yolo_msgs/include/yolo_msgs/yolo_msgs/msg/detail/key_point3_d_array__struct.hpp
[6.343s] -- Installing: /home/matsunaga-h/pickup_ws/install/yolo_msgs/include/yolo_msgs/yolo_msgs/msg/detail/key_point3_d__builder.hpp
[6.343s] -- Installing: /home/matsunaga-h/pickup_ws/install/yolo_msgs/include/yolo_msgs/yolo_msgs/msg/detail/detection_array__builder.hpp
[6.343s] -- Installing: /home/matsunaga-h/pickup_ws/install/yolo_msgs/include/yolo_msgs/yolo_msgs/msg/detail/key_point3_d_array__type_support.hpp
[6.343s] -- Installing: /home/matsunaga-h/pickup_ws/install/yolo_msgs/include/yolo_msgs/yolo_msgs/msg/detail/bounding_box3_d__traits.hpp
[6.343s] -- Installing: /home/matsunaga-h/pickup_ws/install/yolo_msgs/include/yolo_msgs/yolo_msgs/msg/detail/vector2__struct.hpp
[6.343s] -- Installing: /home/matsunaga-h/pickup_ws/install/yolo_msgs/include/yolo_msgs/yolo_msgs/msg/detail/key_point2_d__struct.hpp
[6.343s] -- Installing: /home/matsunaga-h/pickup_ws/install/yolo_msgs/include/yolo_msgs/yolo_msgs/msg/detail/bounding_box2_d__struct.hpp
[6.343s] -- Installing: /home/matsunaga-h/pickup_ws/install/yolo_msgs/include/yolo_msgs/yolo_msgs/msg/detail/detection_array__traits.hpp
[6.343s] -- Installing: /home/matsunaga-h/pickup_ws/install/yolo_msgs/include/yolo_msgs/yolo_msgs/msg/detail/key_point3_d__type_support.hpp
[6.343s] -- Installing: /home/matsunaga-h/pickup_ws/install/yolo_msgs/include/yolo_msgs/yolo_msgs/msg/detail/bounding_box3_d__builder.hpp
[6.343s] -- Installing: /home/matsunaga-h/pickup_ws/install/yolo_msgs/include/yolo_msgs/yolo_msgs/msg/detail/key_point3_d_array__builder.hpp
[6.343s] -- Installing: /home/matsunaga-h/pickup_ws/install/yolo_msgs/include/yolo_msgs/yolo_msgs/msg/detail/pose2_d__struct.hpp
[6.343s] -- Installing: /home/matsunaga-h/pickup_ws/install/yolo_msgs/include/yolo_msgs/yolo_msgs/msg/detail/key_point2_d_array__type_support.hpp
[6.343s] -- Installing: /home/matsunaga-h/pickup_ws/install/yolo_msgs/include/yolo_msgs/yolo_msgs/msg/detail/key_point2_d__type_support.hpp
[6.343s] -- Installing: /home/matsunaga-h/pickup_ws/install/yolo_msgs/include/yolo_msgs/yolo_msgs/msg/detail/mask__type_support.hpp
[6.343s] -- Installing: /home/matsunaga-h/pickup_ws/install/yolo_msgs/include/yolo_msgs/yolo_msgs/msg/detail/bounding_box2_d__traits.hpp
[6.343s] -- Installing: /home/matsunaga-h/pickup_ws/install/yolo_msgs/include/yolo_msgs/yolo_msgs/msg/detail/detection__traits.hpp
[6.343s] -- Installing: /home/matsunaga-h/pickup_ws/install/yolo_msgs/include/yolo_msgs/yolo_msgs/msg/detail/detection__type_support.hpp
[6.343s] -- Installing: /home/matsunaga-h/pickup_ws/install/yolo_msgs/include/yolo_msgs/yolo_msgs/msg/detail/key_point2_d_array__struct.hpp
[6.343s] -- Installing: /home/matsunaga-h/pickup_ws/install/yolo_msgs/include/yolo_msgs/yolo_msgs/msg/detail/mask__traits.hpp
[6.343s] -- Installing: /home/matsunaga-h/pickup_ws/install/yolo_msgs/include/yolo_msgs/yolo_msgs/msg/detail/detection_array__struct.hpp
[6.344s] -- Installing: /home/matsunaga-h/pickup_ws/install/yolo_msgs/include/yolo_msgs/yolo_msgs/msg/detail/mask__builder.hpp
[6.344s] -- Installing: /home/matsunaga-h/pickup_ws/install/yolo_msgs/include/yolo_msgs/yolo_msgs/msg/detail/detection__builder.hpp
[6.344s] -- Installing: /home/matsunaga-h/pickup_ws/install/yolo_msgs/include/yolo_msgs/yolo_msgs/msg/detail/key_point3_d__struct.hpp
[6.344s] -- Installing: /home/matsunaga-h/pickup_ws/install/yolo_msgs/include/yolo_msgs/yolo_msgs/msg/detail/key_point2_d__builder.hpp
[6.344s] -- Installing: /home/matsunaga-h/pickup_ws/install/yolo_msgs/include/yolo_msgs/yolo_msgs/msg/detail/detection_array__type_support.hpp
[6.344s] -- Installing: /home/matsunaga-h/pickup_ws/install/yolo_msgs/include/yolo_msgs/yolo_msgs/msg/detail/mask__struct.hpp
[6.344s] -- Installing: /home/matsunaga-h/pickup_ws/install/yolo_msgs/include/yolo_msgs/yolo_msgs/msg/detail/vector2__builder.hpp
[6.344s] -- Installing: /home/matsunaga-h/pickup_ws/install/yolo_msgs/include/yolo_msgs/yolo_msgs/msg/detail/bounding_box3_d__struct.hpp
[6.344s] -- Installing: /home/matsunaga-h/pickup_ws/install/yolo_msgs/include/yolo_msgs/yolo_msgs/msg/detail/key_point3_d__traits.hpp
[6.344s] -- Installing: /home/matsunaga-h/pickup_ws/install/yolo_msgs/include/yolo_msgs/yolo_msgs/msg/detail/key_point2_d_array__traits.hpp
[6.344s] -- Installing: /home/matsunaga-h/pickup_ws/install/yolo_msgs/include/yolo_msgs/yolo_msgs/msg/detail/detection__struct.hpp
[6.344s] -- Installing: /home/matsunaga-h/pickup_ws/install/yolo_msgs/include/yolo_msgs/yolo_msgs/msg/detail/pose2_d__type_support.hpp
[6.344s] -- Installing: /home/matsunaga-h/pickup_ws/install/yolo_msgs/include/yolo_msgs/yolo_msgs/msg/detail/point2_d__struct.hpp
[6.344s] -- Installing: /home/matsunaga-h/pickup_ws/install/yolo_msgs/include/yolo_msgs/yolo_msgs/msg/detail/bounding_box2_d__type_support.hpp
[6.344s] -- Installing: /home/matsunaga-h/pickup_ws/install/yolo_msgs/include/yolo_msgs/yolo_msgs/msg/detail/bounding_box3_d__type_support.hpp
[6.344s] -- Installing: /home/matsunaga-h/pickup_ws/install/yolo_msgs/include/yolo_msgs/yolo_msgs/msg/detail/point2_d__traits.hpp
[6.344s] -- Installing: /home/matsunaga-h/pickup_ws/install/yolo_msgs/include/yolo_msgs/yolo_msgs/msg/detail/vector2__type_support.hpp
[6.344s] -- Installing: /home/matsunaga-h/pickup_ws/install/yolo_msgs/include/yolo_msgs/yolo_msgs/msg/detail/pose2_d__traits.hpp
[6.344s] -- Installing: /home/matsunaga-h/pickup_ws/install/yolo_msgs/include/yolo_msgs/yolo_msgs/msg/detail/bounding_box2_d__builder.hpp
[6.344s] -- Installing: /home/matsunaga-h/pickup_ws/install/yolo_msgs/include/yolo_msgs/yolo_msgs/msg/detail/key_point2_d_array__builder.hpp
[6.344s] -- Installing: /home/matsunaga-h/pickup_ws/install/yolo_msgs/include/yolo_msgs/yolo_msgs/msg/detail/point2_d__type_support.hpp
[6.344s] -- Installing: /home/matsunaga-h/pickup_ws/install/yolo_msgs/include/yolo_msgs/yolo_msgs/msg/detail/key_point2_d__traits.hpp
[6.344s] -- Installing: /home/matsunaga-h/pickup_ws/install/yolo_msgs/include/yolo_msgs/yolo_msgs/msg/vector2.hpp
[6.344s] -- Installing: /home/matsunaga-h/pickup_ws/install/yolo_msgs/include/yolo_msgs/yolo_msgs/msg/mask.hpp
[6.345s] -- Installing: /home/matsunaga-h/pickup_ws/install/yolo_msgs/include/yolo_msgs/yolo_msgs/msg/bounding_box2_d.hpp
[6.345s] -- Up-to-date: /home/matsunaga-h/pickup_ws/install/yolo_msgs/include/yolo_msgs/yolo_msgs/srv
[6.345s] -- Installing: /home/matsunaga-h/pickup_ws/install/yolo_msgs/include/yolo_msgs/yolo_msgs/srv/set_classes.hpp
[6.345s] -- Up-to-date: /home/matsunaga-h/pickup_ws/install/yolo_msgs/include/yolo_msgs/yolo_msgs/srv/detail
[6.345s] -- Installing: /home/matsunaga-h/pickup_ws/install/yolo_msgs/include/yolo_msgs/yolo_msgs/srv/detail/set_classes__traits.hpp
[6.345s] -- Installing: /home/matsunaga-h/pickup_ws/install/yolo_msgs/include/yolo_msgs/yolo_msgs/srv/detail/set_classes__struct.hpp
[6.345s] -- Installing: /home/matsunaga-h/pickup_ws/install/yolo_msgs/include/yolo_msgs/yolo_msgs/srv/detail/set_classes__type_support.hpp
[6.345s] -- Installing: /home/matsunaga-h/pickup_ws/install/yolo_msgs/include/yolo_msgs/yolo_msgs/srv/detail/set_classes__builder.hpp
[6.345s] -- Up-to-date: /home/matsunaga-h/pickup_ws/install/yolo_msgs/include/yolo_msgs/yolo_msgs
[6.345s] -- Up-to-date: /home/matsunaga-h/pickup_ws/install/yolo_msgs/include/yolo_msgs/yolo_msgs/msg
[6.345s] -- Installing: /home/matsunaga-h/pickup_ws/install/yolo_msgs/include/yolo_msgs/yolo_msgs/msg/rosidl_typesupport_fastrtps_cpp__visibility_control.h
[6.345s] -- Up-to-date: /home/matsunaga-h/pickup_ws/install/yolo_msgs/include/yolo_msgs/yolo_msgs/msg/detail
[6.345s] -- Installing: /home/matsunaga-h/pickup_ws/install/yolo_msgs/include/yolo_msgs/yolo_msgs/msg/detail/pose2_d__rosidl_typesupport_fastrtps_cpp.hpp
[6.345s] -- Installing: /home/matsunaga-h/pickup_ws/install/yolo_msgs/include/yolo_msgs/yolo_msgs/msg/detail/vector2__rosidl_typesupport_fastrtps_cpp.hpp
[6.345s] -- Installing: /home/matsunaga-h/pickup_ws/install/yolo_msgs/include/yolo_msgs/yolo_msgs/msg/detail/key_point3_d__rosidl_typesupport_fastrtps_cpp.hpp
[6.345s] -- Installing: /home/matsunaga-h/pickup_ws/install/yolo_msgs/include/yolo_msgs/yolo_msgs/msg/detail/key_point2_d_array__rosidl_typesupport_fastrtps_cpp.hpp
[6.345s] -- Installing: /home/matsunaga-h/pickup_ws/install/yolo_msgs/include/yolo_msgs/yolo_msgs/msg/detail/dds_fastrtps
[6.345s] -- Installing: /home/matsunaga-h/pickup_ws/install/yolo_msgs/include/yolo_msgs/yolo_msgs/msg/detail/key_point2_d__rosidl_typesupport_fastrtps_cpp.hpp
[6.345s] -- Installing: /home/matsunaga-h/pickup_ws/install/yolo_msgs/include/yolo_msgs/yolo_msgs/msg/detail/mask__rosidl_typesupport_fastrtps_cpp.hpp
[6.345s] -- Installing: /home/matsunaga-h/pickup_ws/install/yolo_msgs/include/yolo_msgs/yolo_msgs/msg/detail/bounding_box2_d__rosidl_typesupport_fastrtps_cpp.hpp
[6.345s] -- Installing: /home/matsunaga-h/pickup_ws/install/yolo_msgs/include/yolo_msgs/yolo_msgs/msg/detail/detection__rosidl_typesupport_fastrtps_cpp.hpp
[6.345s] -- Installing: /home/matsunaga-h/pickup_ws/install/yolo_msgs/include/yolo_msgs/yolo_msgs/msg/detail/key_point3_d_array__rosidl_typesupport_fastrtps_cpp.hpp
[6.345s] -- Installing: /home/matsunaga-h/pickup_ws/install/yolo_msgs/include/yolo_msgs/yolo_msgs/msg/detail/point2_d__rosidl_typesupport_fastrtps_cpp.hpp
[6.345s] -- Installing: /home/matsunaga-h/pickup_ws/install/yolo_msgs/include/yolo_msgs/yolo_msgs/msg/detail/detection_array__rosidl_typesupport_fastrtps_cpp.hpp
[6.345s] -- Installing: /home/matsunaga-h/pickup_ws/install/yolo_msgs/include/yolo_msgs/yolo_msgs/msg/detail/bounding_box3_d__rosidl_typesupport_fastrtps_cpp.hpp
[6.345s] -- Up-to-date: /home/matsunaga-h/pickup_ws/install/yolo_msgs/include/yolo_msgs/yolo_msgs/srv
[6.345s] -- Up-to-date: /home/matsunaga-h/pickup_ws/install/yolo_msgs/include/yolo_msgs/yolo_msgs/srv/detail
[6.345s] -- Installing: /home/matsunaga-h/pickup_ws/install/yolo_msgs/include/yolo_msgs/yolo_msgs/srv/detail/set_classes__rosidl_typesupport_fastrtps_cpp.hpp
[6.346s] -- Installing: /home/matsunaga-h/pickup_ws/install/yolo_msgs/include/yolo_msgs/yolo_msgs/srv/detail/dds_fastrtps
[6.346s] -- Installing: /home/matsunaga-h/pickup_ws/install/yolo_msgs/lib/libyolo_msgs__rosidl_typesupport_fastrtps_cpp.so
[6.346s] -- Set runtime path of "/home/matsunaga-h/pickup_ws/install/yolo_msgs/lib/libyolo_msgs__rosidl_typesupport_fastrtps_cpp.so" to ""
[6.346s] -- Up-to-date: /home/matsunaga-h/pickup_ws/install/yolo_msgs/include/yolo_msgs/yolo_msgs
[6.346s] -- Up-to-date: /home/matsunaga-h/pickup_ws/install/yolo_msgs/include/yolo_msgs/yolo_msgs/msg
[6.346s] -- Up-to-date: /home/matsunaga-h/pickup_ws/install/yolo_msgs/include/yolo_msgs/yolo_msgs/msg/detail
[6.346s] -- Installing: /home/matsunaga-h/pickup_ws/install/yolo_msgs/include/yolo_msgs/yolo_msgs/msg/detail/detection__rosidl_typesupport_introspection_cpp.hpp
[6.346s] -- Installing: /home/matsunaga-h/pickup_ws/install/yolo_msgs/include/yolo_msgs/yolo_msgs/msg/detail/pose2_d__rosidl_typesupport_introspection_cpp.hpp
[6.346s] -- Installing: /home/matsunaga-h/pickup_ws/install/yolo_msgs/include/yolo_msgs/yolo_msgs/msg/detail/mask__rosidl_typesupport_introspection_cpp.hpp
[6.346s] -- Installing: /home/matsunaga-h/pickup_ws/install/yolo_msgs/include/yolo_msgs/yolo_msgs/msg/detail/bounding_box3_d__rosidl_typesupport_introspection_cpp.hpp
[6.346s] -- Installing: /home/matsunaga-h/pickup_ws/install/yolo_msgs/include/yolo_msgs/yolo_msgs/msg/detail/point2_d__type_support.cpp
[6.346s] -- Installing: /home/matsunaga-h/pickup_ws/install/yolo_msgs/include/yolo_msgs/yolo_msgs/msg/detail/detection_array__rosidl_typesupport_introspection_cpp.hpp
[6.346s] -- Installing: /home/matsunaga-h/pickup_ws/install/yolo_msgs/include/yolo_msgs/yolo_msgs/msg/detail/vector2__rosidl_typesupport_introspection_cpp.hpp
[6.346s] -- Installing: /home/matsunaga-h/pickup_ws/install/yolo_msgs/include/yolo_msgs/yolo_msgs/msg/detail/vector2__type_support.cpp
[6.346s] -- Installing: /home/matsunaga-h/pickup_ws/install/yolo_msgs/include/yolo_msgs/yolo_msgs/msg/detail/key_point2_d__rosidl_typesupport_introspection_cpp.hpp
[6.346s] -- Installing: /home/matsunaga-h/pickup_ws/install/yolo_msgs/include/yolo_msgs/yolo_msgs/msg/detail/bounding_box2_d__type_support.cpp
[6.346s] -- Installing: /home/matsunaga-h/pickup_ws/install/yolo_msgs/include/yolo_msgs/yolo_msgs/msg/detail/detection_array__type_support.cpp
[6.346s] -- Installing: /home/matsunaga-h/pickup_ws/install/yolo_msgs/include/yolo_msgs/yolo_msgs/msg/detail/key_point2_d_array__rosidl_typesupport_introspection_cpp.hpp
[6.346s] -- Installing: /home/matsunaga-h/pickup_ws/install/yolo_msgs/include/yolo_msgs/yolo_msgs/msg/detail/point2_d__rosidl_typesupport_introspection_cpp.hpp
[6.346s] -- Installing: /home/matsunaga-h/pickup_ws/install/yolo_msgs/include/yolo_msgs/yolo_msgs/msg/detail/pose2_d__type_support.cpp
[6.346s] -- Installing: /home/matsunaga-h/pickup_ws/install/yolo_msgs/include/yolo_msgs/yolo_msgs/msg/detail/key_point3_d__type_support.cpp
[6.347s] -- Installing: /home/matsunaga-h/pickup_ws/install/yolo_msgs/include/yolo_msgs/yolo_msgs/msg/detail/bounding_box2_d__rosidl_typesupport_introspection_cpp.hpp
[6.347s] -- Installing: /home/matsunaga-h/pickup_ws/install/yolo_msgs/include/yolo_msgs/yolo_msgs/msg/detail/mask__type_support.cpp
[6.347s] -- Installing: /home/matsunaga-h/pickup_ws/install/yolo_msgs/include/yolo_msgs/yolo_msgs/msg/detail/detection__type_support.cpp
[6.347s] -- Installing: /home/matsunaga-h/pickup_ws/install/yolo_msgs/include/yolo_msgs/yolo_msgs/msg/detail/key_point3_d_array__rosidl_typesupport_introspection_cpp.hpp
[6.347s] -- Installing: /home/matsunaga-h/pickup_ws/install/yolo_msgs/include/yolo_msgs/yolo_msgs/msg/detail/key_point3_d_array__type_support.cpp
[6.347s] -- Installing: /home/matsunaga-h/pickup_ws/install/yolo_msgs/include/yolo_msgs/yolo_msgs/msg/detail/key_point3_d__rosidl_typesupport_introspection_cpp.hpp
[6.347s] -- Installing: /home/matsunaga-h/pickup_ws/install/yolo_msgs/include/yolo_msgs/yolo_msgs/msg/detail/bounding_box3_d__type_support.cpp
[6.347s] -- Installing: /home/matsunaga-h/pickup_ws/install/yolo_msgs/include/yolo_msgs/yolo_msgs/msg/detail/key_point2_d__type_support.cpp
[6.347s] -- Installing: /home/matsunaga-h/pickup_ws/install/yolo_msgs/include/yolo_msgs/yolo_msgs/msg/detail/key_point2_d_array__type_support.cpp
[6.347s] -- Up-to-date: /home/matsunaga-h/pickup_ws/install/yolo_msgs/include/yolo_msgs/yolo_msgs/srv
[6.347s] -- Up-to-date: /home/matsunaga-h/pickup_ws/install/yolo_msgs/include/yolo_msgs/yolo_msgs/srv/detail
[6.347s] -- Installing: /home/matsunaga-h/pickup_ws/install/yolo_msgs/include/yolo_msgs/yolo_msgs/srv/detail/set_classes__type_support.cpp
[6.347s] -- Installing: /home/matsunaga-h/pickup_ws/install/yolo_msgs/include/yolo_msgs/yolo_msgs/srv/detail/set_classes__rosidl_typesupport_introspection_cpp.hpp
[6.347s] -- Installing: /home/matsunaga-h/pickup_ws/install/yolo_msgs/lib/libyolo_msgs__rosidl_typesupport_introspection_cpp.so
[6.347s] -- Set runtime path of "/home/matsunaga-h/pickup_ws/install/yolo_msgs/lib/libyolo_msgs__rosidl_typesupport_introspection_cpp.so" to ""
[6.347s] -- Installing: /home/matsunaga-h/pickup_ws/install/yolo_msgs/lib/libyolo_msgs__rosidl_typesupport_cpp.so
[6.347s] -- Set runtime path of "/home/matsunaga-h/pickup_ws/install/yolo_msgs/lib/libyolo_msgs__rosidl_typesupport_cpp.so" to ""
[6.348s] -- Installing: /home/matsunaga-h/pickup_ws/install/yolo_msgs/share/yolo_msgs/environment/pythonpath.sh
[6.348s] -- Installing: /home/matsunaga-h/pickup_ws/install/yolo_msgs/share/yolo_msgs/environment/pythonpath.dsv
[6.348s] -- Installing: /home/matsunaga-h/pickup_ws/install/yolo_msgs/local/lib/python3.10/dist-packages/yolo_msgs-4.2.0-py3.10.egg-info
[6.348s] -- Installing: /home/matsunaga-h/pickup_ws/install/yolo_msgs/local/lib/python3.10/dist-packages/yolo_msgs-4.2.0-py3.10.egg-info/PKG-INFO
[6.348s] -- Installing: /home/matsunaga-h/pickup_ws/install/yolo_msgs/local/lib/python3.10/dist-packages/yolo_msgs-4.2.0-py3.10.egg-info/SOURCES.txt
[6.348s] -- Installing: /home/matsunaga-h/pickup_ws/install/yolo_msgs/local/lib/python3.10/dist-packages/yolo_msgs-4.2.0-py3.10.egg-info/top_level.txt
[6.348s] -- Installing: /home/matsunaga-h/pickup_ws/install/yolo_msgs/local/lib/python3.10/dist-packages/yolo_msgs-4.2.0-py3.10.egg-info/dependency_links.txt
[6.348s] -- Installing: /home/matsunaga-h/pickup_ws/install/yolo_msgs/local/lib/python3.10/dist-packages/yolo_msgs
[6.348s] -- Installing: /home/matsunaga-h/pickup_ws/install/yolo_msgs/local/lib/python3.10/dist-packages/yolo_msgs/_yolo_msgs_s.ep.rosidl_typesupport_c.c
[6.348s] -- Installing: /home/matsunaga-h/pickup_ws/install/yolo_msgs/local/lib/python3.10/dist-packages/yolo_msgs/_yolo_msgs_s.ep.rosidl_typesupport_fastrtps_c.c
[6.348s] -- Installing: /home/matsunaga-h/pickup_ws/install/yolo_msgs/local/lib/python3.10/dist-packages/yolo_msgs/yolo_msgs_s__rosidl_typesupport_fastrtps_c.cpython-310-x86_64-linux-gnu.so
[6.348s] -- Installing: /home/matsunaga-h/pickup_ws/install/yolo_msgs/local/lib/python3.10/dist-packages/yolo_msgs/yolo_msgs_s__rosidl_typesupport_c.cpython-310-x86_64-linux-gnu.so
[6.348s] -- Installing: /home/matsunaga-h/pickup_ws/install/yolo_msgs/local/lib/python3.10/dist-packages/yolo_msgs/libyolo_msgs__rosidl_generator_py.so
[6.348s] -- Installing: /home/matsunaga-h/pickup_ws/install/yolo_msgs/local/lib/python3.10/dist-packages/yolo_msgs/_yolo_msgs_s.ep.rosidl_typesupport_introspection_c.c
[6.348s] -- Installing: /home/matsunaga-h/pickup_ws/install/yolo_msgs/local/lib/python3.10/dist-packages/yolo_msgs/yolo_msgs_s__rosidl_typesupport_introspection_c.cpython-310-x86_64-linux-gnu.so
[6.348s] -- Installing: /home/matsunaga-h/pickup_ws/install/yolo_msgs/local/lib/python3.10/dist-packages/yolo_msgs/__init__.py
[6.348s] -- Installing: /home/matsunaga-h/pickup_ws/install/yolo_msgs/local/lib/python3.10/dist-packages/yolo_msgs/msg
[6.348s] -- Installing: /home/matsunaga-h/pickup_ws/install/yolo_msgs/local/lib/python3.10/dist-packages/yolo_msgs/msg/_bounding_box2_d.py
[6.349s] -- Installing: /home/matsunaga-h/pickup_ws/install/yolo_msgs/local/lib/python3.10/dist-packages/yolo_msgs/msg/_key_point3_d_array.py
[6.349s] -- Installing: /home/matsunaga-h/pickup_ws/install/yolo_msgs/local/lib/python3.10/dist-packages/yolo_msgs/msg/_key_point3_d_s.c
[6.349s] -- Installing: /home/matsunaga-h/pickup_ws/install/yolo_msgs/local/lib/python3.10/dist-packages/yolo_msgs/msg/_vector2_s.c
[6.349s] -- Installing: /home/matsunaga-h/pickup_ws/install/yolo_msgs/local/lib/python3.10/dist-packages/yolo_msgs/msg/_key_point3_d_array_s.c
[6.349s] -- Installing: /home/matsunaga-h/pickup_ws/install/yolo_msgs/local/lib/python3.10/dist-packages/yolo_msgs/msg/_key_point2_d_array.py
[6.349s] -- Installing: /home/matsunaga-h/pickup_ws/install/yolo_msgs/local/lib/python3.10/dist-packages/yolo_msgs/msg/_bounding_box3_d_s.c
[6.349s] -- Installing: /home/matsunaga-h/pickup_ws/install/yolo_msgs/local/lib/python3.10/dist-packages/yolo_msgs/msg/_detection_array.py
[6.349s] -- Installing: /home/matsunaga-h/pickup_ws/install/yolo_msgs/local/lib/python3.10/dist-packages/yolo_msgs/msg/_mask.py
[6.349s] -- Installing: /home/matsunaga-h/pickup_ws/install/yolo_msgs/local/lib/python3.10/dist-packages/yolo_msgs/msg/_pose2_d_s.c
[6.349s] -- Installing: /home/matsunaga-h/pickup_ws/install/yolo_msgs/local/lib/python3.10/dist-packages/yolo_msgs/msg/_key_point2_d_array_s.c
[6.349s] -- Installing: /home/matsunaga-h/pickup_ws/install/yolo_msgs/local/lib/python3.10/dist-packages/yolo_msgs/msg/_point2_d.py
[6.349s] -- Installing: /home/matsunaga-h/pickup_ws/install/yolo_msgs/local/lib/python3.10/dist-packages/yolo_msgs/msg/_detection_s.c
[6.349s] -- Installing: /home/matsunaga-h/pickup_ws/install/yolo_msgs/local/lib/python3.10/dist-packages/yolo_msgs/msg/_mask_s.c
[6.349s] -- Installing: /home/matsunaga-h/pickup_ws/install/yolo_msgs/local/lib/python3.10/dist-packages/yolo_msgs/msg/_bounding_box2_d_s.c
[6.349s] -- Installing: /home/matsunaga-h/pickup_ws/install/yolo_msgs/local/lib/python3.10/dist-packages/yolo_msgs/msg/_vector2.py
[6.349s] -- Installing: /home/matsunaga-h/pickup_ws/install/yolo_msgs/local/lib/python3.10/dist-packages/yolo_msgs/msg/_key_point2_d_s.c
[6.349s] -- Installing: /home/matsunaga-h/pickup_ws/install/yolo_msgs/local/lib/python3.10/dist-packages/yolo_msgs/msg/_key_point2_d.py
[6.349s] -- Installing: /home/matsunaga-h/pickup_ws/install/yolo_msgs/local/lib/python3.10/dist-packages/yolo_msgs/msg/_point2_d_s.c
[6.349s] -- Installing: /home/matsunaga-h/pickup_ws/install/yolo_msgs/local/lib/python3.10/dist-packages/yolo_msgs/msg/__init__.py
[6.349s] -- Installing: /home/matsunaga-h/pickup_ws/install/yolo_msgs/local/lib/python3.10/dist-packages/yolo_msgs/msg/_key_point3_d.py
[6.349s] -- Installing: /home/matsunaga-h/pickup_ws/install/yolo_msgs/local/lib/python3.10/dist-packages/yolo_msgs/msg/_bounding_box3_d.py
[6.349s] -- Installing: /home/matsunaga-h/pickup_ws/install/yolo_msgs/local/lib/python3.10/dist-packages/yolo_msgs/msg/_detection.py
[6.349s] -- Installing: /home/matsunaga-h/pickup_ws/install/yolo_msgs/local/lib/python3.10/dist-packages/yolo_msgs/msg/_detection_array_s.c
[6.349s] -- Installing: /home/matsunaga-h/pickup_ws/install/yolo_msgs/local/lib/python3.10/dist-packages/yolo_msgs/msg/_pose2_d.py
[6.349s] -- Installing: /home/matsunaga-h/pickup_ws/install/yolo_msgs/local/lib/python3.10/dist-packages/yolo_msgs/srv
[6.349s] -- Installing: /home/matsunaga-h/pickup_ws/install/yolo_msgs/local/lib/python3.10/dist-packages/yolo_msgs/srv/_set_classes_s.c
[6.350s] -- Installing: /home/matsunaga-h/pickup_ws/install/yolo_msgs/local/lib/python3.10/dist-packages/yolo_msgs/srv/_set_classes.py
[6.350s] -- Installing: /home/matsunaga-h/pickup_ws/install/yolo_msgs/local/lib/python3.10/dist-packages/yolo_msgs/srv/__init__.py
[6.382s] Listing '/home/matsunaga-h/pickup_ws/install/yolo_msgs/local/lib/python3.10/dist-packages/yolo_msgs'...
[6.382s] Compiling '/home/matsunaga-h/pickup_ws/install/yolo_msgs/local/lib/python3.10/dist-packages/yolo_msgs/__init__.py'...
[6.382s] Listing '/home/matsunaga-h/pickup_ws/install/yolo_msgs/local/lib/python3.10/dist-packages/yolo_msgs/msg'...
[6.382s] Compiling '/home/matsunaga-h/pickup_ws/install/yolo_msgs/local/lib/python3.10/dist-packages/yolo_msgs/msg/__init__.py'...
[6.382s] Compiling '/home/matsunaga-h/pickup_ws/install/yolo_msgs/local/lib/python3.10/dist-packages/yolo_msgs/msg/_bounding_box2_d.py'...
[6.382s] Compiling '/home/matsunaga-h/pickup_ws/install/yolo_msgs/local/lib/python3.10/dist-packages/yolo_msgs/msg/_bounding_box3_d.py'...
[6.382s] Compiling '/home/matsunaga-h/pickup_ws/install/yolo_msgs/local/lib/python3.10/dist-packages/yolo_msgs/msg/_detection.py'...
[6.382s] Compiling '/home/matsunaga-h/pickup_ws/install/yolo_msgs/local/lib/python3.10/dist-packages/yolo_msgs/msg/_detection_array.py'...
[6.382s] Compiling '/home/matsunaga-h/pickup_ws/install/yolo_msgs/local/lib/python3.10/dist-packages/yolo_msgs/msg/_key_point2_d.py'...
[6.382s] Compiling '/home/matsunaga-h/pickup_ws/install/yolo_msgs/local/lib/python3.10/dist-packages/yolo_msgs/msg/_key_point2_d_array.py'...
[6.382s] Compiling '/home/matsunaga-h/pickup_ws/install/yolo_msgs/local/lib/python3.10/dist-packages/yolo_msgs/msg/_key_point3_d.py'...
[6.382s] Compiling '/home/matsunaga-h/pickup_ws/install/yolo_msgs/local/lib/python3.10/dist-packages/yolo_msgs/msg/_key_point3_d_array.py'...
[6.382s] Compiling '/home/matsunaga-h/pickup_ws/install/yolo_msgs/local/lib/python3.10/dist-packages/yolo_msgs/msg/_mask.py'...
[6.382s] Compiling '/home/matsunaga-h/pickup_ws/install/yolo_msgs/local/lib/python3.10/dist-packages/yolo_msgs/msg/_point2_d.py'...
[6.382s] Compiling '/home/matsunaga-h/pickup_ws/install/yolo_msgs/local/lib/python3.10/dist-packages/yolo_msgs/msg/_pose2_d.py'...
[6.383s] Compiling '/home/matsunaga-h/pickup_ws/install/yolo_msgs/local/lib/python3.10/dist-packages/yolo_msgs/msg/_vector2.py'...
[6.383s] Listing '/home/matsunaga-h/pickup_ws/install/yolo_msgs/local/lib/python3.10/dist-packages/yolo_msgs/srv'...
[6.383s] Compiling '/home/matsunaga-h/pickup_ws/install/yolo_msgs/local/lib/python3.10/dist-packages/yolo_msgs/srv/__init__.py'...
[6.383s] Compiling '/home/matsunaga-h/pickup_ws/install/yolo_msgs/local/lib/python3.10/dist-packages/yolo_msgs/srv/_set_classes.py'...
[6.385s] -- Installing: /home/matsunaga-h/pickup_ws/install/yolo_msgs/local/lib/python3.10/dist-packages/yolo_msgs/yolo_msgs_s__rosidl_typesupport_fastrtps_c.cpython-310-x86_64-linux-gnu.so
[6.385s] -- Set runtime path of "/home/matsunaga-h/pickup_ws/install/yolo_msgs/local/lib/python3.10/dist-packages/yolo_msgs/yolo_msgs_s__rosidl_typesupport_fastrtps_c.cpython-310-x86_64-linux-gnu.so" to ""
[6.386s] -- Installing: /home/matsunaga-h/pickup_ws/install/yolo_msgs/local/lib/python3.10/dist-packages/yolo_msgs/yolo_msgs_s__rosidl_typesupport_introspection_c.cpython-310-x86_64-linux-gnu.so
[6.386s] -- Set runtime path of "/home/matsunaga-h/pickup_ws/install/yolo_msgs/local/lib/python3.10/dist-packages/yolo_msgs/yolo_msgs_s__rosidl_typesupport_introspection_c.cpython-310-x86_64-linux-gnu.so" to ""
[6.386s] -- Installing: /home/matsunaga-h/pickup_ws/install/yolo_msgs/local/lib/python3.10/dist-packages/yolo_msgs/yolo_msgs_s__rosidl_typesupport_c.cpython-310-x86_64-linux-gnu.so
[6.386s] -- Set runtime path of "/home/matsunaga-h/pickup_ws/install/yolo_msgs/local/lib/python3.10/dist-packages/yolo_msgs/yolo_msgs_s__rosidl_typesupport_c.cpython-310-x86_64-linux-gnu.so" to ""
[6.386s] -- Installing: /home/matsunaga-h/pickup_ws/install/yolo_msgs/lib/libyolo_msgs__rosidl_generator_py.so
[6.386s] -- Set runtime path of "/home/matsunaga-h/pickup_ws/install/yolo_msgs/lib/libyolo_msgs__rosidl_generator_py.so" to ""
[6.386s] -- Installing: /home/matsunaga-h/pickup_ws/install/yolo_msgs/share/yolo_msgs/msg/Point2D.idl
[6.386s] -- Installing: /home/matsunaga-h/pickup_ws/install/yolo_msgs/share/yolo_msgs/msg/Vector2.idl
[6.386s] -- Installing: /home/matsunaga-h/pickup_ws/install/yolo_msgs/share/yolo_msgs/msg/Pose2D.idl
[6.386s] -- Installing: /home/matsunaga-h/pickup_ws/install/yolo_msgs/share/yolo_msgs/msg/BoundingBox2D.idl
[6.386s] -- Installing: /home/matsunaga-h/pickup_ws/install/yolo_msgs/share/yolo_msgs/msg/BoundingBox3D.idl
[6.386s] -- Installing: /home/matsunaga-h/pickup_ws/install/yolo_msgs/share/yolo_msgs/msg/Mask.idl
[6.386s] -- Installing: /home/matsunaga-h/pickup_ws/install/yolo_msgs/share/yolo_msgs/msg/KeyPoint2D.idl
[6.386s] -- Installing: /home/matsunaga-h/pickup_ws/install/yolo_msgs/share/yolo_msgs/msg/KeyPoint2DArray.idl
[6.386s] -- Installing: /home/matsunaga-h/pickup_ws/install/yolo_msgs/share/yolo_msgs/msg/KeyPoint3D.idl
[6.386s] -- Installing: /home/matsunaga-h/pickup_ws/install/yolo_msgs/share/yolo_msgs/msg/KeyPoint3DArray.idl
[6.387s] -- Installing: /home/matsunaga-h/pickup_ws/install/yolo_msgs/share/yolo_msgs/msg/Detection.idl
[6.387s] -- Installing: /home/matsunaga-h/pickup_ws/install/yolo_msgs/share/yolo_msgs/msg/DetectionArray.idl
[6.387s] -- Installing: /home/matsunaga-h/pickup_ws/install/yolo_msgs/share/yolo_msgs/srv/SetClasses.idl
[6.387s] -- Installing: /home/matsunaga-h/pickup_ws/install/yolo_msgs/share/yolo_msgs/msg/Point2D.msg
[6.387s] -- Installing: /home/matsunaga-h/pickup_ws/install/yolo_msgs/share/yolo_msgs/msg/Vector2.msg
[6.387s] -- Installing: /home/matsunaga-h/pickup_ws/install/yolo_msgs/share/yolo_msgs/msg/Pose2D.msg
[6.387s] -- Installing: /home/matsunaga-h/pickup_ws/install/yolo_msgs/share/yolo_msgs/msg/BoundingBox2D.msg
[6.387s] -- Installing: /home/matsunaga-h/pickup_ws/install/yolo_msgs/share/yolo_msgs/msg/BoundingBox3D.msg
[6.387s] -- Installing: /home/matsunaga-h/pickup_ws/install/yolo_msgs/share/yolo_msgs/msg/Mask.msg
[6.387s] -- Installing: /home/matsunaga-h/pickup_ws/install/yolo_msgs/share/yolo_msgs/msg/KeyPoint2D.msg
[6.387s] -- Installing: /home/matsunaga-h/pickup_ws/install/yolo_msgs/share/yolo_msgs/msg/KeyPoint2DArray.msg
[6.387s] -- Installing: /home/matsunaga-h/pickup_ws/install/yolo_msgs/share/yolo_msgs/msg/KeyPoint3D.msg
[6.387s] -- Installing: /home/matsunaga-h/pickup_ws/install/yolo_msgs/share/yolo_msgs/msg/KeyPoint3DArray.msg
[6.387s] -- Installing: /home/matsunaga-h/pickup_ws/install/yolo_msgs/share/yolo_msgs/msg/Detection.msg
[6.387s] -- Installing: /home/matsunaga-h/pickup_ws/install/yolo_msgs/share/yolo_msgs/msg/DetectionArray.msg
[6.387s] -- Installing: /home/matsunaga-h/pickup_ws/install/yolo_msgs/share/yolo_msgs/srv/SetClasses.srv
[6.387s] -- Installing: /home/matsunaga-h/pickup_ws/install/yolo_msgs/share/yolo_msgs/srv/SetClasses_Request.msg
[6.388s] -- Installing: /home/matsunaga-h/pickup_ws/install/yolo_msgs/share/yolo_msgs/srv/SetClasses_Response.msg
[6.388s] -- Installing: /home/matsunaga-h/pickup_ws/install/yolo_msgs/share/ament_index/resource_index/package_run_dependencies/yolo_msgs
[6.388s] -- Installing: /home/matsunaga-h/pickup_ws/install/yolo_msgs/share/ament_index/resource_index/parent_prefix_path/yolo_msgs
[6.388s] -- Installing: /home/matsunaga-h/pickup_ws/install/yolo_msgs/share/yolo_msgs/environment/ament_prefix_path.sh
[6.388s] -- Installing: /home/matsunaga-h/pickup_ws/install/yolo_msgs/share/yolo_msgs/environment/ament_prefix_path.dsv
[6.388s] -- Installing: /home/matsunaga-h/pickup_ws/install/yolo_msgs/share/yolo_msgs/environment/path.sh
[6.388s] -- Installing: /home/matsunaga-h/pickup_ws/install/yolo_msgs/share/yolo_msgs/environment/path.dsv
[6.388s] -- Installing: /home/matsunaga-h/pickup_ws/install/yolo_msgs/share/yolo_msgs/local_setup.bash
[6.388s] -- Installing: /home/matsunaga-h/pickup_ws/install/yolo_msgs/share/yolo_msgs/local_setup.sh
[6.388s] -- Installing: /home/matsunaga-h/pickup_ws/install/yolo_msgs/share/yolo_msgs/local_setup.zsh
[6.388s] -- Installing: /home/matsunaga-h/pickup_ws/install/yolo_msgs/share/yolo_msgs/local_setup.dsv
[6.388s] -- Installing: /home/matsunaga-h/pickup_ws/install/yolo_msgs/share/yolo_msgs/package.dsv
[6.388s] -- Installing: /home/matsunaga-h/pickup_ws/install/yolo_msgs/share/ament_index/resource_index/packages/yolo_msgs
[6.388s] -- Installing: /home/matsunaga-h/pickup_ws/install/yolo_msgs/share/yolo_msgs/cmake/export_yolo_msgs__rosidl_generator_cExport.cmake
[6.388s] -- Installing: /home/matsunaga-h/pickup_ws/install/yolo_msgs/share/yolo_msgs/cmake/export_yolo_msgs__rosidl_generator_cExport-noconfig.cmake
[6.388s] -- Installing: /home/matsunaga-h/pickup_ws/install/yolo_msgs/share/yolo_msgs/cmake/export_yolo_msgs__rosidl_typesupport_fastrtps_cExport.cmake
[6.389s] -- Installing: /home/matsunaga-h/pickup_ws/install/yolo_msgs/share/yolo_msgs/cmake/export_yolo_msgs__rosidl_typesupport_fastrtps_cExport-noconfig.cmake
[6.389s] -- Installing: /home/matsunaga-h/pickup_ws/install/yolo_msgs/share/yolo_msgs/cmake/yolo_msgs__rosidl_typesupport_introspection_cExport.cmake
[6.389s] -- Installing: /home/matsunaga-h/pickup_ws/install/yolo_msgs/share/yolo_msgs/cmake/yolo_msgs__rosidl_typesupport_introspection_cExport-noconfig.cmake
[6.389s] -- Installing: /home/matsunaga-h/pickup_ws/install/yolo_msgs/share/yolo_msgs/cmake/yolo_msgs__rosidl_typesupport_cExport.cmake
[6.389s] -- Installing: /home/matsunaga-h/pickup_ws/install/yolo_msgs/share/yolo_msgs/cmake/yolo_msgs__rosidl_typesupport_cExport-noconfig.cmake
[6.389s] -- Installing: /home/matsunaga-h/pickup_ws/install/yolo_msgs/share/yolo_msgs/cmake/export_yolo_msgs__rosidl_generator_cppExport.cmake
[6.389s] -- Installing: /home/matsunaga-h/pickup_ws/install/yolo_msgs/share/yolo_msgs/cmake/export_yolo_msgs__rosidl_typesupport_fastrtps_cppExport.cmake
[6.389s] -- Installing: /home/matsunaga-h/pickup_ws/install/yolo_msgs/share/yolo_msgs/cmake/export_yolo_msgs__rosidl_typesupport_fastrtps_cppExport-noconfig.cmake
[6.389s] -- Installing: /home/matsunaga-h/pickup_ws/install/yolo_msgs/share/yolo_msgs/cmake/yolo_msgs__rosidl_typesupport_introspection_cppExport.cmake
[6.389s] -- Installing: /home/matsunaga-h/pickup_ws/install/yolo_msgs/share/yolo_msgs/cmake/yolo_msgs__rosidl_typesupport_introspection_cppExport-noconfig.cmake
[6.389s] -- Installing: /home/matsunaga-h/pickup_ws/install/yolo_msgs/share/yolo_msgs/cmake/yolo_msgs__rosidl_typesupport_cppExport.cmake
[6.389s] -- Installing: /home/matsunaga-h/pickup_ws/install/yolo_msgs/share/yolo_msgs/cmake/yolo_msgs__rosidl_typesupport_cppExport-noconfig.cmake
[6.389s] -- Installing: /home/matsunaga-h/pickup_ws/install/yolo_msgs/share/yolo_msgs/cmake/export_yolo_msgs__rosidl_generator_pyExport.cmake
[6.389s] -- Installing: /home/matsunaga-h/pickup_ws/install/yolo_msgs/share/yolo_msgs/cmake/export_yolo_msgs__rosidl_generator_pyExport-noconfig.cmake
[6.389s] -- Installing: /home/matsunaga-h/pickup_ws/install/yolo_msgs/share/yolo_msgs/cmake/rosidl_cmake-extras.cmake
[6.389s] -- Installing: /home/matsunaga-h/pickup_ws/install/yolo_msgs/share/yolo_msgs/cmake/ament_cmake_export_dependencies-extras.cmake
[6.389s] -- Installing: /home/matsunaga-h/pickup_ws/install/yolo_msgs/share/yolo_msgs/cmake/ament_cmake_export_include_directories-extras.cmake
[6.390s] -- Installing: /home/matsunaga-h/pickup_ws/install/yolo_msgs/share/yolo_msgs/cmake/ament_cmake_export_libraries-extras.cmake
[6.390s] -- Installing: /home/matsunaga-h/pickup_ws/install/yolo_msgs/share/yolo_msgs/cmake/ament_cmake_export_targets-extras.cmake
[6.390s] -- Installing: /home/matsunaga-h/pickup_ws/install/yolo_msgs/share/yolo_msgs/cmake/rosidl_cmake_export_typesupport_targets-extras.cmake
[6.390s] -- Installing: /home/matsunaga-h/pickup_ws/install/yolo_msgs/share/yolo_msgs/cmake/rosidl_cmake_export_typesupport_libraries-extras.cmake
[6.390s] -- Installing: /home/matsunaga-h/pickup_ws/install/yolo_msgs/share/yolo_msgs/cmake/yolo_msgsConfig.cmake
[6.390s] -- Installing: /home/matsunaga-h/pickup_ws/install/yolo_msgs/share/yolo_msgs/cmake/yolo_msgsConfig-version.cmake
[6.390s] -- Installing: /home/matsunaga-h/pickup_ws/install/yolo_msgs/share/yolo_msgs/package.xml
[6.392s] Invoked command in '/home/matsunaga-h/pickup_ws/build/yolo_msgs' returned '0': CMAKE_PREFIX_PATH=/home/matsunaga-h/pickup_ws/install/vacuum_switch:/home/matsunaga-h/pickup_ws/install/my_package:/home/matsunaga-h/pickup_ws/install/air_pkg:/opt/ros/humble /usr/bin/cmake --install /home/matsunaga-h/pickup_ws/build/yolo_msgs
