[0.541s] Invoking command in '/home/matsunaga-h/pickup_ws/src/air_pkg': PYTHONPATH=/home/matsunaga-h/pickup_ws/build/air_pkg/prefix_override:/usr/lib/python3/dist-packages/colcon_core/task/python/colcon_distutils_commands:/home/matsunaga-h/pickup_ws/install/air_pkg/lib/python3.10/site-packages:${PYTHONPATH} /usr/bin/python3 -W ignore:setup.py install is deprecated -W ignore:easy_install command is deprecated setup.py egg_info --egg-base ../../build/air_pkg build --build-base /home/matsunaga-h/pickup_ws/build/air_pkg/build install --record /home/matsunaga-h/pickup_ws/build/air_pkg/install.log --single-version-externally-managed install_data
[0.686s] running egg_info
[0.686s] writing ../../build/air_pkg/air_pkg.egg-info/PKG-INFO
[0.686s] writing dependency_links to ../../build/air_pkg/air_pkg.egg-info/dependency_links.txt
[0.686s] writing entry points to ../../build/air_pkg/air_pkg.egg-info/entry_points.txt
[0.687s] writing requirements to ../../build/air_pkg/air_pkg.egg-info/requires.txt
[0.687s] writing top-level names to ../../build/air_pkg/air_pkg.egg-info/top_level.txt
[0.687s] reading manifest file '../../build/air_pkg/air_pkg.egg-info/SOURCES.txt'
[0.690s] writing manifest file '../../build/air_pkg/air_pkg.egg-info/SOURCES.txt'
[0.690s] running build
[0.690s] running build_py
[0.691s] copying air_pkg/arduino_reader.py -> /home/matsunaga-h/pickup_ws/build/air_pkg/build/lib/air_pkg
[0.691s] copying air_pkg/hello_node.py -> /home/matsunaga-h/pickup_ws/build/air_pkg/build/lib/air_pkg
[0.691s] copying air_pkg/__init__.py -> /home/matsunaga-h/pickup_ws/build/air_pkg/build/lib/air_pkg
[0.691s] running install
[0.691s] running install_lib
[0.691s] copying /home/matsunaga-h/pickup_ws/build/air_pkg/build/lib/air_pkg/arduino_reader.py -> /home/matsunaga-h/pickup_ws/install/air_pkg/lib/python3.10/site-packages/air_pkg
[0.691s] copying /home/matsunaga-h/pickup_ws/build/air_pkg/build/lib/air_pkg/hello_node.py -> /home/matsunaga-h/pickup_ws/install/air_pkg/lib/python3.10/site-packages/air_pkg
[0.692s] copying /home/matsunaga-h/pickup_ws/build/air_pkg/build/lib/air_pkg/__init__.py -> /home/matsunaga-h/pickup_ws/install/air_pkg/lib/python3.10/site-packages/air_pkg
[0.692s] byte-compiling /home/matsunaga-h/pickup_ws/install/air_pkg/lib/python3.10/site-packages/air_pkg/arduino_reader.py to arduino_reader.cpython-310.pyc
[0.692s] byte-compiling /home/matsunaga-h/pickup_ws/install/air_pkg/lib/python3.10/site-packages/air_pkg/hello_node.py to hello_node.cpython-310.pyc
[0.692s] byte-compiling /home/matsunaga-h/pickup_ws/install/air_pkg/lib/python3.10/site-packages/air_pkg/__init__.py to __init__.cpython-310.pyc
[0.692s] running install_data
[0.692s] copying resource/air_pkg -> /home/matsunaga-h/pickup_ws/install/air_pkg/share/ament_index/resource_index/packages
[0.693s] copying package.xml -> /home/matsunaga-h/pickup_ws/install/air_pkg/share/air_pkg
[0.693s] running install_egg_info
[0.694s] removing '/home/matsunaga-h/pickup_ws/install/air_pkg/lib/python3.10/site-packages/air_pkg-0.0.0-py3.10.egg-info' (and everything under it)
[0.694s] Copying ../../build/air_pkg/air_pkg.egg-info to /home/matsunaga-h/pickup_ws/install/air_pkg/lib/python3.10/site-packages/air_pkg-0.0.0-py3.10.egg-info
[0.694s] running install_scripts
[0.708s] Installing arduino_reader script to /home/matsunaga-h/pickup_ws/install/air_pkg/lib/air_pkg
[0.708s] Installing hello_node script to /home/matsunaga-h/pickup_ws/install/air_pkg/lib/air_pkg
[0.708s] writing list of installed files to '/home/matsunaga-h/pickup_ws/build/air_pkg/install.log'
[0.730s] Invoked command in '/home/matsunaga-h/pickup_ws/src/air_pkg' returned '0': PYTHONPATH=/home/matsunaga-h/pickup_ws/build/air_pkg/prefix_override:/usr/lib/python3/dist-packages/colcon_core/task/python/colcon_distutils_commands:/home/matsunaga-h/pickup_ws/install/air_pkg/lib/python3.10/site-packages:${PYTHONPATH} /usr/bin/python3 -W ignore:setup.py install is deprecated -W ignore:easy_install command is deprecated setup.py egg_info --egg-base ../../build/air_pkg build --build-base /home/matsunaga-h/pickup_ws/build/air_pkg/build install --record /home/matsunaga-h/pickup_ws/build/air_pkg/install.log --single-version-externally-managed install_data
