running egg_info
creating ../build/air_pkg/air_pkg.egg-info
writing ../build/air_pkg/air_pkg.egg-info/PKG-INFO
writing dependency_links to ../build/air_pkg/air_pkg.egg-info/dependency_links.txt
writing entry points to ../build/air_pkg/air_pkg.egg-info/entry_points.txt
writing requirements to ../build/air_pkg/air_pkg.egg-info/requires.txt
writing top-level names to ../build/air_pkg/air_pkg.egg-info/top_level.txt
writing manifest file '../build/air_pkg/air_pkg.egg-info/SOURCES.txt'
reading manifest file '../build/air_pkg/air_pkg.egg-info/SOURCES.txt'
writing manifest file '../build/air_pkg/air_pkg.egg-info/SOURCES.txt'
running build
running build_py
creating /home/matsunaga-h/pickup_ws/build/air_pkg/build
creating /home/matsunaga-h/pickup_ws/build/air_pkg/build/lib
creating /home/matsunaga-h/pickup_ws/build/air_pkg/build/lib/air_pkg
copying air_pkg/hello.py -> /home/matsunaga-h/pickup_ws/build/air_pkg/build/lib/air_pkg
copying air_pkg/__init__.py -> /home/matsunaga-h/pickup_ws/build/air_pkg/build/lib/air_pkg
running install
running install_lib
creating /home/matsunaga-h/pickup_ws/install/air_pkg/lib/python3.10/site-packages/air_pkg
copying /home/matsunaga-h/pickup_ws/build/air_pkg/build/lib/air_pkg/hello.py -> /home/matsunaga-h/pickup_ws/install/air_pkg/lib/python3.10/site-packages/air_pkg
copying /home/matsunaga-h/pickup_ws/build/air_pkg/build/lib/air_pkg/__init__.py -> /home/matsunaga-h/pickup_ws/install/air_pkg/lib/python3.10/site-packages/air_pkg
byte-compiling /home/matsunaga-h/pickup_ws/install/air_pkg/lib/python3.10/site-packages/air_pkg/hello.py to hello.cpython-310.pyc
byte-compiling /home/matsunaga-h/pickup_ws/install/air_pkg/lib/python3.10/site-packages/air_pkg/__init__.py to __init__.cpython-310.pyc
running install_data
creating /home/matsunaga-h/pickup_ws/install/air_pkg/share/ament_index
creating /home/matsunaga-h/pickup_ws/install/air_pkg/share/ament_index/resource_index
creating /home/matsunaga-h/pickup_ws/install/air_pkg/share/ament_index/resource_index/packages
copying resource/air_pkg -> /home/matsunaga-h/pickup_ws/install/air_pkg/share/ament_index/resource_index/packages
copying package.xml -> /home/matsunaga-h/pickup_ws/install/air_pkg/share/air_pkg
running install_egg_info
Copying ../build/air_pkg/air_pkg.egg-info to /home/matsunaga-h/pickup_ws/install/air_pkg/lib/python3.10/site-packages/air_pkg-0.0.0-py3.10.egg-info
running install_scripts
writing list of installed files to '/home/matsunaga-h/pickup_ws/build/air_pkg/install.log'
