[0.394s] Invoking command in '/home/matsunaga-h/pickup_ws/air_pkg': PYTHONPATH=/home/matsunaga-h/pickup_ws/build/air_pkg/prefix_override:/usr/lib/python3/dist-packages/colcon_core/task/python/colcon_distutils_commands:/home/matsunaga-h/pickup_ws/install/air_pkg/lib/python3.10/site-packages:${PYTHONPATH} /usr/bin/python3 -W ignore:setup.py install is deprecated -W ignore:easy_install command is deprecated setup.py egg_info --egg-base ../build/air_pkg build --build-base /home/matsunaga-h/pickup_ws/build/air_pkg/build install --record /home/matsunaga-h/pickup_ws/build/air_pkg/install.log --single-version-externally-managed install_data
[0.541s] running egg_info
[0.541s] creating ../build/air_pkg/air_pkg.egg-info
[0.541s] writing ../build/air_pkg/air_pkg.egg-info/PKG-INFO
[0.541s] writing dependency_links to ../build/air_pkg/air_pkg.egg-info/dependency_links.txt
[0.541s] writing entry points to ../build/air_pkg/air_pkg.egg-info/entry_points.txt
[0.542s] writing requirements to ../build/air_pkg/air_pkg.egg-info/requires.txt
[0.542s] writing top-level names to ../build/air_pkg/air_pkg.egg-info/top_level.txt
[0.542s] writing manifest file '../build/air_pkg/air_pkg.egg-info/SOURCES.txt'
[0.543s] reading manifest file '../build/air_pkg/air_pkg.egg-info/SOURCES.txt'
[0.543s] writing manifest file '../build/air_pkg/air_pkg.egg-info/SOURCES.txt'
[0.543s] running build
[0.543s] running build_py
[0.543s] creating /home/matsunaga-h/pickup_ws/build/air_pkg/build
[0.543s] creating /home/matsunaga-h/pickup_ws/build/air_pkg/build/lib
[0.543s] creating /home/matsunaga-h/pickup_ws/build/air_pkg/build/lib/air_pkg
[0.543s] copying air_pkg/hello.py -> /home/matsunaga-h/pickup_ws/build/air_pkg/build/lib/air_pkg
[0.543s] copying air_pkg/__init__.py -> /home/matsunaga-h/pickup_ws/build/air_pkg/build/lib/air_pkg
[0.543s] running install
[0.543s] running install_lib
[0.544s] creating /home/matsunaga-h/pickup_ws/install/air_pkg/lib/python3.10/site-packages/air_pkg
[0.544s] copying /home/matsunaga-h/pickup_ws/build/air_pkg/build/lib/air_pkg/hello.py -> /home/matsunaga-h/pickup_ws/install/air_pkg/lib/python3.10/site-packages/air_pkg
[0.544s] copying /home/matsunaga-h/pickup_ws/build/air_pkg/build/lib/air_pkg/__init__.py -> /home/matsunaga-h/pickup_ws/install/air_pkg/lib/python3.10/site-packages/air_pkg
[0.544s] byte-compiling /home/matsunaga-h/pickup_ws/install/air_pkg/lib/python3.10/site-packages/air_pkg/hello.py to hello.cpython-310.pyc
[0.545s] byte-compiling /home/matsunaga-h/pickup_ws/install/air_pkg/lib/python3.10/site-packages/air_pkg/__init__.py to __init__.cpython-310.pyc
[0.545s] running install_data
[0.545s] creating /home/matsunaga-h/pickup_ws/install/air_pkg/share/ament_index
[0.545s] creating /home/matsunaga-h/pickup_ws/install/air_pkg/share/ament_index/resource_index
[0.545s] creating /home/matsunaga-h/pickup_ws/install/air_pkg/share/ament_index/resource_index/packages
[0.545s] copying resource/air_pkg -> /home/matsunaga-h/pickup_ws/install/air_pkg/share/ament_index/resource_index/packages
[0.545s] copying package.xml -> /home/matsunaga-h/pickup_ws/install/air_pkg/share/air_pkg
[0.545s] running install_egg_info
[0.546s] Copying ../build/air_pkg/air_pkg.egg-info to /home/matsunaga-h/pickup_ws/install/air_pkg/lib/python3.10/site-packages/air_pkg-0.0.0-py3.10.egg-info
[0.546s] running install_scripts
[0.559s] writing list of installed files to '/home/matsunaga-h/pickup_ws/build/air_pkg/install.log'
[0.575s] Invoked command in '/home/matsunaga-h/pickup_ws/air_pkg' returned '0': PYTHONPATH=/home/matsunaga-h/pickup_ws/build/air_pkg/prefix_override:/usr/lib/python3/dist-packages/colcon_core/task/python/colcon_distutils_commands:/home/matsunaga-h/pickup_ws/install/air_pkg/lib/python3.10/site-packages:${PYTHONPATH} /usr/bin/python3 -W ignore:setup.py install is deprecated -W ignore:easy_install command is deprecated setup.py egg_info --egg-base ../build/air_pkg build --build-base /home/matsunaga-h/pickup_ws/build/air_pkg/build install --record /home/matsunaga-h/pickup_ws/build/air_pkg/install.log --single-version-externally-managed install_data
